Archive member included because of file (symbol)

..\..\..\..\..\bin\framework\peripheral\PIC32MX795F512L_peripherals.a(peripheral.o)
                              build/default/production/_ext/1360937237/timerCallback.o (PLIB_ADC_SamplingStart)

Optional file libmchp_peripheral.a not found

Optional file libmchp_peripheral_32MX795F512L.a not found
c:/program files (x86)/microchip/xc32/v1.40/bin/bin/../../lib/gcc/pic32mx/4.8.3\libgcc.a(floatunsisf.o)
                              build/default/production/_ext/1688732426/system_interrupt.o (__floatunsisf)
c:/program files (x86)/microchip/xc32/v1.40/bin/bin/../../lib/gcc/pic32mx/4.8.3/../../../../pic32mx/lib\libpic32.a(memcmp.o)
                              build/default/production/_ext/373060831/tasks.o (memcmp)
c:/program files (x86)/microchip/xc32/v1.40/bin/bin/../../lib/gcc/pic32mx/4.8.3/../../../../pic32mx/lib\libpic32.a(memcpy.o)
                              build/default/production/_ext/373060831/queue.o (memcpy)
c:/program files (x86)/microchip/xc32/v1.40/bin/bin/../../lib/gcc/pic32mx/4.8.3/../../../../pic32mx/lib\libpic32.a(memset.o)
                              build/default/production/_ext/373060831/tasks.o (memset)
c:/program files (x86)/microchip/xc32/v1.40/bin/bin/../../lib/gcc/pic32mx/4.8.3/../../../../pic32mx/lib\libpic32.a(default-bootstrap-exception-handler.o)
                              c:/program files (x86)/microchip/xc32/v1.40/bin/bin/../../lib/gcc/pic32mx/4.8.3/../../../../pic32mx/lib/./proc/32MX795F512L/crt0_mips32r2.o (_bootstrap_exception_handler)
c:/program files (x86)/microchip/xc32/v1.40/bin/bin/../../lib/gcc/pic32mx/4.8.3/../../../../pic32mx/lib\libpic32.a(default-on-reset.o)
                              c:/program files (x86)/microchip/xc32/v1.40/bin/bin/../../lib/gcc/pic32mx/4.8.3/../../../../pic32mx/lib/./proc/32MX795F512L/crt0_mips32r2.o (_on_reset)
c:/program files (x86)/microchip/xc32/v1.40/bin/bin/../../lib/gcc/pic32mx/4.8.3/../../../../pic32mx/lib\libpic32.a(default-on-bootstrap.o)
                              c:/program files (x86)/microchip/xc32/v1.40/bin/bin/../../lib/gcc/pic32mx/4.8.3/../../../../pic32mx/lib/./proc/32MX795F512L/crt0_mips32r2.o (_on_bootstrap)
c:/program files (x86)/microchip/xc32/v1.40/bin/bin/../../lib/gcc/pic32mx/4.8.3/../../../../pic32mx/lib\libpic32.a(default-nmi-handler.o)
                              c:/program files (x86)/microchip/xc32/v1.40/bin/bin/../../lib/gcc/pic32mx/4.8.3/../../../../pic32mx/lib/./proc/32MX795F512L/crt0_mips32r2.o (_nmi_handler)
c:/program files (x86)/microchip/xc32/v1.40/bin/bin/../../lib/gcc/pic32mx/4.8.3/../../../../pic32mx/lib\libpic32.a(general-exception.o)
                              c:/program files (x86)/microchip/xc32/v1.40/bin/bin/../../lib/gcc/pic32mx/4.8.3/../../../../pic32mx/lib/./proc/32MX795F512L/crt0_mips32r2.o (_general_exception_context)
c:/program files (x86)/microchip/xc32/v1.40/bin/bin/../../lib/gcc/pic32mx/4.8.3/../../../../pic32mx/lib\libpic32.a(vector0.o)
                              c:/program files (x86)/microchip/xc32/v1.40/bin/bin/../../lib/gcc/pic32mx/4.8.3/../../../../pic32mx/lib/./proc/32MX795F512L\default_isr_vectors.o (__vector_dispatch_0)
c:/program files (x86)/microchip/xc32/v1.40/bin/bin/../../lib/gcc/pic32mx/4.8.3/../../../../pic32mx/lib\libpic32.a(vector2.o)
                              c:/program files (x86)/microchip/xc32/v1.40/bin/bin/../../lib/gcc/pic32mx/4.8.3/../../../../pic32mx/lib/./proc/32MX795F512L\default_isr_vectors.o (__vector_dispatch_2)
c:/program files (x86)/microchip/xc32/v1.40/bin/bin/../../lib/gcc/pic32mx/4.8.3/../../../../pic32mx/lib\libpic32.a(vector3.o)
                              c:/program files (x86)/microchip/xc32/v1.40/bin/bin/../../lib/gcc/pic32mx/4.8.3/../../../../pic32mx/lib/./proc/32MX795F512L\default_isr_vectors.o (__vector_dispatch_3)
c:/program files (x86)/microchip/xc32/v1.40/bin/bin/../../lib/gcc/pic32mx/4.8.3/../../../../pic32mx/lib\libpic32.a(vector5.o)
                              c:/program files (x86)/microchip/xc32/v1.40/bin/bin/../../lib/gcc/pic32mx/4.8.3/../../../../pic32mx/lib/./proc/32MX795F512L\default_isr_vectors.o (__vector_dispatch_5)
c:/program files (x86)/microchip/xc32/v1.40/bin/bin/../../lib/gcc/pic32mx/4.8.3/../../../../pic32mx/lib\libpic32.a(vector6.o)
                              c:/program files (x86)/microchip/xc32/v1.40/bin/bin/../../lib/gcc/pic32mx/4.8.3/../../../../pic32mx/lib/./proc/32MX795F512L\default_isr_vectors.o (__vector_dispatch_6)
c:/program files (x86)/microchip/xc32/v1.40/bin/bin/../../lib/gcc/pic32mx/4.8.3/../../../../pic32mx/lib\libpic32.a(vector7.o)
                              c:/program files (x86)/microchip/xc32/v1.40/bin/bin/../../lib/gcc/pic32mx/4.8.3/../../../../pic32mx/lib/./proc/32MX795F512L\default_isr_vectors.o (__vector_dispatch_7)
c:/program files (x86)/microchip/xc32/v1.40/bin/bin/../../lib/gcc/pic32mx/4.8.3/../../../../pic32mx/lib\libpic32.a(vector8.o)
[...]
Memory Configuration

Name             Origin             Length             Attributes
kseg0_program_mem 0x9d000000         0x00080000         xr
kseg0_boot_mem   0x9fc00490         0x00000970
exception_mem    0x9fc01000         0x00001000
kseg1_boot_mem   0xbfc00000         0x00000490
debug_exec_mem   0xbfc02000         0x00000ff0
config3          0xbfc02ff0         0x00000004
config2          0xbfc02ff4         0x00000004
config1          0xbfc02ff8         0x00000004
config0          0xbfc02ffc         0x00000004
kseg1_data_mem   0xa0000000         0x00020000         w !x
sfrs             0xbf800000         0x00100000
configsfrs       0xbfc02ff0         0x00000010
*default*        0x00000000         0xffffffff

Linker script and memory map

LOAD c:/program files (x86)/microchip/xc32/v1.40/bin/bin/../../lib/gcc/pic32mx/4.8.3/../../../../pic32mx/lib/./proc/32MX795F512L/crt0_mips32r2.o
LOAD c:/program files (x86)/microchip/xc32/v1.40/bin/bin/../../lib/gcc/pic32mx/4.8.3/../../../../pic32mx/lib\debug-exception-return.o
LOAD build/default/production/_ext/1361460060/drv_adc_static.o
LOAD build/default/production/_ext/1047219354/drv_oc_static.o
LOAD build/default/production/_ext/1407244131/drv_tmr_static.o
LOAD build/default/production/_ext/1345626252/drv_usart_static.o
LOAD build/default/production/_ext/639803181/sys_clk_static.o
LOAD build/default/production/_ext/822048611/sys_ports_static.o
LOAD build/default/production/_ext/1688732426/system_init.o
LOAD build/default/production/_ext/1688732426/system_interrupt.o
LOAD build/default/production/_ext/1688732426/system_exceptions.o
LOAD build/default/production/_ext/1688732426/system_tasks.o
LOAD build/default/production/_ext/1688732426/system_interrupt_a.o
LOAD build/default/production/_ext/1688732426/rtos_hooks.o
LOAD build/default/production/_ext/1360937237/main.o
LOAD build/default/production/_ext/1360937237/timerCallback.o
LOAD build/default/production/_ext/1360937237/send.o
LOAD build/default/production/_ext/1360937237/sensor.o
LOAD build/default/production/_ext/1360937237/sender.o
LOAD build/default/production/_ext/1360937237/process.o
LOAD build/default/production/_ext/1360937237/IRarray.o
LOAD build/default/production/_ext/1360937237/receive.o
LOAD build/default/production/_ext/308321468/osal_freertos.o
LOAD build/default/production/_ext/482662494/sys_devcon.o
LOAD build/default/production/_ext/482662494/sys_devcon_pic32mx.o
LOAD build/default/production/_ext/1042686532/sys_int_pic32.o
LOAD build/default/production/_ext/826631961/sys_ports.o
LOAD build/default/production/_ext/1107379230/heap_1.o
LOAD build/default/production/_ext/1282498059/port.o
LOAD build/default/production/_ext/1282498059/port_asm.o
LOAD build/default/production/_ext/373060831/croutine.o
LOAD build/default/production/_ext/373060831/list.o
LOAD build/default/production/_ext/373060831/queue.o
LOAD build/default/production/_ext/373060831/tasks.o
LOAD build/default/production/_ext/373060831/timers.o
LOAD build/default/production/_ext/373060831/event_groups.o
LOAD build/default/production/_ext/1360937237/debug.o
LOAD ..\..\..\..\..\bin\framework\peripheral\PIC32MX795F512L_peripherals.a
                0x00000001                __MPLAB_BUILD = 0x1
                0x00000000                _min_heap_size = 0x0
LOAD c:/program files (x86)/microchip/xc32/v1.40/bin/bin/../../lib/gcc/pic32mx/4.8.3/../../../../pic32mx/lib/./proc/32MX795F512L\default_isr_vectors.o
LOAD c:/program files (x86)/microchip/xc32/v1.40/bin/bin/../../lib/gcc/pic32mx/4.8.3/../../../../pic32mx/lib\pic32_software_reset.o
                0x00000400                PROVIDE (_min_stack_size, 0x400)
LOAD c:/program files (x86)/microchip/xc32/v1.40/bin/bin/../../lib/gcc/pic32mx/4.8.3/../../../../pic32mx/lib/./proc/32MX795F512L\processor.o
START GROUP
LOAD libmchp_peripheral.a
END GROUP
START GROUP
LOAD libmchp_peripheral_32MX795F512L.a
END GROUP
                0x00000001                PROVIDE (_vector_spacing, 0x1)
                0x9fc01000                _ebase_address = 0x9fc01000
                0xbfc00000                _RESET_ADDR = 0xbfc00000
                0xbfc00380                _BEV_EXCPT_ADDR = 0xbfc00380
                0xbfc00480                _DBG_EXCPT_ADDR = 0xbfc00480
                0xbfc02000                _DBG_CODE_ADDR = 0xbfc02000
                0x00000ff0                _DBG_CODE_SIZE = 0xff0
                0x9fc01180                _GEN_EXCPT_ADDR = (_ebase_address + 0x180)

.config_BFC02FF0
                0xbfc02ff0        0x4
 *(.config_BFC02FF0)
 .config_BFC02FF0
                0xbfc02ff0        0x4 build/default/production/_ext/1688732426/system_init.o

.config_BFC02FF4
                0xbfc02ff4        0x4
 *(.config_BFC02FF4)
 .config_BFC02FF4
                0xbfc02ff4        0x4 build/default/production/_ext/1688732426/system_init.o

.config_BFC02FF8
                0xbfc02ff8        0x4
 *(.config_BFC02FF8)
 .config_BFC02FF8
                0xbfc02ff8        0x4 build/default/production/_ext/1688732426/system_init.o

.config_BFC02FFC
                0xbfc02ffc        0x4
 *(.config_BFC02FFC)
 .config_BFC02FFC
                0xbfc02ffc        0x4 build/default/production/_ext/1688732426/system_init.o
                0xbfc02000                PROVIDE (_DBG_CODE_ADDR, 0xbfc02000)
                0x00000ff0                PROVIDE (_DBG_CODE_SIZE, 0xff0)

.reset          0xbfc00000      0x1f4
 *(.reset)
 .reset         0xbfc00000        0x8 c:/program files (x86)/microchip/xc32/v1.40/bin/bin/../../lib/gcc/pic32mx/4.8.3/../../../../pic32mx/lib/./proc/32MX795F512L/crt0_mips32r2.o
                0xbfc00000                _reset
 *(.reset.startup)
 .reset.startup
                0xbfc00008      0x1ec c:/program files (x86)/microchip/xc32/v1.40/bin/bin/../../lib/gcc/pic32mx/4.8.3/../../../../pic32mx/lib/./proc/32MX795F512L/crt0_mips32r2.o

.bev_excpt      0xbfc00380       0x10
 *(.bev_handler)
 .bev_handler   0xbfc00380       0x10 c:/program files (x86)/microchip/xc32/v1.40/bin/bin/../../lib/gcc/pic32mx/4.8.3/../../../../pic32mx/lib/./proc/32MX795F512L/crt0_mips32r2.o

.dbg_excpt      0xbfc00480        0x0
                0xbfc00480                . = (. + DEFINED (_DEBUGGER)?0x8:0x0)

.dbg_code       0xbfc02000        0x0
                0xbfc02000                . = (. + DEFINED (_DEBUGGER)?_DBG_CODE_SIZE:0x0)

.app_excpt      0x9fc01180       0x10
 *(.gen_handler)
 .gen_handler   0x9fc01180       0x10 c:/program files (x86)/microchip/xc32/v1.40/bin/bin/../../lib/gcc/pic32mx/4.8.3/../../../../pic32mx/lib/./proc/32MX795F512L/crt0_mips32r2.o

.vector_0       0x9fc01200        0x8
 *(.vector_0)
 .vector_0      0x9fc01200        0x8 c:/program files (x86)/microchip/xc32/v1.40/bin/bin/../../lib/gcc/pic32mx/4.8.3/../../../../pic32mx/lib\libpic32.a(vector0.o)
                0x9fc01200                __vector_dispatch_0
                0x00000001                ASSERT (((_vector_spacing == 0x0) || (SIZEOF (.vector_0) <= (_vector_spacing << 0x5))), function at exception vector 0 too large)

.vector_1       0x9fc01220        0x8
 *(.vector_1)
 .vector_1      0x9fc01220        0x8 build/default/production/_ext/1282498059/port.o
                0x9fc01220                __vector_dispatch_1
                0x00000001                ASSERT (((_vector_spacing == 0x0) || (SIZEOF (.vector_1) <= (_vector_spacing << 0x5))), function at exception vector 1 too large)

.vector_2       0x9fc01240        0x8
 *(.vector_2)
 .vector_2      0x9fc01240        0x8 c:/program files (x86)/microchip/xc32/v1.40/bin/bin/../../lib/gcc/pic32mx/4.8.3/../../../../pic32mx/lib\libpic32.a(vector2.o)
                0x9fc01240                __vector_dispatch_2
                0x00000001                ASSERT (((_vector_spacing == 0x0) || (SIZEOF (.vector_2) <= (_vector_spacing << 0x5))), function at exception vector 2 too large)

.vector_3       0x9fc01260        0x8
 *(.vector_3)
 .vector_3      0x9fc01260        0x8 c:/program files (x86)/microchip/xc32/v1.40/bin/bin/../../lib/gcc/pic32mx/4.8.3/../../../../pic32mx/lib\libpic32.a(vector3.o)
                0x9fc01260                __vector_dispatch_3
                0x00000001                ASSERT (((_vector_spacing == 0x0) || (SIZEOF (.vector_3) <= (_vector_spacing << 0x5))), function at exception vector 3 too large)

.vector_4       0x9fc01280        0x8
 *(.vector_4)
 .vector_4      0x9fc01280        0x8 build/default/production/_ext/1282498059/port.o
                0x9fc01280                __vector_dispatch_4
                0x00000001                ASSERT (((_vector_spacing == 0x0) || (SIZEOF (.vector_4) <= (_vector_spacing << 0x5))), function at exception vector 4 too large)

.vector_5       0x9fc012a0        0x8
 *(.vector_5)
 .vector_5      0x9fc012a0        0x8 c:/program files (x86)/microchip/xc32/v1.40/bin/bin/../../lib/gcc/pic32mx/4.8.3/../../../../pic32mx/lib\libpic32.a(vector5.o)
                0x9fc012a0                __vector_dispatch_5
                0x00000001                ASSERT (((_vector_spacing == 0x0) || (SIZEOF (.vector_5) <= (_vector_spacing << 0x5))), function at exception vector 5 too large)

.vector_6       0x9fc012c0        0x8
 *(.vector_6)
 .vector_6      0x9fc012c0        0x8 c:/program files (x86)/microchip/xc32/v1.40/bin/bin/../../lib/gcc/pic32mx/4.8.3/../../../../pic32mx/lib\libpic32.a(vector6.o)
                0x9fc012c0                __vector_dispatch_6
                0x00000001                ASSERT (((_vector_spacing == 0x0) || (SIZEOF (.vector_6) <= (_vector_spacing << 0x5))), function at exception vector 6 too large)

.vector_7       0x9fc012e0        0x8
 *(.vector_7)
 .vector_7      0x9fc012e0        0x8 c:/program files (x86)/microchip/xc32/v1.40/bin/bin/../../lib/gcc/pic32mx/4.8.3/../../../../pic32mx/lib\libpic32.a(vector7.o)
                0x9fc012e0                __vector_dispatch_7
                0x00000001                ASSERT (((_vector_spacing == 0x0) || (SIZEOF (.vector_7) <= (_vector_spacing << 0x5))), function at exception vector 7 too large)

.vector_8       0x9fc01300        0x8
 *(.vector_8)
 .vector_8      0x9fc01300        0x8 c:/program files (x86)/microchip/xc32/v1.40/bin/bin/../../lib/gcc/pic32mx/4.8.3/../../../../pic32mx/lib\libpic32.a(vector8.o)
                0x9fc01300                __vector_dispatch_8
                0x00000001                ASSERT (((_vector_spacing == 0x0) || (SIZEOF (.vector_8) <= (_vector_spacing << 0x5))), function at exception vector 8 too large)

.vector_9       0x9fc01320        0x8
 *(.vector_9)
 .vector_9      0x9fc01320        0x8 c:/program files (x86)/microchip/xc32/v1.40/bin/bin/../../lib/gcc/pic32mx/4.8.3/../../../../pic32mx/lib\libpic32.a(vector9.o)
                0x9fc01320                __vector_dispatch_9
                0x00000001                ASSERT (((_vector_spacing == 0x0) || (SIZEOF (.vector_9) <= (_vector_spacing << 0x5))), function at exception vector 9 too large)

.vector_10      0x9fc01340        0x8
 *(.vector_10)
 .vector_10     0x9fc01340        0x8 c:/program files (x86)/microchip/xc32/v1.40/bin/bin/../../lib/gcc/pic32mx/4.8.3/../../../../pic32mx/lib\libpic32.a(vector10.o)
                0x9fc01340                __vector_dispatch_10
                0x00000001                ASSERT (((_vector_spacing == 0x0) || (SIZEOF (.vector_10) <= (_vector_spacing << 0x5))), function at exception vector 10 too large)

.vector_11      0x9fc01360        0x8
 *(.vector_11)
 .vector_11     0x9fc01360        0x8 c:/program files (x86)/microchip/xc32/v1.40/bin/bin/../../lib/gcc/pic32mx/4.8.3/../../../../pic32mx/lib\libpic32.a(vector11.o)
                0x9fc01360                __vector_dispatch_11
                0x00000001                ASSERT (((_vector_spacing == 0x0) || (SIZEOF (.vector_11) <= (_vector_spacing << 0x5))), function at exception vector 11 too large)

.vector_12      0x9fc01380        0x8
 *(.vector_12)
 .vector_12     0x9fc01380        0x8 c:/program files (x86)/microchip/xc32/v1.40/bin/bin/../../lib/gcc/pic32mx/4.8.3/../../../../pic32mx/lib\libpic32.a(vector12.o)
                0x9fc01380                __vector_dispatch_12
                0x00000001                ASSERT (((_vector_spacing == 0x0) || (SIZEOF (.vector_12) <= (_vector_spacing << 0x5))), function at exception vector 12 too large)

.vector_13      0x9fc013a0        0x8
 *(.vector_13)
 .vector_13     0x9fc013a0        0x8 c:/program files (x86)/microchip/xc32/v1.40/bin/bin/../../lib/gcc/pic32mx/4.8.3/../../../../pic32mx/lib\libpic32.a(vector13.o)
                0x9fc013a0                __vector_dispatch_13
                0x00000001                ASSERT (((_vector_spacing == 0x0) || (SIZEOF (.vector_13) <= (_vector_spacing << 0x5))), function at exception vector 13 too large)

.vector_14      0x9fc013c0        0x8
 *(.vector_14)
 .vector_14     0x9fc013c0        0x8 c:/program files (x86)/microchip/xc32/v1.40/bin/bin/../../lib/gcc/pic32mx/4.8.3/../../../../pic32mx/lib\libpic32.a(vector14.o)
                0x9fc013c0                __vector_dispatch_14
                0x00000001                ASSERT (((_vector_spacing == 0x0) || (SIZEOF (.vector_14) <= (_vector_spacing << 0x5))), function at exception vector 14 too large)

.vector_15      0x9fc013e0        0x8
 *(.vector_15)
 .vector_15     0x9fc013e0        0x8 c:/program files (x86)/microchip/xc32/v1.40/bin/bin/../../lib/gcc/pic32mx/4.8.3/../../../../pic32mx/lib\libpic32.a(vector15.o)
                0x9fc013e0                __vector_dispatch_15
                0x00000001                ASSERT (((_vector_spacing == 0x0) || (SIZEOF (.vector_15) <= (_vector_spacing << 0x5))), function at exception vector 15 too large)

.vector_16      0x9fc01400        0x8
 *(.vector_16)
 .vector_16     0x9fc01400        0x8 c:/program files (x86)/microchip/xc32/v1.40/bin/bin/../../lib/gcc/pic32mx/4.8.3/../../../../pic32mx/lib\libpic32.a(vector16.o)
                0x9fc01400                __vector_dispatch_16
                0x00000001                ASSERT (((_vector_spacing == 0x0) || (SIZEOF (.vector_16) <= (_vector_spacing << 0x5))), function at exception vector 16 too large)

.vector_17      0x9fc01420        0x8
 *(.vector_17)
 .vector_17     0x9fc01420        0x8 c:/program files (x86)/microchip/xc32/v1.40/bin/bin/../../lib/gcc/pic32mx/4.8.3/../../../../pic32mx/lib\libpic32.a(vector17.o)
                0x9fc01420                __vector_dispatch_17
                0x00000001                ASSERT (((_vector_spacing == 0x0) || (SIZEOF (.vector_17) <= (_vector_spacing << 0x5))), function at exception vector 17 too large)

.vector_18      0x9fc01440        0x8
 *(.vector_18)
 .vector_18     0x9fc01440        0x8 c:/program files (x86)/microchip/xc32/v1.40/bin/bin/../../lib/gcc/pic32mx/4.8.3/../../../../pic32mx/lib\libpic32.a(vector18.o)
                0x9fc01440                __vector_dispatch_18
                0x00000001                ASSERT (((_vector_spacing == 0x0) || (SIZEOF (.vector_18) <= (_vector_spacing << 0x5))), function at exception vector 18 too large)

.vector_19      0x9fc01460        0x8
 *(.vector_19)
 .vector_19     0x9fc01460        0x8 c:/program files (x86)/microchip/xc32/v1.40/bin/bin/../../lib/gcc/pic32mx/4.8.3/../../../../pic32mx/lib\libpic32.a(vector19.o)
                0x9fc01460                __vector_dispatch_19
                0x00000001                ASSERT (((_vector_spacing == 0x0) || (SIZEOF (.vector_19) <= (_vector_spacing << 0x5))), function at exception vector 19 too large)

.vector_20      0x9fc01480        0x8
 *(.vector_20)
 .vector_20     0x9fc01480        0x8 c:/program files (x86)/microchip/xc32/v1.40/bin/bin/../../lib/gcc/pic32mx/4.8.3/../../../../pic32mx/lib\libpic32.a(vector20.o)
                0x9fc01480                __vector_dispatch_20
                0x00000001                ASSERT (((_vector_spacing == 0x0) || (SIZEOF (.vector_20) <= (_vector_spacing << 0x5))), function at exception vector 20 too large)

.vector_21      0x9fc014a0        0x8
 *(.vector_21)
 .vector_21     0x9fc014a0        0x8 c:/program files (x86)/microchip/xc32/v1.40/bin/bin/../../lib/gcc/pic32mx/4.8.3/../../../../pic32mx/lib\libpic32.a(vector21.o)
                0x9fc014a0                __vector_dispatch_21
                0x00000001                ASSERT (((_vector_spacing == 0x0) || (SIZEOF (.vector_21) <= (_vector_spacing << 0x5))), function at exception vector 21 too large)

.vector_22      0x9fc014c0        0x8
 *(.vector_22)
 .vector_22     0x9fc014c0        0x8 c:/program files (x86)/microchip/xc32/v1.40/bin/bin/../../lib/gcc/pic32mx/4.8.3/../../../../pic32mx/lib\libpic32.a(vector22.o)
                0x9fc014c0                __vector_dispatch_22
                0x00000001                ASSERT (((_vector_spacing == 0x0) || (SIZEOF (.vector_22) <= (_vector_spacing << 0x5))), function at exception vector 22 too large)

.vector_23      0x9fc014e0        0x8
 *(.vector_23)
 .vector_23     0x9fc014e0        0x8 c:/program files (x86)/microchip/xc32/v1.40/bin/bin/../../lib/gcc/pic32mx/4.8.3/../../../../pic32mx/lib\libpic32.a(vector23.o)
                0x9fc014e0                __vector_dispatch_23
                0x00000001                ASSERT (((_vector_spacing == 0x0) || (SIZEOF (.vector_23) <= (_vector_spacing << 0x5))), function at exception vector 23 too large)

.vector_24      0x9fc01500       0x10
 *(.vector_24)
 .vector_24     0x9fc01500       0x10 build/default/production/_ext/1688732426/system_interrupt_a.o
                0x9fc01500                __vector_dispatch_24
                0x00000001                ASSERT (((_vector_spacing == 0x0) || (SIZEOF (.vector_24) <= (_vector_spacing << 0x5))), function at exception vector 24 too large)

.vector_25      0x9fc01520        0x8
 *(.vector_25)
 .vector_25     0x9fc01520        0x8 c:/program files (x86)/microchip/xc32/v1.40/bin/bin/../../lib/gcc/pic32mx/4.8.3/../../../../pic32mx/lib\libpic32.a(vector25.o)
                0x9fc01520                __vector_dispatch_25
                0x00000001                ASSERT (((_vector_spacing == 0x0) || (SIZEOF (.vector_25) <= (_vector_spacing << 0x5))), function at exception vector 25 too large)

.vector_26      0x9fc01540        0x8
 *(.vector_26)
 .vector_26     0x9fc01540        0x8 c:/program files (x86)/microchip/xc32/v1.40/bin/bin/../../lib/gcc/pic32mx/4.8.3/../../../../pic32mx/lib\libpic32.a(vector26.o)
                0x9fc01540                __vector_dispatch_26
                0x00000001                ASSERT (((_vector_spacing == 0x0) || (SIZEOF (.vector_26) <= (_vector_spacing << 0x5))), function at exception vector 26 too large)

.vector_27      0x9fc01560       0x10
 *(.vector_27)
 .vector_27     0x9fc01560       0x10 build/default/production/_ext/1688732426/system_interrupt_a.o
                0x9fc01560                __vector_dispatch_27
                0x00000001                ASSERT (((_vector_spacing == 0x0) || (SIZEOF (.vector_27) <= (_vector_spacing << 0x5))), function at exception vector 27 too large)

.vector_28      0x9fc01580        0x8
 *(.vector_28)
 .vector_28     0x9fc01580        0x8 c:/program files (x86)/microchip/xc32/v1.40/bin/bin/../../lib/gcc/pic32mx/4.8.3/../../../../pic32mx/lib\libpic32.a(vector28.o)
                0x9fc01580                __vector_dispatch_28
                0x00000001                ASSERT (((_vector_spacing == 0x0) || (SIZEOF (.vector_28) <= (_vector_spacing << 0x5))), function at exception vector 28 too large)

.vector_29      0x9fc015a0        0x8
 *(.vector_29)
 .vector_29     0x9fc015a0        0x8 c:/program files (x86)/microchip/xc32/v1.40/bin/bin/../../lib/gcc/pic32mx/4.8.3/../../../../pic32mx/lib\libpic32.a(vector29.o)
                0x9fc015a0                __vector_dispatch_29
                0x00000001                ASSERT (((_vector_spacing == 0x0) || (SIZEOF (.vector_29) <= (_vector_spacing << 0x5))), function at exception vector 29 too large)

.vector_30      0x9fc015c0        0x8
 *(.vector_30)
 .vector_30     0x9fc015c0        0x8 c:/program files (x86)/microchip/xc32/v1.40/bin/bin/../../lib/gcc/pic32mx/4.8.3/../../../../pic32mx/lib\libpic32.a(vector30.o)
                0x9fc015c0                __vector_dispatch_30
                0x00000001                ASSERT (((_vector_spacing == 0x0) || (SIZEOF (.vector_30) <= (_vector_spacing << 0x5))), function at exception vector 30 too large)

.vector_31      0x9fc015e0        0x8
 *(.vector_31)
 .vector_31     0x9fc015e0        0x8 c:/program files (x86)/microchip/xc32/v1.40/bin/bin/../../lib/gcc/pic32mx/4.8.3/../../../../pic32mx/lib\libpic32.a(vector31.o)
                0x9fc015e0                __vector_dispatch_31
                0x00000001                ASSERT (((_vector_spacing == 0x0) || (SIZEOF (.vector_31) <= (_vector_spacing << 0x5))), function at exception vector 31 too large)

.vector_32      0x9fc01600        0x8
 *(.vector_32)
 .vector_32     0x9fc01600        0x8 c:/program files (x86)/microchip/xc32/v1.40/bin/bin/../../lib/gcc/pic32mx/4.8.3/../../../../pic32mx/lib\libpic32.a(vector32.o)
                0x9fc01600                __vector_dispatch_32
                0x00000001                ASSERT (((_vector_spacing == 0x0) || (SIZEOF (.vector_32) <= (_vector_spacing << 0x5))), function at exception vector 32 too large)

.vector_33      0x9fc01620        0x8
 *(.vector_33)
 .vector_33     0x9fc01620        0x8 c:/program files (x86)/microchip/xc32/v1.40/bin/bin/../../lib/gcc/pic32mx/4.8.3/../../../../pic32mx/lib\libpic32.a(vector33.o)
                0x9fc01620                __vector_dispatch_33
                0x00000001                ASSERT (((_vector_spacing == 0x0) || (SIZEOF (.vector_33) <= (_vector_spacing << 0x5))), function at exception vector 33 too large)

.vector_34      0x9fc01640        0x8
 *(.vector_34)
 .vector_34     0x9fc01640        0x8 c:/program files (x86)/microchip/xc32/v1.40/bin/bin/../../lib/gcc/pic32mx/4.8.3/../../../../pic32mx/lib\libpic32.a(vector34.o)
                0x9fc01640                __vector_dispatch_34
                0x00000001                ASSERT (((_vector_spacing == 0x0) || (SIZEOF (.vector_34) <= (_vector_spacing << 0x5))), function at exception vector 34 too large)

.vector_35      0x9fc01660        0x8
 *(.vector_35)
 .vector_35     0x9fc01660        0x8 c:/program files (x86)/microchip/xc32/v1.40/bin/bin/../../lib/gcc/pic32mx/4.8.3/../../../../pic32mx/lib\libpic32.a(vector35.o)
                0x9fc01660                __vector_dispatch_35
                0x00000001                ASSERT (((_vector_spacing == 0x0) || (SIZEOF (.vector_35) <= (_vector_spacing << 0x5))), function at exception vector 35 too large)

.vector_36      0x9fc01680        0x8
 *(.vector_36)
 .vector_36     0x9fc01680        0x8 c:/program files (x86)/microchip/xc32/v1.40/bin/bin/../../lib/gcc/pic32mx/4.8.3/../../../../pic32mx/lib\libpic32.a(vector36.o)
                0x9fc01680                __vector_dispatch_36
                0x00000001                ASSERT (((_vector_spacing == 0x0) || (SIZEOF (.vector_36) <= (_vector_spacing << 0x5))), function at exception vector 36 too large)

.vector_37      0x9fc016a0        0x8
 *(.vector_37)
 .vector_37     0x9fc016a0        0x8 c:/program files (x86)/microchip/xc32/v1.40/bin/bin/../../lib/gcc/pic32mx/4.8.3/../../../../pic32mx/lib\libpic32.a(vector37.o)
                0x9fc016a0                __vector_dispatch_37
                0x00000001                ASSERT (((_vector_spacing == 0x0) || (SIZEOF (.vector_37) <= (_vector_spacing << 0x5))), function at exception vector 37 too large)

.vector_38      0x9fc016c0        0x8
 *(.vector_38)
 .vector_38     0x9fc016c0        0x8 c:/program files (x86)/microchip/xc32/v1.40/bin/bin/../../lib/gcc/pic32mx/4.8.3/../../../../pic32mx/lib\libpic32.a(vector38.o)
                0x9fc016c0                __vector_dispatch_38
                0x00000001                ASSERT (((_vector_spacing == 0x0) || (SIZEOF (.vector_38) <= (_vector_spacing << 0x5))), function at exception vector 38 too large)

.vector_39      0x9fc016e0        0x8
 *(.vector_39)
 .vector_39     0x9fc016e0        0x8 c:/program files (x86)/microchip/xc32/v1.40/bin/bin/../../lib/gcc/pic32mx/4.8.3/../../../../pic32mx/lib\libpic32.a(vector39.o)
                0x9fc016e0                __vector_dispatch_39
                0x00000001                ASSERT (((_vector_spacing == 0x0) || (SIZEOF (.vector_39) <= (_vector_spacing << 0x5))), function at exception vector 39 too large)

.vector_40      0x9fc01700        0x8
 *(.vector_40)
 .vector_40     0x9fc01700        0x8 c:/program files (x86)/microchip/xc32/v1.40/bin/bin/../../lib/gcc/pic32mx/4.8.3/../../../../pic32mx/lib\libpic32.a(vector40.o)
                0x9fc01700                __vector_dispatch_40
                0x00000001                ASSERT (((_vector_spacing == 0x0) || (SIZEOF (.vector_40) <= (_vector_spacing << 0x5))), function at exception vector 40 too large)

.vector_41      0x9fc01720        0x8
 *(.vector_41)
 .vector_41     0x9fc01720        0x8 c:/program files (x86)/microchip/xc32/v1.40/bin/bin/../../lib/gcc/pic32mx/4.8.3/../../../../pic32mx/lib\libpic32.a(vector41.o)
                0x9fc01720                __vector_dispatch_41
                0x00000001                ASSERT (((_vector_spacing == 0x0) || (SIZEOF (.vector_41) <= (_vector_spacing << 0x5))), function at exception vector 41 too large)

.vector_42      0x9fc01740        0x8
 *(.vector_42)
 .vector_42     0x9fc01740        0x8 c:/program files (x86)/microchip/xc32/v1.40/bin/bin/../../lib/gcc/pic32mx/4.8.3/../../../../pic32mx/lib\libpic32.a(vector42.o)
                0x9fc01740                __vector_dispatch_42
                0x00000001                ASSERT (((_vector_spacing == 0x0) || (SIZEOF (.vector_42) <= (_vector_spacing << 0x5))), function at exception vector 42 too large)

.vector_43      0x9fc01760        0x8
 *(.vector_43)
 .vector_43     0x9fc01760        0x8 c:/program files (x86)/microchip/xc32/v1.40/bin/bin/../../lib/gcc/pic32mx/4.8.3/../../../../pic32mx/lib\libpic32.a(vector43.o)
                0x9fc01760                __vector_dispatch_43
                0x00000001                ASSERT (((_vector_spacing == 0x0) || (SIZEOF (.vector_43) <= (_vector_spacing << 0x5))), function at exception vector 43 too large)

.vector_44      0x9fc01780        0x8
 *(.vector_44)
 .vector_44     0x9fc01780        0x8 c:/program files (x86)/microchip/xc32/v1.40/bin/bin/../../lib/gcc/pic32mx/4.8.3/../../../../pic32mx/lib\libpic32.a(vector44.o)
                0x9fc01780                __vector_dispatch_44
                0x00000001                ASSERT (((_vector_spacing == 0x0) || (SIZEOF (.vector_44) <= (_vector_spacing << 0x5))), function at exception vector 44 too large)

.vector_45      0x9fc017a0        0x8
 *(.vector_45)
 .vector_45     0x9fc017a0        0x8 c:/program files (x86)/microchip/xc32/v1.40/bin/bin/../../lib/gcc/pic32mx/4.8.3/../../../../pic32mx/lib\libpic32.a(vector45.o)
                0x9fc017a0                __vector_dispatch_45
                0x00000001                ASSERT (((_vector_spacing == 0x0) || (SIZEOF (.vector_45) <= (_vector_spacing << 0x5))), function at exception vector 45 too large)

.vector_46      0x9fc017c0        0x8
 *(.vector_46)
 .vector_46     0x9fc017c0        0x8 c:/program files (x86)/microchip/xc32/v1.40/bin/bin/../../lib/gcc/pic32mx/4.8.3/../../../../pic32mx/lib\libpic32.a(vector46.o)
                0x9fc017c0                __vector_dispatch_46
                0x00000001                ASSERT (((_vector_spacing == 0x0) || (SIZEOF (.vector_46) <= (_vector_spacing << 0x5))), function at exception vector 46 too large)

.vector_47      0x9fc017e0        0x8
 *(.vector_47)
 .vector_47     0x9fc017e0        0x8 c:/program files (x86)/microchip/xc32/v1.40/bin/bin/../../lib/gcc/pic32mx/4.8.3/../../../../pic32mx/lib\libpic32.a(vector47.o)
                0x9fc017e0                __vector_dispatch_47
                0x00000001                ASSERT (((_vector_spacing == 0x0) || (SIZEOF (.vector_47) <= (_vector_spacing << 0x5))), function at exception vector 47 too large)

.vector_48      0x9fc01800        0x8
 *(.vector_48)
 .vector_48     0x9fc01800        0x8 c:/program files (x86)/microchip/xc32/v1.40/bin/bin/../../lib/gcc/pic32mx/4.8.3/../../../../pic32mx/lib\libpic32.a(vector48.o)
                0x9fc01800                __vector_dispatch_48
                0x00000001                ASSERT (((_vector_spacing == 0x0) || (SIZEOF (.vector_48) <= (_vector_spacing << 0x5))), function at exception vector 48 too large)

.vector_49      0x9fc01820        0x8
 *(.vector_49)
 .vector_49     0x9fc01820        0x8 c:/program files (x86)/microchip/xc32/v1.40/bin/bin/../../lib/gcc/pic32mx/4.8.3/../../../../pic32mx/lib\libpic32.a(vector49.o)
                0x9fc01820                __vector_dispatch_49
                0x00000001                ASSERT (((_vector_spacing == 0x0) || (SIZEOF (.vector_49) <= (_vector_spacing << 0x5))), function at exception vector 49 too large)

.vector_50      0x9fc01840        0x8
 *(.vector_50)
 .vector_50     0x9fc01840        0x8 c:/program files (x86)/microchip/xc32/v1.40/bin/bin/../../lib/gcc/pic32mx/4.8.3/../../../../pic32mx/lib\libpic32.a(vector50.o)
                0x9fc01840                __vector_dispatch_50
                0x00000001                ASSERT (((_vector_spacing == 0x0) || (SIZEOF (.vector_50) <= (_vector_spacing << 0x5))), function at exception vector 50 too large)

.vector_51      0x9fc01860        0x8
 *(.vector_51)
 .vector_51     0x9fc01860        0x8 c:/program files (x86)/microchip/xc32/v1.40/bin/bin/../../lib/gcc/pic32mx/4.8.3/../../../../pic32mx/lib\libpic32.a(vector51.o)
                0x9fc01860                __vector_dispatch_51
                0x00000001                ASSERT (((_vector_spacing == 0x0) || (SIZEOF (.vector_51) <= (_vector_spacing << 0x5))), function at exception vector 51 too large)

.vector_52      0x9fc01880        0x0
 *(.vector_52)
                0x00000001                ASSERT (((_vector_spacing == 0x0) || (SIZEOF (.vector_52) <= (_vector_spacing << 0x5))), function at exception vector 52 too large)

.vector_53      0x9fc018a0        0x0
 *(.vector_53)
                0x00000001                ASSERT (((_vector_spacing == 0x0) || (SIZEOF (.vector_53) <= (_vector_spacing << 0x5))), function at exception vector 53 too large)

.vector_54      0x9fc018c0        0x0
 *(.vector_54)
                0x00000001                ASSERT (((_vector_spacing == 0x0) || (SIZEOF (.vector_54) <= (_vector_spacing << 0x5))), function at exception vector 54 too large)

.vector_55      0x9fc018e0        0x0
 *(.vector_55)
                0x00000001                ASSERT (((_vector_spacing == 0x0) || (SIZEOF (.vector_55) <= (_vector_spacing << 0x5))), function at exception vector 55 too large)

.vector_56      0x9fc01900        0x0
 *(.vector_56)
                0x00000001                ASSERT (((_vector_spacing == 0x0) || (SIZEOF (.vector_56) <= (_vector_spacing << 0x5))), function at exception vector 56 too large)

.vector_57      0x9fc01920        0x0
 *(.vector_57)
                0x00000001                ASSERT (((_vector_spacing == 0x0) || (SIZEOF (.vector_57) <= (_vector_spacing << 0x5))), function at exception vector 57 too large)

.vector_58      0x9fc01940        0x0
 *(.vector_58)
                0x00000001                ASSERT (((_vector_spacing == 0x0) || (SIZEOF (.vector_58) <= (_vector_spacing << 0x5))), function at exception vector 58 too large)

.vector_59      0x9fc01960        0x0
 *(.vector_59)
                0x00000001                ASSERT (((_vector_spacing == 0x0) || (SIZEOF (.vector_59) <= (_vector_spacing << 0x5))), function at exception vector 59 too large)

.vector_60      0x9fc01980        0x0
 *(.vector_60)
                0x00000001                ASSERT (((_vector_spacing == 0x0) || (SIZEOF (.vector_60) <= (_vector_spacing << 0x5))), function at exception vector 60 too large)

.vector_61      0x9fc019a0        0x0
 *(.vector_61)
                0x00000001                ASSERT (((_vector_spacing == 0x0) || (SIZEOF (.vector_61) <= (_vector_spacing << 0x5))), function at exception vector 61 too large)

.vector_62      0x9fc019c0        0x0
 *(.vector_62)
                0x00000001                ASSERT (((_vector_spacing == 0x0) || (SIZEOF (.vector_62) <= (_vector_spacing << 0x5))), function at exception vector 62 too large)

.vector_63      0x9fc019e0        0x0
 *(.vector_63)
                0x00000001                ASSERT (((_vector_spacing == 0x0) || (SIZEOF (.vector_63) <= (_vector_spacing << 0x5))), function at exception vector 63 too large)

.startup
 *(.startup)

.text           0x9d000000        0x0
 *(.stub .gnu.linkonce.t.*)
 *(.text.*personality*)
 *(.mips16.fn.*)
 *(.mips16.call.*)
 *(.gnu.warning)
                0x9d000000                . = ALIGN (0x4)

.init           0x9d000000        0x0
 *crti.o(.init)
 *crtbegin.o(.init)
 *(EXCLUDE_FILE(*crtn.o *crtend?.o *crtend.o) .init)
 *crtend.o(.init)
 *crtn.o(.init)
                0x9d000000                . = ALIGN (0x4)

.fini           0x9d000000        0x0
 *(.fini)
                0x9d000000                . = ALIGN (0x4)

.preinit_array  0x9d000000        0x0
                0x9d000000                PROVIDE (__preinit_array_start, .)
 *(.preinit_array)
                0x9d000000                PROVIDE (__preinit_array_end, .)
                0x9d000000                . = ALIGN (0x4)

.init_array     0x9d000000        0x0
                0x9d000000                PROVIDE (__init_array_start, .)
 *(SORT(.init_array.*))
 *(.init_array)
                0x9d000000                PROVIDE (__init_array_end, .)
                0x9d000000                . = ALIGN (0x4)

.fini_array     0x9d000000        0x0
                0x9d000000                PROVIDE (__fini_array_start, .)
 *(SORT(.fini_array.*))
 *(.fini_array)
                0x9d000000                PROVIDE (__fini_array_end, .)
                0x9d000000                . = ALIGN (0x4)

.ctors          0x9d000000        0x0
 *crtbegin.o(.ctors)
 *crtbegin?.o(.ctors)
 *(EXCLUDE_FILE(*crtend?.o *crtend.o) .ctors)
 *(SORT(.ctors.*))
 *(.ctors)
                0x9d000000                . = ALIGN (0x4)

.dtors          0x9d000000        0x0
 *crtbegin.o(.dtors)
 *crtbegin?.o(.dtors)
 *(EXCLUDE_FILE(*crtend?.o *crtend.o) .dtors)
 *(SORT(.dtors.*))
 *(.dtors)
                0x9d000000                . = ALIGN (0x4)

.rodata         0x9d000000        0x0
 *(.gnu.linkonce.r.*)
 *(.rodata1)
                0x9d000000                . = ALIGN (0x4)

.sdata2         0x9fc00490        0x0
 *(.sdata2 .sdata2.* .gnu.linkonce.s2.*)
                0x9fc00490                . = ALIGN (0x4)

.sbss2          0x9fc00490        0x0
 *(.sbss2 .sbss2.* .gnu.linkonce.sb2.*)
                0x9fc00490                . = ALIGN (0x4)

.eh_frame_hdr
 *(.eh_frame_hdr)
                0x9fc00490                . = ALIGN (0x4)

.eh_frame
 *(.eh_frame)
                0x9fc00490                . = ALIGN (0x4)

.gcc_except_table
 *(.gcc_except_table .gcc_except_table.*)
                0x9fc00490                . = ALIGN (0x4)

.dbg_data       0xa0000000        0x0
                0xa0000000                . = (. + DEFINED (_DEBUGGER)?0x200:0x0)

.jcr            0xa0000000        0x0
 *(.jcr)
                0xa0000000                . = ALIGN (0x4)

.eh_frame
 *(.eh_frame)
                0xa0000000                . = ALIGN (0x4)

.gcc_except_table
 *(.gcc_except_table .gcc_except_table.*)
                0xa0000000                . = ALIGN (0x4)

.persist        0xa0000000        0x0
                0xa0000000                _persist_begin = .
 *(.persist .persist.*)
 *(.pbss .pbss.*)
                0xa0000000                . = ALIGN (0x4)
                0xa0000000                _persist_end = .

.data           0xa0000000        0x0
 *(.gnu.linkonce.d.*)
 *(.data1)
                0xa0000000                . = ALIGN (0x4)
                0xa0000000                . = .
                0xa0007ff0                _gp = (ALIGN (0x10) + 0x7ff0)

.got            0xa0000000        0x0
 *(.got.plt)
 *(.got)
                0xa0000000                . = ALIGN (0x4)

.sdata          0xa0000000        0x8
                0xa0000000                _sdata_begin = .
 *(.sdata .sdata.* .gnu.linkonce.s.*)
 .sdata         0xa0000000        0x4 build/default/production/_ext/1282498059/port.o
                0xa0000000                uxInterruptNesting
 .sdata         0xa0000004        0x4 build/default/production/_ext/373060831/tasks.o
                0xa0000008                . = ALIGN (0x4)
                0xa0000008                _sdata_end = .

.lit8
 *(.lit8)

.lit4
 *(.lit4)
                0xa0000008                . = ALIGN (0x4)
                0xa0000008                _data_end = .
                0xa0000008                _bss_begin = .

.sbss           0xa0000008       0x8c
                0xa0000008                _sbss_begin = .
 *(.dynsbss)
 *(.sbss .sbss.* .gnu.linkonce.sb.*)
 .sbss          0xa0000008        0xc build/default/production/_ext/1688732426/system_exceptions.o
 .sbss          0xa0000014       0x14 build/default/production/_ext/1360937237/timerCallback.o
                0xa0000014                sendms
                0xa0000018                IRSensorTick
                0xa000001c                distSensorTick
                0xa0000020                motorTick
                0xa0000024                processTick
 .sbss          0xa0000028        0x8 build/default/production/_ext/1107379230/heap_1.o
 .sbss          0xa0000030        0x4 build/default/production/_ext/1282498059/port.o
                0xa0000030                uxSavedTaskStackPointer
 .sbss          0xa0000034       0x34 build/default/production/_ext/373060831/tasks.o
                0xa0000034                pxCurrentTCB
 .sbss          0xa0000068       0x10 build/default/production/_ext/373060831/timers.o
 *(.scommon)
 .scommon       0xa0000078        0x8 build/default/production/_ext/1688732426/system_init.o
                0xa0000078                sysObj
 .scommon       0xa0000080        0x4 build/default/production/_ext/1360937237/sender.o
                0xa0000080                global_data
 .scommon       0xa0000084        0x8 build/default/production/_ext/482662494/sys_devcon.o
                0xa0000084                sysDevconObj
 .scommon       0xa000008c        0x0 build/default/production/_ext/1360937237/debug.o
 .scommon       0xa000008c        0x8 ..\..\..\..\..\bin\framework\peripheral\PIC32MX795F512L_peripherals.a(peripheral.o)
                0xa000008c                BDT_ENTRY
                0xa0000094                _sbss_end = .
                0xa0000094                . = ALIGN (0x4)

.bss            0xa0000094      0x214
 *(.dynbss)
 *(COMMON)
 COMMON         0xa0000094       0x20 build/default/production/_ext/1360937237/send.o
                0xa0000094                sendData
 COMMON         0xa00000b4      0x190 build/default/production/_ext/1360937237/sensor.o
                0xa00000b4                sensorData
 COMMON         0xa0000244       0x1c build/default/production/_ext/1360937237/process.o
                0xa0000244                processData
 COMMON         0xa0000260       0x18 build/default/production/_ext/1360937237/IRarray.o
                0xa0000260                IRarrayData
 COMMON         0xa0000278       0x30 build/default/production/_ext/1360937237/receive.o
                0xa0000278                messageBuffer
                0xa0000294                receiveData
                0xa00002a8                . = ALIGN ((. != 0x0)?0x4:0x1)
                0xa00002a8                . = ALIGN (0x4)
                0xa00002a8                _end = .
                0xa00002a8                _bss_end = .
                0x00020000                _bmxdudba_address = 0x20000
                0x00020000                _bmxdupba_address = 0x20000

/DISCARD/
 *(.pdr)
 *(.rel.dyn)
 *(.note.GNU-stack)
 *(.note.GNU-stack)
 *(.gnu_debuglink)
 *(.gnu.lto_*)
 *(.discard)

.gptab.sdata
 *(.gptab.data)
 *(.gptab.sdata)

.gptab.sbss
 *(.gptab.bss)
 *(.gptab.sbss)

.mdebug.abi32   0xa00002a8        0x0
 *(.mdebug.abi32)
 .mdebug.abi32  0xa00002a8        0x0 build/default/production/_ext/1361460060/drv_adc_static.o
 .mdebug.abi32  0xa00002a8        0x0 build/default/production/_ext/1047219354/drv_oc_static.o
 .mdebug.abi32  0xa00002a8        0x0 build/default/production/_ext/1407244131/drv_tmr_static.o
 .mdebug.abi32  0xa00002a8        0x0 build/default/production/_ext/1345626252/drv_usart_static.o
 .mdebug.abi32  0xa00002a8        0x0 build/default/production/_ext/639803181/sys_clk_static.o
 .mdebug.abi32  0xa00002a8        0x0 build/default/production/_ext/822048611/sys_ports_static.o
 .mdebug.abi32  0xa00002a8        0x0 build/default/production/_ext/1688732426/system_init.o
 .mdebug.abi32  0xa00002a8        0x0 build/default/production/_ext/1688732426/system_interrupt.o
 .mdebug.abi32  0xa00002a8        0x0 build/default/production/_ext/1688732426/system_exceptions.o
 .mdebug.abi32  0xa00002a8        0x0 build/default/production/_ext/1688732426/system_tasks.o
 .mdebug.abi32  0xa00002a8        0x0 build/default/production/_ext/1688732426/rtos_hooks.o
 .mdebug.abi32  0xa00002a8        0x0 build/default/production/_ext/1360937237/main.o
 .mdebug.abi32  0xa00002a8        0x0 build/default/production/_ext/1360937237/timerCallback.o
 .mdebug.abi32  0xa00002a8        0x0 build/default/production/_ext/1360937237/send.o
 .mdebug.abi32  0xa00002a8        0x0 build/default/production/_ext/1360937237/sensor.o
 .mdebug.abi32  0xa00002a8        0x0 build/default/production/_ext/1360937237/sender.o
 .mdebug.abi32  0xa00002a8        0x0 build/default/production/_ext/1360937237/process.o
 .mdebug.abi32  0xa00002a8        0x0 build/default/production/_ext/1360937237/IRarray.o
 .mdebug.abi32  0xa00002a8        0x0 build/default/production/_ext/1360937237/receive.o
 .mdebug.abi32  0xa00002a8        0x0 build/default/production/_ext/308321468/osal_freertos.o
 .mdebug.abi32  0xa00002a8        0x0 build/default/production/_ext/482662494/sys_devcon.o
 .mdebug.abi32  0xa00002a8        0x0 build/default/production/_ext/482662494/sys_devcon_pic32mx.o
 .mdebug.abi32  0xa00002a8        0x0 build/default/production/_ext/1042686532/sys_int_pic32.o
 .mdebug.abi32  0xa00002a8        0x0 build/default/production/_ext/826631961/sys_ports.o
 .mdebug.abi32  0xa00002a8        0x0 build/default/production/_ext/1107379230/heap_1.o
 .mdebug.abi32  0xa00002a8        0x0 build/default/production/_ext/1282498059/port.o
 .mdebug.abi32  0xa00002a8        0x0 build/default/production/_ext/373060831/croutine.o
 .mdebug.abi32  0xa00002a8        0x0 build/default/production/_ext/373060831/list.o
 .mdebug.abi32  0xa00002a8        0x0 build/default/production/_ext/373060831/queue.o
 .mdebug.abi32  0xa00002a8        0x0 build/default/production/_ext/373060831/tasks.o
 .mdebug.abi32  0xa00002a8        0x0 build/default/production/_ext/373060831/timers.o
 .mdebug.abi32  0xa00002a8        0x0 build/default/production/_ext/373060831/event_groups.o
 .mdebug.abi32  0xa00002a8        0x0 build/default/production/_ext/1360937237/debug.o
 .mdebug.abi32  0xa00002a8        0x0 ..\..\..\..\..\bin\framework\peripheral\PIC32MX795F512L_peripherals.a(peripheral.o)
 .mdebug.abi32  0xa00002a8        0x0 c:/program files (x86)/microchip/xc32/v1.40/bin/bin/../../lib/gcc/pic32mx/4.8.3\libgcc.a(floatunsisf.o)
 .mdebug.abi32  0xa00002a8        0x0 c:/program files (x86)/microchip/xc32/v1.40/bin/bin/../../lib/gcc/pic32mx/4.8.3/../../../../pic32mx/lib\libpic32.a(default-bootstrap-exception-handler.o)
 .mdebug.abi32  0xa00002a8        0x0 c:/program files (x86)/microchip/xc32/v1.40/bin/bin/../../lib/gcc/pic32mx/4.8.3/../../../../pic32mx/lib\libpic32.a(default-on-reset.o)
 .mdebug.abi32  0xa00002a8        0x0 c:/program files (x86)/microchip/xc32/v1.40/bin/bin/../../lib/gcc/pic32mx/4.8.3/../../../../pic32mx/lib\libpic32.a(default-on-bootstrap.o)
 .mdebug.abi32  0xa00002a8        0x0 c:/program files (x86)/microchip/xc32/v1.40/bin/bin/../../lib/gcc/pic32mx/4.8.3/../../../../pic32mx/lib\libpic32.a(defaultinterrupt.o)

.mdebug.abiN32
 *(.mdebug.abiN32)

.mdebug.abi64
 *(.mdebug.abi64)

.mdebug.abiO64
 *(.mdebug.abiO64)

.mdebug.eabi32
 *(.mdebug.eabi32)

.mdebug.eabi64
 *(.mdebug.eabi64)

.gcc_compiled_long32
 *(.gcc_compiled_long32)

.gcc_compiled_long64
 *(.gcc_compiled_long64)

.stab
 *(.stab)

.stabstr
 *(.stabstr)

.stab.excl
 *(.stab.excl)

.stab.exclstr
 *(.stab.exclstr)

.stab.index
 *(.stab.index)

.stab.indexstr
 *(.stab.indexstr)

.comment        0x00000000       0x6c
 *(.comment)
 .comment       0x00000000       0x3c build/default/production/_ext/1361460060/drv_adc_static.o
                                 0x3d (size before relaxing)
 .comment       0x00000000       0x3d build/default/production/_ext/1047219354/drv_oc_static.o
 .comment       0x00000000       0x3d build/default/production/_ext/1407244131/drv_tmr_static.o
 .comment       0x00000000       0x3d build/default/production/_ext/1345626252/drv_usart_static.o
 .comment       0x00000000       0x3d build/default/production/_ext/639803181/sys_clk_static.o
 .comment       0x00000000       0x3d build/default/production/_ext/822048611/sys_ports_static.o
 .comment       0x00000000       0x3d build/default/production/_ext/1688732426/system_init.o
 .comment       0x00000000       0x3d build/default/production/_ext/1688732426/system_interrupt.o
 .comment       0x00000000       0x3d build/default/production/_ext/1688732426/system_exceptions.o
 .comment       0x00000000       0x3d build/default/production/_ext/1688732426/system_tasks.o
 .comment       0x00000000       0x3d build/default/production/_ext/1688732426/rtos_hooks.o
 .comment       0x00000000       0x3d build/default/production/_ext/1360937237/main.o
 .comment       0x00000000       0x3d build/default/production/_ext/1360937237/timerCallback.o
 .comment       0x00000000       0x3d build/default/production/_ext/1360937237/send.o
 .comment       0x00000000       0x3d build/default/production/_ext/1360937237/sensor.o
 .comment       0x00000000       0x3d build/default/production/_ext/1360937237/sender.o
 .comment       0x00000000       0x3d build/default/production/_ext/1360937237/process.o
 .comment       0x00000000       0x3d build/default/production/_ext/1360937237/IRarray.o
 .comment       0x00000000       0x3d build/default/production/_ext/1360937237/receive.o
 .comment       0x00000000       0x3d build/default/production/_ext/308321468/osal_freertos.o
 .comment       0x00000000       0x3d build/default/production/_ext/482662494/sys_devcon.o
 .comment       0x00000000       0x3d build/default/production/_ext/482662494/sys_devcon_pic32mx.o
 .comment       0x00000000       0x3d build/default/production/_ext/1042686532/sys_int_pic32.o
 .comment       0x00000000       0x3d build/default/production/_ext/826631961/sys_ports.o
 .comment       0x00000000       0x3d build/default/production/_ext/1107379230/heap_1.o
 .comment       0x00000000       0x3d build/default/production/_ext/1282498059/port.o
 .comment       0x00000000       0x3d build/default/production/_ext/373060831/croutine.o
 .comment       0x00000000       0x3d build/default/production/_ext/373060831/list.o
 .comment       0x00000000       0x3d build/default/production/_ext/373060831/queue.o
 .comment       0x00000000       0x3d build/default/production/_ext/373060831/tasks.o
 .comment       0x00000000       0x3d build/default/production/_ext/373060831/timers.o
 .comment       0x00000000       0x3d build/default/production/_ext/373060831/event_groups.o
 .comment       0x00000000       0x3d build/default/production/_ext/1360937237/debug.o
 .comment       0x00000000       0x3d ..\..\..\..\..\bin\framework\peripheral\PIC32MX795F512L_peripherals.a(peripheral.o)
 .comment       0x00000000       0x3d c:/program files (x86)/microchip/xc32/v1.40/bin/bin/../../lib/gcc/pic32mx/4.8.3\libgcc.a(floatunsisf.o)
 .comment       0x0000003c       0x18 c:/program files (x86)/microchip/xc32/v1.40/bin/bin/../../lib/gcc/pic32mx/4.8.3/../../../../pic32mx/lib\libpic32.a(memcmp.o)
                                 0x19 (size before relaxing)
 .comment       0x00000054       0x18 c:/program files (x86)/microchip/xc32/v1.40/bin/bin/../../lib/gcc/pic32mx/4.8.3/../../../../pic32mx/lib\libpic32.a(memset.o)
                                 0x19 (size before relaxing)
 .comment       0x00000000       0x3d c:/program files (x86)/microchip/xc32/v1.40/bin/bin/../../lib/gcc/pic32mx/4.8.3/../../../../pic32mx/lib\libpic32.a(default-bootstrap-exception-handler.o)
 .comment       0x00000000       0x3d c:/program files (x86)/microchip/xc32/v1.40/bin/bin/../../lib/gcc/pic32mx/4.8.3/../../../../pic32mx/lib\libpic32.a(default-on-reset.o)
 .comment       0x00000000       0x3d c:/program files (x86)/microchip/xc32/v1.40/bin/bin/../../lib/gcc/pic32mx/4.8.3/../../../../pic32mx/lib\libpic32.a(default-on-bootstrap.o)
 .comment       0x00000000       0x3d c:/program files (x86)/microchip/xc32/v1.40/bin/bin/../../lib/gcc/pic32mx/4.8.3/../../../../pic32mx/lib\libpic32.a(defaultinterrupt.o)

.debug
 *(.debug)

.line
 *(.line)

.debug_srcinfo
 *(.debug_srcinfo)

.debug_sfnames
 *(.debug_sfnames)

.debug_aranges  0x00000000      0xd08
 *(.debug_aranges)
 .debug_aranges
                0x00000000       0x78 build/default/production/_ext/1361460060/drv_adc_static.o
 .debug_aranges
                0x00000078       0xf8 build/default/production/_ext/1047219354/drv_oc_static.o
 .debug_aranges
                0x00000170       0x48 build/default/production/_ext/1407244131/drv_tmr_static.o
 .debug_aranges
                0x000001b8       0x38 build/default/production/_ext/1345626252/drv_usart_static.o
 .debug_aranges
                0x000001f0       0x38 build/default/production/_ext/639803181/sys_clk_static.o
 .debug_aranges
                0x00000228       0x20 build/default/production/_ext/822048611/sys_ports_static.o
 .debug_aranges
                0x00000248       0x20 build/default/production/_ext/1688732426/system_init.o
 .debug_aranges
                0x00000268       0x28 build/default/production/_ext/1688732426/system_interrupt.o
 .debug_aranges
                0x00000290       0x20 build/default/production/_ext/1688732426/system_exceptions.o
 .debug_aranges
                0x000002b0       0x50 build/default/production/_ext/1688732426/system_tasks.o
 .debug_aranges
                0x00000300       0x38 build/default/production/_ext/1688732426/system_interrupt_a.o
 .debug_aranges
                0x00000338       0x28 build/default/production/_ext/1688732426/rtos_hooks.o
 .debug_aranges
                0x00000360       0x20 build/default/production/_ext/1360937237/main.o
 .debug_aranges
                0x00000380       0x48 build/default/production/_ext/1360937237/timerCallback.o
 .debug_aranges
                0x000003c8       0x68 build/default/production/_ext/1360937237/send.o
 .debug_aranges
                0x00000430       0x70 build/default/production/_ext/1360937237/sensor.o
 .debug_aranges
                0x000004a0       0x40 build/default/production/_ext/1360937237/sender.o
 .debug_aranges
                0x000004e0       0x78 build/default/production/_ext/1360937237/process.o
 .debug_aranges
                0x00000558       0x40 build/default/production/_ext/1360937237/IRarray.o
 .debug_aranges
                0x00000598       0x40 build/default/production/_ext/1360937237/receive.o
 .debug_aranges
                0x000005d8       0x88 build/default/production/_ext/308321468/osal_freertos.o
 .debug_aranges
                0x00000660       0x78 build/default/production/_ext/482662494/sys_devcon.o
 .debug_aranges
                0x000006d8       0x20 build/default/production/_ext/482662494/sys_devcon_pic32mx.o
 .debug_aranges
                0x000006f8       0x48 build/default/production/_ext/1042686532/sys_int_pic32.o
 .debug_aranges
                0x00000740       0xf8 build/default/production/_ext/826631961/sys_ports.o
 .debug_aranges
                0x00000838       0x38 build/default/production/_ext/1107379230/heap_1.o
 .debug_aranges
                0x00000870       0x58 build/default/production/_ext/1282498059/port.o
 .debug_aranges
                0x000008c8       0x20 build/default/production/_ext/1282498059/port_asm.o
 .debug_aranges
                0x000008e8       0x18 build/default/production/_ext/373060831/croutine.o
 .debug_aranges
                0x00000900       0x40 build/default/production/_ext/373060831/list.o
 .debug_aranges
                0x00000940       0xb8 build/default/production/_ext/373060831/queue.o
 .debug_aranges
                0x000009f8      0x178 build/default/production/_ext/373060831/tasks.o
 .debug_aranges
                0x00000b70       0x70 build/default/production/_ext/373060831/timers.o
 .debug_aranges
                0x00000be0       0x60 build/default/production/_ext/373060831/event_groups.o
 .debug_aranges
                0x00000c40       0x28 build/default/production/_ext/1360937237/debug.o
 .debug_aranges
                0x00000c68       0x20 c:/program files (x86)/microchip/xc32/v1.40/bin/bin/../../lib/gcc/pic32mx/4.8.3\libgcc.a(floatunsisf.o)
 .debug_aranges
                0x00000c88       0x20 c:/program files (x86)/microchip/xc32/v1.40/bin/bin/../../lib/gcc/pic32mx/4.8.3/../../../../pic32mx/lib\libpic32.a(default-bootstrap-exception-handler.o)
 .debug_aranges
                0x00000ca8       0x20 c:/program files (x86)/microchip/xc32/v1.40/bin/bin/../../lib/gcc/pic32mx/4.8.3/../../../../pic32mx/lib\libpic32.a(default-on-reset.o)
 .debug_aranges
                0x00000cc8       0x20 c:/program files (x86)/microchip/xc32/v1.40/bin/bin/../../lib/gcc/pic32mx/4.8.3/../../../../pic32mx/lib\libpic32.a(default-on-bootstrap.o)
 .debug_aranges
                0x00000ce8       0x20 c:/program files (x86)/microchip/xc32/v1.40/bin/bin/../../lib/gcc/pic32mx/4.8.3/../../../../pic32mx/lib\libpic32.a(defaultinterrupt.o)

.debug_pubnames
 *(.debug_pubnames)

.debug_info     0x00000000    0x2c836
 *(.debug_info .gnu.linkonce.wi.*)
 .debug_info    0x00000000     0x3e48 build/default/production/_ext/1361460060/drv_adc_static.o
 .debug_info    0x00003e48     0x1b00 build/default/production/_ext/1047219354/drv_oc_static.o
 .debug_info    0x00005948      0xe04 build/default/production/_ext/1407244131/drv_tmr_static.o
 .debug_info    0x0000674c     0x3438 build/default/production/_ext/1345626252/drv_usart_static.o
 .debug_info    0x00009b84     0x1251 build/default/production/_ext/639803181/sys_clk_static.o
 .debug_info    0x0000add5     0x1279 build/default/production/_ext/822048611/sys_ports_static.o
 .debug_info    0x0000c04e     0x16f5 build/default/production/_ext/1688732426/system_init.o
 .debug_info    0x0000d743     0x19be build/default/production/_ext/1688732426/system_interrupt.o
 .debug_info    0x0000f101     0x10c3 build/default/production/_ext/1688732426/system_exceptions.o
 .debug_info    0x000101c4      0xe30 build/default/production/_ext/1688732426/system_tasks.o
 .debug_info    0x00010ff4       0xa3 build/default/production/_ext/1688732426/system_interrupt_a.o
 .debug_info    0x00011097      0x259 build/default/production/_ext/1688732426/rtos_hooks.o
 .debug_info    0x000112f0      0x1b1 build/default/production/_ext/1360937237/main.o
 .debug_info    0x000114a1      0x3dc build/default/production/_ext/1360937237/timerCallback.o
 .debug_info    0x0001187d     0x277b build/default/production/_ext/1360937237/send.o
 .debug_info    0x00013ff8     0x1faf build/default/production/_ext/1360937237/sensor.o
 .debug_info    0x00015fa7     0x14ee build/default/production/_ext/1360937237/sender.o
 .debug_info    0x00017495     0x1a24 build/default/production/_ext/1360937237/process.o
 .debug_info    0x00018eb9     0x1cc7 build/default/production/_ext/1360937237/IRarray.o
 .debug_info    0x0001ab80     0x16a9 build/default/production/_ext/1360937237/receive.o
 .debug_info    0x0001c229      0xa98 build/default/production/_ext/308321468/osal_freertos.o
 .debug_info    0x0001ccc1     0x1086 build/default/production/_ext/482662494/sys_devcon.o
 .debug_info    0x0001dd47      0xd5d build/default/production/_ext/482662494/sys_devcon_pic32mx.o
 .debug_info    0x0001eaa4     0x15c4 build/default/production/_ext/1042686532/sys_int_pic32.o
 .debug_info    0x00020068     0x3247 build/default/production/_ext/826631961/sys_ports.o
 .debug_info    0x000232af      0x37f build/default/production/_ext/1107379230/heap_1.o
 .debug_info    0x0002362e     0x11a8 build/default/production/_ext/1282498059/port.o
 .debug_info    0x000247d6       0xc7 build/default/production/_ext/1282498059/port_asm.o
 .debug_info    0x0002489d      0x179 build/default/production/_ext/373060831/croutine.o
 .debug_info    0x00024a16      0x47d build/default/production/_ext/373060831/list.o
 .debug_info    0x00024e93     0x182e build/default/production/_ext/373060831/queue.o
 .debug_info    0x000266c1     0x29b6 build/default/production/_ext/373060831/tasks.o
 .debug_info    0x00029077     0x1501 build/default/production/_ext/373060831/timers.o
 .debug_info    0x0002a578      0xd4b build/default/production/_ext/373060831/event_groups.o
 .debug_info    0x0002b2c3     0x1118 build/default/production/_ext/1360937237/debug.o
 .debug_info    0x0002c3db      0x11f c:/program files (x86)/microchip/xc32/v1.40/bin/bin/../../lib/gcc/pic32mx/4.8.3\libgcc.a(floatunsisf.o)
 .debug_info    0x0002c4fa       0xe3 c:/program files (x86)/microchip/xc32/v1.40/bin/bin/../../lib/gcc/pic32mx/4.8.3/../../../../pic32mx/lib\libpic32.a(default-bootstrap-exception-handler.o)
 .debug_info    0x0002c5dd       0xbd c:/program files (x86)/microchip/xc32/v1.40/bin/bin/../../lib/gcc/pic32mx/4.8.3/../../../../pic32mx/lib\libpic32.a(default-on-reset.o)
 .debug_info    0x0002c69a       0xc5 c:/program files (x86)/microchip/xc32/v1.40/bin/bin/../../lib/gcc/pic32mx/4.8.3/../../../../pic32mx/lib\libpic32.a(default-on-bootstrap.o)
 .debug_info    0x0002c75f       0xd7 c:/program files (x86)/microchip/xc32/v1.40/bin/bin/../../lib/gcc/pic32mx/4.8.3/../../../../pic32mx/lib\libpic32.a(defaultinterrupt.o)

.debug_abbrev   0x00000000     0x3db7
 *(.debug_abbrev)
 .debug_abbrev  0x00000000      0x1e4 build/default/production/_ext/1361460060/drv_adc_static.o
 .debug_abbrev  0x000001e4      0x16f build/default/production/_ext/1047219354/drv_oc_static.o
 .debug_abbrev  0x00000353      0x189 build/default/production/_ext/1407244131/drv_tmr_static.o
 .debug_abbrev  0x000004dc      0x206 build/default/production/_ext/1345626252/drv_usart_static.o
 .debug_abbrev  0x000006e2      0x209 build/default/production/_ext/639803181/sys_clk_static.o
 .debug_abbrev  0x000008eb      0x138 build/default/production/_ext/822048611/sys_ports_static.o
 .debug_abbrev  0x00000a23      0x1ee build/default/production/_ext/1688732426/system_init.o
 .debug_abbrev  0x00000c11      0x22b build/default/production/_ext/1688732426/system_interrupt.o
 .debug_abbrev  0x00000e3c       0xa2 build/default/production/_ext/1688732426/system_exceptions.o
 .debug_abbrev  0x00000ede      0x149 build/default/production/_ext/1688732426/system_tasks.o
 .debug_abbrev  0x00001027       0x12 build/default/production/_ext/1688732426/system_interrupt_a.o
 .debug_abbrev  0x00001039       0x97 build/default/production/_ext/1688732426/rtos_hooks.o
 .debug_abbrev  0x000010d0       0x93 build/default/production/_ext/1360937237/main.o
 .debug_abbrev  0x00001163       0xe7 build/default/production/_ext/1360937237/timerCallback.o
 .debug_abbrev  0x0000124a      0x33e build/default/production/_ext/1360937237/send.o
 .debug_abbrev  0x00001588      0x307 build/default/production/_ext/1360937237/sensor.o
 .debug_abbrev  0x0000188f      0x16a build/default/production/_ext/1360937237/sender.o
 .debug_abbrev  0x000019f9      0x218 build/default/production/_ext/1360937237/process.o
 .debug_abbrev  0x00001c11      0x2a6 build/default/production/_ext/1360937237/IRarray.o
 .debug_abbrev  0x00001eb7      0x20d build/default/production/_ext/1360937237/receive.o
 .debug_abbrev  0x000020c4      0x1fe build/default/production/_ext/308321468/osal_freertos.o
 .debug_abbrev  0x000022c2      0x26d build/default/production/_ext/482662494/sys_devcon.o
 .debug_abbrev  0x0000252f      0x16d build/default/production/_ext/482662494/sys_devcon_pic32mx.o
 .debug_abbrev  0x0000269c      0x1d0 build/default/production/_ext/1042686532/sys_int_pic32.o
 .debug_abbrev  0x0000286c      0x219 build/default/production/_ext/826631961/sys_ports.o
 .debug_abbrev  0x00002a85      0x13f build/default/production/_ext/1107379230/heap_1.o
 .debug_abbrev  0x00002bc4      0x2cf build/default/production/_ext/1282498059/port.o
 .debug_abbrev  0x00002e93       0x14 build/default/production/_ext/1282498059/port_asm.o
 .debug_abbrev  0x00002ea7       0x1b build/default/production/_ext/373060831/croutine.o
 .debug_abbrev  0x00002ec2       0xf1 build/default/production/_ext/373060831/list.o
 .debug_abbrev  0x00002fb3      0x2c4 build/default/production/_ext/373060831/queue.o
 .debug_abbrev  0x00003277      0x383 build/default/production/_ext/373060831/tasks.o
 .debug_abbrev  0x000035fa      0x337 build/default/production/_ext/373060831/timers.o
 .debug_abbrev  0x00003931      0x29a build/default/production/_ext/373060831/event_groups.o
 .debug_abbrev  0x00003bcb       0xea build/default/production/_ext/1360937237/debug.o
 .debug_abbrev  0x00003cb5       0x62 c:/program files (x86)/microchip/xc32/v1.40/bin/bin/../../lib/gcc/pic32mx/4.8.3\libgcc.a(floatunsisf.o)
 .debug_abbrev  0x00003d17       0x28 c:/program files (x86)/microchip/xc32/v1.40/bin/bin/../../lib/gcc/pic32mx/4.8.3/../../../../pic32mx/lib\libpic32.a(default-bootstrap-exception-handler.o)
 .debug_abbrev  0x00003d3f       0x28 c:/program files (x86)/microchip/xc32/v1.40/bin/bin/../../lib/gcc/pic32mx/4.8.3/../../../../pic32mx/lib\libpic32.a(default-on-reset.o)
 .debug_abbrev  0x00003d67       0x28 c:/program files (x86)/microchip/xc32/v1.40/bin/bin/../../lib/gcc/pic32mx/4.8.3/../../../../pic32mx/lib\libpic32.a(default-on-bootstrap.o)
 .debug_abbrev  0x00003d8f       0x28 c:/program files (x86)/microchip/xc32/v1.40/bin/bin/../../lib/gcc/pic32mx/4.8.3/../../../../pic32mx/lib\libpic32.a(defaultinterrupt.o)

.debug_line     0x00000000     0x83c4
 *(.debug_line)
 .debug_line    0x00000000      0x777 build/default/production/_ext/1361460060/drv_adc_static.o
 .debug_line    0x00000777      0x5e1 build/default/production/_ext/1047219354/drv_oc_static.o
 .debug_line    0x00000d58      0x39c build/default/production/_ext/1407244131/drv_tmr_static.o
 .debug_line    0x000010f4      0x629 build/default/production/_ext/1345626252/drv_usart_static.o
 .debug_line    0x0000171d      0x394 build/default/production/_ext/639803181/sys_clk_static.o
 .debug_line    0x00001ab1      0x3ba build/default/production/_ext/822048611/sys_ports_static.o
 .debug_line    0x00001e6b      0x605 build/default/production/_ext/1688732426/system_init.o
 .debug_line    0x00002470      0x534 build/default/production/_ext/1688732426/system_interrupt.o
 .debug_line    0x000029a4      0x14f build/default/production/_ext/1688732426/system_exceptions.o
 .debug_line    0x00002af3      0x3a7 build/default/production/_ext/1688732426/system_tasks.o
 .debug_line    0x00002e9a       0xa5 build/default/production/_ext/1688732426/system_interrupt_a.o
 .debug_line    0x00002f3f      0x150 build/default/production/_ext/1688732426/rtos_hooks.o
 .debug_line    0x0000308f       0xc5 build/default/production/_ext/1360937237/main.o
 .debug_line    0x00003154      0x12e build/default/production/_ext/1360937237/timerCallback.o
 .debug_line    0x00003282      0x53a build/default/production/_ext/1360937237/send.o
 .debug_line    0x000037bc      0x5b4 build/default/production/_ext/1360937237/sensor.o
 .debug_line    0x00003d70      0x288 build/default/production/_ext/1360937237/sender.o
 .debug_line    0x00003ff8      0x3bf build/default/production/_ext/1360937237/process.o
 .debug_line    0x000043b7      0x48a build/default/production/_ext/1360937237/IRarray.o
 .debug_line    0x00004841      0x2f3 build/default/production/_ext/1360937237/receive.o
 .debug_line    0x00004b34      0x2c4 build/default/production/_ext/308321468/osal_freertos.o
 .debug_line    0x00004df8      0x5e7 build/default/production/_ext/482662494/sys_devcon.o
 .debug_line    0x000053df      0x48f build/default/production/_ext/482662494/sys_devcon_pic32mx.o
 .debug_line    0x0000586e      0x39e build/default/production/_ext/1042686532/sys_int_pic32.o
 .debug_line    0x00005c0c      0x88b build/default/production/_ext/826631961/sys_ports.o
 .debug_line    0x00006497      0x220 build/default/production/_ext/1107379230/heap_1.o
 .debug_line    0x000066b7      0x240 build/default/production/_ext/1282498059/port.o
 .debug_line    0x000068f7      0x105 build/default/production/_ext/1282498059/port_asm.o
 .debug_line    0x000069fc       0x1d build/default/production/_ext/373060831/croutine.o
 .debug_line    0x00006a19      0x1e5 build/default/production/_ext/373060831/list.o
 .debug_line    0x00006bfe      0x4ab build/default/production/_ext/373060831/queue.o
 .debug_line    0x000070a9      0x7ff build/default/production/_ext/373060831/tasks.o
 .debug_line    0x000078a8      0x396 build/default/production/_ext/373060831/timers.o
 .debug_line    0x00007c3e      0x32a build/default/production/_ext/373060831/event_groups.o
 .debug_line    0x00007f68      0x199 build/default/production/_ext/1360937237/debug.o
 .debug_line    0x00008101       0x8a c:/program files (x86)/microchip/xc32/v1.40/bin/bin/../../lib/gcc/pic32mx/4.8.3\libgcc.a(floatunsisf.o)
 .debug_line    0x0000818b       0x97 c:/program files (x86)/microchip/xc32/v1.40/bin/bin/../../lib/gcc/pic32mx/4.8.3/../../../../pic32mx/lib\libpic32.a(default-bootstrap-exception-handler.o)
 .debug_line    0x00008222       0x84 c:/program files (x86)/microchip/xc32/v1.40/bin/bin/../../lib/gcc/pic32mx/4.8.3/../../../../pic32mx/lib\libpic32.a(default-on-reset.o)
 .debug_line    0x000082a6       0x88 c:/program files (x86)/microchip/xc32/v1.40/bin/bin/../../lib/gcc/pic32mx/4.8.3/../../../../pic32mx/lib\libpic32.a(default-on-bootstrap.o)
 .debug_line    0x0000832e       0x96 c:/program files (x86)/microchip/xc32/v1.40/bin/bin/../../lib/gcc/pic32mx/4.8.3/../../../../pic32mx/lib\libpic32.a(defaultinterrupt.o)

.debug_frame    0x00000000     0x1b20
 *(.debug_frame)
 .debug_frame   0x00000000       0xd0 build/default/production/_ext/1361460060/drv_adc_static.o
 .debug_frame   0x000000d0      0x1d0 build/default/production/_ext/1047219354/drv_oc_static.o
 .debug_frame   0x000002a0       0x70 build/default/production/_ext/1407244131/drv_tmr_static.o
 .debug_frame   0x00000310       0x58 build/default/production/_ext/1345626252/drv_usart_static.o
 .debug_frame   0x00000368       0x58 build/default/production/_ext/639803181/sys_clk_static.o
 .debug_frame   0x000003c0       0x20 build/default/production/_ext/822048611/sys_ports_static.o
 .debug_frame   0x000003e0       0x28 build/default/production/_ext/1688732426/system_init.o
 .debug_frame   0x00000408       0x44 build/default/production/_ext/1688732426/system_interrupt.o
 .debug_frame   0x0000044c       0x28 build/default/production/_ext/1688732426/system_exceptions.o
 .debug_frame   0x00000474       0xb8 build/default/production/_ext/1688732426/system_tasks.o
 .debug_frame   0x0000052c       0x40 build/default/production/_ext/1688732426/rtos_hooks.o
 .debug_frame   0x0000056c       0x28 build/default/production/_ext/1360937237/main.o
 .debug_frame   0x00000594       0x88 build/default/production/_ext/1360937237/timerCallback.o
 .debug_frame   0x0000061c      0x110 build/default/production/_ext/1360937237/send.o
 .debug_frame   0x0000072c      0x118 build/default/production/_ext/1360937237/sensor.o
 .debug_frame   0x00000844       0xa0 build/default/production/_ext/1360937237/sender.o
 .debug_frame   0x000008e4      0x13c build/default/production/_ext/1360937237/process.o
 .debug_frame   0x00000a20       0x98 build/default/production/_ext/1360937237/IRarray.o
 .debug_frame   0x00000ab8       0x84 build/default/production/_ext/1360937237/receive.o
 .debug_frame   0x00000b3c      0x150 build/default/production/_ext/308321468/osal_freertos.o
 .debug_frame   0x00000c8c       0xe8 build/default/production/_ext/482662494/sys_devcon.o
 .debug_frame   0x00000d74       0x28 build/default/production/_ext/482662494/sys_devcon_pic32mx.o
 .debug_frame   0x00000d9c       0x90 build/default/production/_ext/1042686532/sys_int_pic32.o
 .debug_frame   0x00000e2c      0x1d0 build/default/production/_ext/826631961/sys_ports.o
 .debug_frame   0x00000ffc       0x5c build/default/production/_ext/1107379230/heap_1.o
 .debug_frame   0x00001058       0xc0 build/default/production/_ext/1282498059/port.o
 .debug_frame   0x00001118       0x60 build/default/production/_ext/373060831/list.o
 .debug_frame   0x00001178      0x230 build/default/production/_ext/373060831/queue.o
 .debug_frame   0x000013a8      0x450 build/default/production/_ext/373060831/tasks.o
 .debug_frame   0x000017f8      0x134 build/default/production/_ext/373060831/timers.o
 .debug_frame   0x0000192c      0x108 build/default/production/_ext/373060831/event_groups.o
 .debug_frame   0x00001a34       0x38 build/default/production/_ext/1360937237/debug.o
 .debug_frame   0x00001a6c       0x28 c:/program files (x86)/microchip/xc32/v1.40/bin/bin/../../lib/gcc/pic32mx/4.8.3\libgcc.a(floatunsisf.o)
 .debug_frame   0x00001a94       0x2c c:/program files (x86)/microchip/xc32/v1.40/bin/bin/../../lib/gcc/pic32mx/4.8.3/../../../../pic32mx/lib\libpic32.a(default-bootstrap-exception-handler.o)
 .debug_frame   0x00001ac0       0x20 c:/program files (x86)/microchip/xc32/v1.40/bin/bin/../../lib/gcc/pic32mx/4.8.3/../../../../pic32mx/lib\libpic32.a(default-on-reset.o)
 .debug_frame   0x00001ae0       0x20 c:/program files (x86)/microchip/xc32/v1.40/bin/bin/../../lib/gcc/pic32mx/4.8.3/../../../../pic32mx/lib\libpic32.a(default-on-bootstrap.o)
 .debug_frame   0x00001b00       0x20 c:/program files (x86)/microchip/xc32/v1.40/bin/bin/../../lib/gcc/pic32mx/4.8.3/../../../../pic32mx/lib\libpic32.a(defaultinterrupt.o)

.debug_str      0x00000000      0x8d0
 *(.debug_str)
 .debug_str     0x00000000       0x8e build/default/production/_ext/1361460060/drv_adc_static.o
 .debug_str     0x0000008e       0x25 build/default/production/_ext/1047219354/drv_oc_static.o
 .debug_str     0x000000b3        0xf build/default/production/_ext/1407244131/drv_tmr_static.o
 .debug_str     0x000000c2       0x88 build/default/production/_ext/1345626252/drv_usart_static.o
 .debug_str     0x0000014a       0x39 build/default/production/_ext/639803181/sys_clk_static.o
 .debug_str     0x00000183       0x15 build/default/production/_ext/822048611/sys_ports_static.o
 .debug_str     0x00000198        0xb build/default/production/_ext/1688732426/system_init.o
 .debug_str     0x000001a3       0x3b build/default/production/_ext/1688732426/system_interrupt.o
 .debug_str     0x000001de        0x0 build/default/production/_ext/1688732426/system_exceptions.o
 .debug_str     0x000001de        0x0 build/default/production/_ext/1688732426/system_tasks.o
 .debug_str     0x000001de        0x9 build/default/production/_ext/1688732426/rtos_hooks.o
 .debug_str     0x000001e7        0x0 build/default/production/_ext/1360937237/main.o
 .debug_str     0x000001e7       0x33 build/default/production/_ext/1360937237/timerCallback.o
 .debug_str     0x0000021a       0x15 build/default/production/_ext/1360937237/send.o
 .debug_str     0x0000022f       0x83 build/default/production/_ext/1360937237/sensor.o
 .debug_str     0x000002b2       0x10 build/default/production/_ext/1360937237/sender.o
 .debug_str     0x000002c2       0x17 build/default/production/_ext/1360937237/process.o
 .debug_str     0x000002d9       0x31 build/default/production/_ext/1360937237/IRarray.o
 .debug_str     0x0000030a       0x1c build/default/production/_ext/1360937237/receive.o
 .debug_str     0x00000326       0x40 build/default/production/_ext/308321468/osal_freertos.o
 .debug_str     0x00000366       0x16 build/default/production/_ext/482662494/sys_devcon.o
 .debug_str     0x0000037c        0x6 build/default/production/_ext/482662494/sys_devcon_pic32mx.o
 .debug_str     0x00000382       0x2d build/default/production/_ext/1042686532/sys_int_pic32.o
 .debug_str     0x000003af       0x98 build/default/production/_ext/826631961/sys_ports.o
 .debug_str     0x00000447       0x1d build/default/production/_ext/1107379230/heap_1.o
 .debug_str     0x00000464       0x37 build/default/production/_ext/1282498059/port.o
 .debug_str     0x0000049b        0x0 build/default/production/_ext/373060831/croutine.o
 .debug_str     0x0000049b       0x2b build/default/production/_ext/373060831/list.o
 .debug_str     0x000004c6       0xf1 build/default/production/_ext/373060831/queue.o
 .debug_str     0x000005b7      0x174 build/default/production/_ext/373060831/tasks.o
 .debug_str     0x0000072b       0xbf build/default/production/_ext/373060831/timers.o
 .debug_str     0x000007ea       0xe6 build/default/production/_ext/373060831/event_groups.o
 .debug_str     0x000008d0        0x0 build/default/production/_ext/1360937237/debug.o
 .debug_str     0x000008d0        0x0 c:/program files (x86)/microchip/xc32/v1.40/bin/bin/../../lib/gcc/pic32mx/4.8.3\libgcc.a(floatunsisf.o)
 .debug_str     0x000008d0        0x0 c:/program files (x86)/microchip/xc32/v1.40/bin/bin/../../lib/gcc/pic32mx/4.8.3/../../../../pic32mx/lib\libpic32.a(default-bootstrap-exception-handler.o)
 .debug_str     0x000008d0        0x0 c:/program files (x86)/microchip/xc32/v1.40/bin/bin/../../lib/gcc/pic32mx/4.8.3/../../../../pic32mx/lib\libpic32.a(default-on-reset.o)
 .debug_str     0x000008d0        0x0 c:/program files (x86)/microchip/xc32/v1.40/bin/bin/../../lib/gcc/pic32mx/4.8.3/../../../../pic32mx/lib\libpic32.a(default-on-bootstrap.o)
 .debug_str     0x000008d0        0x0 c:/program files (x86)/microchip/xc32/v1.40/bin/bin/../../lib/gcc/pic32mx/4.8.3/../../../../pic32mx/lib\libpic32.a(defaultinterrupt.o)

.debug_loc      0x00000000     0x54d5
 *(.debug_loc)
 .debug_loc     0x00000000      0x111 build/default/production/_ext/1361460060/drv_adc_static.o
 .debug_loc     0x00000111      0x130 build/default/production/_ext/1047219354/drv_oc_static.o
 .debug_loc     0x00000241       0x21 build/default/production/_ext/1407244131/drv_tmr_static.o
 .debug_loc     0x00000262       0x3a build/default/production/_ext/1345626252/drv_usart_static.o
 .debug_loc     0x0000029c       0x21 build/default/production/_ext/639803181/sys_clk_static.o
 .debug_loc     0x000002bd       0x21 build/default/production/_ext/1688732426/system_init.o
 .debug_loc     0x000002de       0x6f build/default/production/_ext/1688732426/system_interrupt.o
 .debug_loc     0x0000034d       0x34 build/default/production/_ext/1688732426/rtos_hooks.o
 .debug_loc     0x00000381       0x63 build/default/production/_ext/1360937237/timerCallback.o
 .debug_loc     0x000003e4      0x16d build/default/production/_ext/1360937237/send.o
 .debug_loc     0x00000551      0x1a8 build/default/production/_ext/1360937237/sensor.o
 .debug_loc     0x000006f9      0x299 build/default/production/_ext/1360937237/sender.o
 .debug_loc     0x00000992       0x2c build/default/production/_ext/1360937237/process.o
 .debug_loc     0x000009be       0x58 build/default/production/_ext/1360937237/IRarray.o
 .debug_loc     0x00000a16       0x2c build/default/production/_ext/1360937237/receive.o
 .debug_loc     0x00000a42      0x40c build/default/production/_ext/308321468/osal_freertos.o
 .debug_loc     0x00000e4e       0xf0 build/default/production/_ext/482662494/sys_devcon.o
 .debug_loc     0x00000f3e       0xe0 build/default/production/_ext/482662494/sys_devcon_pic32mx.o
 .debug_loc     0x0000101e       0x8d build/default/production/_ext/1042686532/sys_int_pic32.o
 .debug_loc     0x000010ab      0xee1 build/default/production/_ext/826631961/sys_ports.o
 .debug_loc     0x00001f8c       0x49 build/default/production/_ext/1107379230/heap_1.o
 .debug_loc     0x00001fd5       0xea build/default/production/_ext/1282498059/port.o
 .debug_loc     0x000020bf       0x31 build/default/production/_ext/373060831/list.o
 .debug_loc     0x000020f0      0xd35 build/default/production/_ext/373060831/queue.o
 .debug_loc     0x00002e25     0x1505 build/default/production/_ext/373060831/tasks.o
 .debug_loc     0x0000432a      0x7c0 build/default/production/_ext/373060831/timers.o
 .debug_loc     0x00004aea      0x8ea build/default/production/_ext/373060831/event_groups.o
 .debug_loc     0x000053d4       0x8d build/default/production/_ext/1360937237/debug.o
 .debug_loc     0x00005461       0x74 c:/program files (x86)/microchip/xc32/v1.40/bin/bin/../../lib/gcc/pic32mx/4.8.3\libgcc.a(floatunsisf.o)

.debug_macinfo
 *(.debug_macinfo)

.debug_weaknames
 *(.debug_weaknames)

.debug_funcnames
 *(.debug_funcnames)

.debug_typenames
 *(.debug_typenames)

.debug_varnames
 *(.debug_varnames)

.debug_pubtypes
 *(.debug_pubtypes)

.debug_ranges   0x00000000      0xbc8
 *(.debug_ranges)
 .debug_ranges  0x00000000       0x68 build/default/production/_ext/1361460060/drv_adc_static.o
 .debug_ranges  0x00000068       0xe8 build/default/production/_ext/1047219354/drv_oc_static.o
 .debug_ranges  0x00000150       0x38 build/default/production/_ext/1407244131/drv_tmr_static.o
 .debug_ranges  0x00000188       0x28 build/default/production/_ext/1345626252/drv_usart_static.o
 .debug_ranges  0x000001b0       0x28 build/default/production/_ext/639803181/sys_clk_static.o
 .debug_ranges  0x000001d8       0x10 build/default/production/_ext/822048611/sys_ports_static.o
 .debug_ranges  0x000001e8       0x10 build/default/production/_ext/1688732426/system_init.o
 .debug_ranges  0x000001f8       0x18 build/default/production/_ext/1688732426/system_interrupt.o
 .debug_ranges  0x00000210       0x10 build/default/production/_ext/1688732426/system_exceptions.o
 .debug_ranges  0x00000220       0x40 build/default/production/_ext/1688732426/system_tasks.o
 .debug_ranges  0x00000260       0x30 build/default/production/_ext/1688732426/system_interrupt_a.o
 .debug_ranges  0x00000290       0x18 build/default/production/_ext/1688732426/rtos_hooks.o
 .debug_ranges  0x000002a8       0x10 build/default/production/_ext/1360937237/main.o
 .debug_ranges  0x000002b8       0x38 build/default/production/_ext/1360937237/timerCallback.o
 .debug_ranges  0x000002f0       0x70 build/default/production/_ext/1360937237/send.o
 .debug_ranges  0x00000360       0x78 build/default/production/_ext/1360937237/sensor.o
 .debug_ranges  0x000003d8       0x30 build/default/production/_ext/1360937237/sender.o
 .debug_ranges  0x00000408       0x68 build/default/production/_ext/1360937237/process.o
 .debug_ranges  0x00000470       0x30 build/default/production/_ext/1360937237/IRarray.o
 .debug_ranges  0x000004a0       0x30 build/default/production/_ext/1360937237/receive.o
 .debug_ranges  0x000004d0       0x78 build/default/production/_ext/308321468/osal_freertos.o
 .debug_ranges  0x00000548       0x68 build/default/production/_ext/482662494/sys_devcon.o
 .debug_ranges  0x000005b0       0x10 build/default/production/_ext/482662494/sys_devcon_pic32mx.o
 .debug_ranges  0x000005c0       0x50 build/default/production/_ext/1042686532/sys_int_pic32.o
 .debug_ranges  0x00000610       0xe8 build/default/production/_ext/826631961/sys_ports.o
 .debug_ranges  0x000006f8       0x28 build/default/production/_ext/1107379230/heap_1.o
 .debug_ranges  0x00000720       0x48 build/default/production/_ext/1282498059/port.o
 .debug_ranges  0x00000768       0x30 build/default/production/_ext/373060831/list.o
 .debug_ranges  0x00000798       0xa8 build/default/production/_ext/373060831/queue.o
 .debug_ranges  0x00000840      0x1b0 build/default/production/_ext/373060831/tasks.o
 .debug_ranges  0x000009f0       0xe8 build/default/production/_ext/373060831/timers.o
 .debug_ranges  0x00000ad8       0x98 build/default/production/_ext/373060831/event_groups.o
 .debug_ranges  0x00000b70       0x18 build/default/production/_ext/1360937237/debug.o
 .debug_ranges  0x00000b88       0x10 c:/program files (x86)/microchip/xc32/v1.40/bin/bin/../../lib/gcc/pic32mx/4.8.3/../../../../pic32mx/lib\libpic32.a(default-bootstrap-exception-handler.o)
 .debug_ranges  0x00000b98       0x10 c:/program files (x86)/microchip/xc32/v1.40/bin/bin/../../lib/gcc/pic32mx/4.8.3/../../../../pic32mx/lib\libpic32.a(default-on-reset.o)
 .debug_ranges  0x00000ba8       0x10 c:/program files (x86)/microchip/xc32/v1.40/bin/bin/../../lib/gcc/pic32mx/4.8.3/../../../../pic32mx/lib\libpic32.a(default-on-bootstrap.o)
 .debug_ranges  0x00000bb8       0x10 c:/program files (x86)/microchip/xc32/v1.40/bin/bin/../../lib/gcc/pic32mx/4.8.3/../../../../pic32mx/lib\libpic32.a(defaultinterrupt.o)

.gnu.attributes
                0x00000000       0x10
 *(.gnu.attributes)
 .gnu.attributes
                0x00000000       0x10 build/default/production/_ext/1361460060/drv_adc_static.o
 .gnu.attributes
                0x00000010       0x10 build/default/production/_ext/1047219354/drv_oc_static.o
 .gnu.attributes
                0x00000020       0x10 build/default/production/_ext/1407244131/drv_tmr_static.o
 .gnu.attributes
                0x00000030       0x10 build/default/production/_ext/1345626252/drv_usart_static.o
 .gnu.attributes
                0x00000040       0x10 build/default/production/_ext/639803181/sys_clk_static.o
 .gnu.attributes
                0x00000050       0x10 build/default/production/_ext/822048611/sys_ports_static.o
 .gnu.attributes
                0x00000060       0x10 build/default/production/_ext/1688732426/system_init.o
 .gnu.attributes
                0x00000070       0x10 build/default/production/_ext/1688732426/system_interrupt.o
 .gnu.attributes
                0x00000080       0x10 build/default/production/_ext/1688732426/system_exceptions.o
 .gnu.attributes
                0x00000090       0x10 build/default/production/_ext/1688732426/system_tasks.o
 .gnu.attributes
                0x000000a0       0x10 build/default/production/_ext/1688732426/rtos_hooks.o
 .gnu.attributes
                0x000000b0       0x10 build/default/production/_ext/1360937237/main.o
 .gnu.attributes
                0x000000c0       0x10 build/default/production/_ext/1360937237/timerCallback.o
 .gnu.attributes
                0x000000d0       0x10 build/default/production/_ext/1360937237/send.o
 .gnu.attributes
                0x000000e0       0x10 build/default/production/_ext/1360937237/sensor.o
 .gnu.attributes
                0x000000f0       0x10 build/default/production/_ext/1360937237/sender.o
 .gnu.attributes
                0x00000100       0x10 build/default/production/_ext/1360937237/process.o
 .gnu.attributes
                0x00000110       0x10 build/default/production/_ext/1360937237/IRarray.o
 .gnu.attributes
                0x00000120       0x10 build/default/production/_ext/1360937237/receive.o
 .gnu.attributes
                0x00000130       0x10 build/default/production/_ext/308321468/osal_freertos.o
 .gnu.attributes
                0x00000140       0x10 build/default/production/_ext/482662494/sys_devcon.o
 .gnu.attributes
                0x00000150       0x10 build/default/production/_ext/482662494/sys_devcon_pic32mx.o
 .gnu.attributes
                0x00000160       0x10 build/default/production/_ext/1042686532/sys_int_pic32.o
 .gnu.attributes
                0x00000170       0x10 build/default/production/_ext/826631961/sys_ports.o
 .gnu.attributes
                0x00000180       0x10 build/default/production/_ext/1107379230/heap_1.o
 .gnu.attributes
                0x00000190       0x10 build/default/production/_ext/1282498059/port.o
 .gnu.attributes
                0x000001a0       0x10 build/default/production/_ext/373060831/croutine.o
 .gnu.attributes
                0x000001b0       0x10 build/default/production/_ext/373060831/list.o
 .gnu.attributes
                0x000001c0       0x10 build/default/production/_ext/373060831/queue.o
 .gnu.attributes
                0x000001d0       0x10 build/default/production/_ext/373060831/tasks.o
 .gnu.attributes
                0x000001e0       0x10 build/default/production/_ext/373060831/timers.o
 .gnu.attributes
                0x000001f0       0x10 build/default/production/_ext/373060831/event_groups.o
 .gnu.attributes
                0x00000200       0x10 build/default/production/_ext/1360937237/debug.o
 .gnu.attributes
                0x00000210       0x10 ..\..\..\..\..\bin\framework\peripheral\PIC32MX795F512L_peripherals.a(peripheral.o)
 .gnu.attributes
                0x00000220       0x10 c:/program files (x86)/microchip/xc32/v1.40/bin/bin/../../lib/gcc/pic32mx/4.8.3\libgcc.a(floatunsisf.o)
 .gnu.attributes
                0x00000230       0x10 c:/program files (x86)/microchip/xc32/v1.40/bin/bin/../../lib/gcc/pic32mx/4.8.3/../../../../pic32mx/lib\libpic32.a(default-bootstrap-exception-handler.o)
 .gnu.attributes
                0x00000240       0x10 c:/program files (x86)/microchip/xc32/v1.40/bin/bin/../../lib/gcc/pic32mx/4.8.3/../../../../pic32mx/lib\libpic32.a(default-on-reset.o)
 .gnu.attributes
                0x00000250       0x10 c:/program files (x86)/microchip/xc32/v1.40/bin/bin/../../lib/gcc/pic32mx/4.8.3/../../../../pic32mx/lib\libpic32.a(default-on-bootstrap.o)
 .gnu.attributes
                0x00000260       0x10 c:/program files (x86)/microchip/xc32/v1.40/bin/bin/../../lib/gcc/pic32mx/4.8.3/../../../../pic32mx/lib\libpic32.a(defaultinterrupt.o)
LOAD c:/program files (x86)/microchip/xc32/v1.40/bin/bin/../../lib/gcc/pic32mx/4.8.3\libgcc.a
START GROUP
LOAD c:/program files (x86)/microchip/xc32/v1.40/bin/bin/../../lib/gcc/pic32mx/4.8.3/../../../../pic32mx/lib\libpic32.a
LOAD c:/program files (x86)/microchip/xc32/v1.40/bin/bin/../../lib/gcc/pic32mx/4.8.3/../../../../pic32mx/lib\libdebug.a
LOAD c:/program files (x86)/microchip/xc32/v1.40/bin/bin/../../lib/gcc/pic32mx/4.8.3/../../../../pic32mx/lib\libpic32.a
LOAD c:/program files (x86)/microchip/xc32/v1.40/bin/bin/../../lib/gcc/pic32mx/4.8.3/../../../../pic32mx/lib\libm.a
LOAD c:/program files (x86)/microchip/xc32/v1.40/bin/bin/../../lib/gcc/pic32mx/4.8.3/../../../../pic32mx/lib\libe.a
LOAD c:/program files (x86)/microchip/xc32/v1.40/bin/bin/../../lib/gcc/pic32mx/4.8.3/../../../../pic32mx/lib\libdsp.a
LOAD c:/program files (x86)/microchip/xc32/v1.40/bin/bin/../../lib/gcc/pic32mx/4.8.3\libgcc.a
LOAD c:/program files (x86)/microchip/xc32/v1.40/bin/bin/../../lib/gcc/pic32mx/4.8.3/../../../../pic32mx/lib\libc.a
LOAD c:/program files (x86)/microchip/xc32/v1.40/bin/bin/../../lib/gcc/pic32mx/4.8.3/../../../../pic32mx/lib\libpic32.a
END GROUP
LOAD c:/program files (x86)/microchip/xc32/v1.40/bin/bin/../../lib/gcc/pic32mx/4.8.3\libgcc.a
OUTPUT(dist/default/production/sensors.X.production.elf elf32-tradlittlemips)
LOAD stack
LOAD data_init

.reginfo        0x00000000       0x18
 .reginfo       0x00000000       0x18 c:/program files (x86)/microchip/xc32/v1.40/bin/bin/../../lib/gcc/pic32mx/4.8.3/../../../../pic32mx/lib/./proc/32MX795F512L/crt0_mips32r2.o

.stack          0xa0019a40      0x400
 .stack         0xa0019a40      0x400 stack

.bss            0xa00002a8    0x19708
 .bss           0xa00002a8    0x19000 build/default/production/_ext/1107379230/heap_1.o
 .bss           0xa00192a8      0x640 build/default/production/_ext/1282498059/port.o
                0xa00192a8                xISRStack
 .bss           0xa00198e8       0xc8 build/default/production/_ext/373060831/tasks.o

.data           0xa00199b0       0x4c
 .data          0xa00199b0       0x4c build/default/production/_ext/1688732426/system_exceptions.o

.bss            0xa00199fc       0x28
 .bss           0xa00199fc       0x28 build/default/production/_ext/373060831/timers.o

._debug_exception
                0xbfc00480       0x2c
 ._debug_exception
                0xbfc00480       0x2c c:/program files (x86)/microchip/xc32/v1.40/bin/bin/../../lib/gcc/pic32mx/4.8.3/../../../../pic32mx/lib\debug-exception-return.o
                0xbfc00480                __DbgExecReturn

.text           0x9d000000      0x454
 .text          0x9d000000      0x454 build/default/production/_ext/1282498059/port_asm.o
                0x9d000000                vPortTickInterruptHandler
                0x9d0001ac                vPortStartFirstTask
                0x9d000274                vPortYieldISR

.text.SENSOR_Tasks
                0x9d000454      0x350
 .text.SENSOR_Tasks
                0x9d000454      0x350 build/default/production/_ext/1360937237/sensor.o
                0x9d000454                SENSOR_Tasks

.text.xTaskGenericCreate
                0x9d0007a4      0x2e0
 .text.xTaskGenericCreate
                0x9d0007a4      0x2e0 build/default/production/_ext/373060831/tasks.o
                0x9d0007a4                xTaskGenericCreate

.text.fpsubadd  0x9d000a84      0x278
 .text.fpsubadd
                0x9d000a84      0x278 c:/program files (x86)/microchip/xc32/v1.40/bin/bin/../../lib/gcc/pic32mx/4.8.3/../../../../pic32mx/lib\libm.a(fp32subadd.o)
                0x9d000a84                __subsf3
                0x9d000a84                fpsub
                0x9d000a8c                __addsf3
                0x9d000a8c                fpadd

.text.prvTimerTask
                0x9d000cfc      0x264
 .text.prvTimerTask
                0x9d000cfc      0x264 build/default/production/_ext/373060831/timers.o

.text.xQueueGenericReceive
                0x9d000f60      0x24c
 .text.xQueueGenericReceive
                0x9d000f60      0x24c build/default/production/_ext/373060831/queue.o
                0x9d000f60                xQueueGenericReceive

.text.fp32div   0x9d0011ac      0x230
 .text.fp32div  0x9d0011ac      0x230 c:/program files (x86)/microchip/xc32/v1.40/bin/bin/../../lib/gcc/pic32mx/4.8.3/../../../../pic32mx/lib\libm.a(fp32div.o)
                0x9d0011ac                fpdiv
                0x9d0011ac                __divsf3

.text.xQueueGenericSend
                0x9d0013dc      0x208
 .text.xQueueGenericSend
                0x9d0013dc      0x208 build/default/production/_ext/373060831/queue.o
                0x9d0013dc                xQueueGenericSend

.text.fp32mul   0x9d0015e4      0x1bc
 .text.fp32mul  0x9d0015e4      0x1bc c:/program files (x86)/microchip/xc32/v1.40/bin/bin/../../lib/gcc/pic32mx/4.8.3/../../../../pic32mx/lib\libm.a(fp32mul.o)
                0x9d0015e4                __mulsf3
                0x9d0015e4                fpmul

.DrvAdc_vector_text
                0x9d0017a0      0x1b4
 .DrvAdc_vector_text
                0x9d0017a0      0x1b4 build/default/production/_ext/1688732426/system_interrupt_a.o

.DrvUsartInstance0_vector_text
                0x9d001954      0x1b4
 .DrvUsartInstance0_vector_text
                0x9d001954      0x1b4 build/default/production/_ext/1688732426/system_interrupt_a.o

.text.SENSOR_Initialize
                0x9d001b08      0x1a0
 .text.SENSOR_Initialize
                0x9d001b08      0x1a0 build/default/production/_ext/1360937237/sensor.o
                0x9d001b08                SENSOR_Initialize

.text.xTaskIncrementTick
                0x9d001ca8      0x19c
 .text.xTaskIncrementTick
                0x9d001ca8      0x19c build/default/production/_ext/373060831/tasks.o
                0x9d001ca8                xTaskIncrementTick

.text.IntHandlerDrvAdc
                0x9d001e44      0x170
 .text.IntHandlerDrvAdc
                0x9d001e44      0x170 build/default/production/_ext/1688732426/system_interrupt.o
                0x9d001e44                IntHandlerDrvAdc

.text           0x9d001fb4      0x168
 .text          0x9d001fb4      0x168 c:/program files (x86)/microchip/xc32/v1.40/bin/bin/../../lib/gcc/pic32mx/4.8.3/../../../../pic32mx/lib\libpic32.a(memcpy.o)
                0x9d001fb4                memcpy

.text.xTaskResumeAll
                0x9d00211c      0x154
 .text.xTaskResumeAll
                0x9d00211c      0x154 build/default/production/_ext/373060831/tasks.o
                0x9d00211c                xTaskResumeAll

.text.SYS_Tasks
                0x9d002270      0x130
 .text.SYS_Tasks
                0x9d002270      0x130 build/default/production/_ext/1688732426/system_tasks.o
                0x9d002270                SYS_Tasks

.dinit          0x9d0023a0      0x130
 .dinit         0x9d0023a0      0x130 data_init

.text.vTaskPriorityInherit
                0x9d0024d0      0x12c
 .text.vTaskPriorityInherit
                0x9d0024d0      0x12c build/default/production/_ext/373060831/tasks.o
                0x9d0024d0                vTaskPriorityInherit

.text.SEND_Initialize
                0x9d0025fc      0x120
 .text.SEND_Initialize
                0x9d0025fc      0x120 build/default/production/_ext/1360937237/send.o
                0x9d0025fc                SEND_Initialize

.text.DRV_ADC_Initialize
                0x9d00271c      0x11c
 .text.DRV_ADC_Initialize
                0x9d00271c      0x11c build/default/production/_ext/1361460060/drv_adc_static.o
                0x9d00271c                DRV_ADC_Initialize

.text.DRV_USART0_Initialize
                0x9d002838      0x110
 .text.DRV_USART0_Initialize
                0x9d002838      0x110 build/default/production/_ext/1345626252/drv_usart_static.o
                0x9d002838                DRV_USART0_Initialize

.text.RECEIVE_Tasks
                0x9d002948      0x110
 .text.RECEIVE_Tasks
                0x9d002948      0x110 build/default/production/_ext/1360937237/receive.o
                0x9d002948                RECEIVE_Tasks

.text.RECEIVE_Initialize
                0x9d002a58      0x10c
 .text.RECEIVE_Initialize
                0x9d002a58      0x10c build/default/production/_ext/1360937237/receive.o
                0x9d002a58                RECEIVE_Initialize

.text.IRARRAY_Initialize
                0x9d002b64      0x108
 .text.IRARRAY_Initialize
                0x9d002b64      0x108 build/default/production/_ext/1360937237/IRarray.o
                0x9d002b64                IRARRAY_Initialize

.text.IRARRAY_Tasks
                0x9d002c6c      0x104
 .text.IRARRAY_Tasks
                0x9d002c6c      0x104 build/default/production/_ext/1360937237/IRarray.o
                0x9d002c6c                IRARRAY_Tasks

.text.prvUnlockQueue
                0x9d002d70      0x104
 .text.prvUnlockQueue
                0x9d002d70      0x104 build/default/production/_ext/373060831/queue.o

.text.prvSampleTimeNow
                0x9d002e74      0x104
 .text.prvSampleTimeNow