
Optional file libmchp_peripheral.a not found

Optional file libmchp_peripheral_32MX795F512L.a not found
Archive member included because of file (symbol)

c:/program files (x86)/microchip/xc32/v1.40/bin/bin/../../lib/gcc/pic32mx/4.8.3/../../../../pic32mx/lib\libpic32.a(memcpy.o)
                              build/default/production/_ext/373060831/queue.o (memcpy)
c:/program files (x86)/microchip/xc32/v1.40/bin/bin/../../lib/gcc/pic32mx/4.8.3/../../../../pic32mx/lib\libpic32.a(memset.o)
                              build/default/production/_ext/373060831/tasks.o (memset)
c:/program files (x86)/microchip/xc32/v1.40/bin/bin/../../lib/gcc/pic32mx/4.8.3/../../../../pic32mx/lib\libpic32.a(default-bootstrap-exception-handler.o)
                              c:/program files (x86)/microchip/xc32/v1.40/bin/bin/../../lib/gcc/pic32mx/4.8.3/../../../../pic32mx/lib/./proc/32MX795F512L/crt0_mips32r2.o (_bootstrap_exception_handler)
c:/program files (x86)/microchip/xc32/v1.40/bin/bin/../../lib/gcc/pic32mx/4.8.3/../../../../pic32mx/lib\libpic32.a(default-on-reset.o)
                              c:/program files (x86)/microchip/xc32/v1.40/bin/bin/../../lib/gcc/pic32mx/4.8.3/../../../../pic32mx/lib/./proc/32MX795F512L/crt0_mips32r2.o (_on_reset)
c:/program files (x86)/microchip/xc32/v1.40/bin/bin/../../lib/gcc/pic32mx/4.8.3/../../../../pic32mx/lib\libpic32.a(default-on-bootstrap.o)
                              c:/program files (x86)/microchip/xc32/v1.40/bin/bin/../../lib/gcc/pic32mx/4.8.3/../../../../pic32mx/lib/./proc/32MX795F512L/crt0_mips32r2.o (_on_bootstrap)
c:/program files (x86)/microchip/xc32/v1.40/bin/bin/../../lib/gcc/pic32mx/4.8.3/../../../../pic32mx/lib\libpic32.a(default-nmi-handler.o)
                              c:/program files (x86)/microchip/xc32/v1.40/bin/bin/../../lib/gcc/pic32mx/4.8.3/../../../../pic32mx/lib/./proc/32MX795F512L/crt0_mips32r2.o (_nmi_handler)
c:/program files (x86)/microchip/xc32/v1.40/bin/bin/../../lib/gcc/pic32mx/4.8.3/../../../../pic32mx/lib\libpic32.a(general-exception.o)
                              c:/program files (x86)/microchip/xc32/v1.40/bin/bin/../../lib/gcc/pic32mx/4.8.3/../../../../pic32mx/lib/./proc/32MX795F512L/crt0_mips32r2.o (_general_exception_context)
c:/program files (x86)/microchip/xc32/v1.40/bin/bin/../../lib/gcc/pic32mx/4.8.3/../../../../pic32mx/lib\libpic32.a(vector0.o)
                              c:/program files (x86)/microchip/xc32/v1.40/bin/bin/../../lib/gcc/pic32mx/4.8.3/../../../../pic32mx/lib/./proc/32MX795F512L\default_isr_vectors.o (__vector_dispatch_0)
c:/program files (x86)/microchip/xc32/v1.40/bin/bin/../../lib/gcc/pic32mx/4.8.3/../../../../pic32mx/lib\libpic32.a(vector2.o)
                              c:/program files (x86)/microchip/xc32/v1.40/bin/bin/../../lib/gcc/pic32mx/4.8.3/../../../../pic32mx/lib/./proc/32MX795F512L\default_isr_vectors.o (__vector_dispatch_2)
c:/program files (x86)/microchip/xc32/v1.40/bin/bin/../../lib/gcc/pic32mx/4.8.3/../../../../pic32mx/lib\libpic32.a(vector3.o)
                              c:/program files (x86)/microchip/xc32/v1.40/bin/bin/../../lib/gcc/pic32mx/4.8.3/../../../../pic32mx/lib/./proc/32MX795F512L\default_isr_vectors.o (__vector_dispatch_3)
c:/program files (x86)/microchip/xc32/v1.40/bin/bin/../../lib/gcc/pic32mx/4.8.3/../../../../pic32mx/lib\libpic32.a(vector5.o)
                              c:/program files (x86)/microchip/xc32/v1.40/bin/bin/../../lib/gcc/pic32mx/4.8.3/../../../../pic32mx/lib/./proc/32MX795F512L\default_isr_vectors.o (__vector_dispatch_5)
c:/program files (x86)/microchip/xc32/v1.40/bin/bin/../../lib/gcc/pic32mx/4.8.3/../../../../pic32mx/lib\libpic32.a(vector6.o)
                              c:/program files (x86)/microchip/xc32/v1.40/bin/bin/../../lib/gcc/pic32mx/4.8.3/../../../../pic32mx/lib/./proc/32MX795F512L\default_isr_vectors.o (__vector_dispatch_6)
c:/program files (x86)/microchip/xc32/v1.40/bin/bin/../../lib/gcc/pic32mx/4.8.3/../../../../pic32mx/lib\libpic32.a(vector7.o)
                              c:/program files (x86)/microchip/xc32/v1.40/bin/bin/../../lib/gcc/pic32mx/4.8.3/../../../../pic32mx/lib/./proc/32MX795F512L\default_isr_vectors.o (__vector_dispatch_7)
c:/program files (x86)/microchip/xc32/v1.40/bin/bin/../../lib/gcc/pic32mx/4.8.3/../../../../pic32mx/lib\libpic32.a(vector8.o)
                              c:/program files (x86)/microchip/xc32/v1.40/bin/bin/../../lib/gcc/pic32mx/4.8.3/../../../../pic32mx/lib/./proc/32MX795F512L\default_isr_vectors.o (__vector_dispatch_8)
c:/program files (x86)/microchip/xc32/v1.40/bin/bin/../../lib/gcc/pic32mx/4.8.3/../../../../pic32mx/lib\libpic32.a(vector9.o)
                              c:/program files (x86)/microchip/xc32/v1.40/bin/bin/../../lib/gcc/pic32mx/4.8.3/../../../../pic32mx/lib/./proc/32MX795F512L\default_isr_vectors.o (__vector_dispatch_9)
c:/program files (x86)/microchip/xc32/v1.40/bin/bin/../../lib/gcc/pic32mx/4.8.3/../../../../pic32mx/lib\libpic32.a(vector10.o)
[...]
Memory Configuration

Name             Origin             Length             Attributes
kseg0_program_mem 0x9d000000         0x00080000         xr
kseg0_boot_mem   0x9fc00490         0x00000970
exception_mem    0x9fc01000         0x00001000
kseg1_boot_mem   0xbfc00000         0x00000490
debug_exec_mem   0xbfc02000         0x00000ff0
config3          0xbfc02ff0         0x00000004
config2          0xbfc02ff4         0x00000004
config1          0xbfc02ff8         0x00000004
config0          0xbfc02ffc         0x00000004
kseg1_data_mem   0xa0000000         0x00020000         w !x
sfrs             0xbf800000         0x00100000
configsfrs       0xbfc02ff0         0x00000010
*default*        0x00000000         0xffffffff

Linker script and memory map

LOAD c:/program files (x86)/microchip/xc32/v1.40/bin/bin/../../lib/gcc/pic32mx/4.8.3/../../../../pic32mx/lib/./proc/32MX795F512L/crt0_mips32r2.o
LOAD c:/program files (x86)/microchip/xc32/v1.40/bin/bin/../../lib/gcc/pic32mx/4.8.3/../../../../pic32mx/lib\debug-exception-return.o
LOAD build/default/production/_ext/1361460060/drv_adc_static.o
LOAD build/default/production/_ext/1345626252/drv_usart_static.o
LOAD build/default/production/_ext/639803181/sys_clk_static.o
LOAD build/default/production/_ext/822048611/sys_ports_static.o
LOAD build/default/production/_ext/1688732426/system_init.o
LOAD build/default/production/_ext/1688732426/system_interrupt_a.o
LOAD build/default/production/_ext/1688732426/system_exceptions.o
LOAD build/default/production/_ext/1688732426/system_tasks.o
LOAD build/default/production/_ext/1688732426/system_interrupt.o
LOAD build/default/production/_ext/1688732426/rtos_hooks.o
LOAD build/default/production/_ext/1360937237/timerCallback.o
LOAD build/default/production/_ext/1360937237/sender.o
LOAD build/default/production/_ext/1360937237/main.o
LOAD build/default/production/_ext/1360937237/process.o
LOAD build/default/production/_ext/1360937237/receive.o
LOAD build/default/production/_ext/1360937237/send.o
LOAD build/default/production/_ext/308321468/osal_freertos.o
LOAD build/default/production/_ext/482662494/sys_devcon.o
LOAD build/default/production/_ext/482662494/sys_devcon_pic32mx.o
LOAD build/default/production/_ext/1042686532/sys_int_pic32.o
LOAD build/default/production/_ext/826631961/sys_ports.o
LOAD build/default/production/_ext/1107379230/heap_1.o
LOAD build/default/production/_ext/1282498059/port_asm.o
LOAD build/default/production/_ext/1282498059/port.o
LOAD build/default/production/_ext/373060831/list.o
LOAD build/default/production/_ext/373060831/croutine.o
LOAD build/default/production/_ext/373060831/tasks.o
LOAD build/default/production/_ext/373060831/event_groups.o
LOAD build/default/production/_ext/373060831/timers.o
LOAD build/default/production/_ext/373060831/queue.o
LOAD build/default/production/_ext/1360937237/debug.o
LOAD ..\..\..\..\..\bin\framework\peripheral\PIC32MX795F512L_peripherals.a
                0x00000001                __MPLAB_BUILD = 0x1
                0x00000000                _min_heap_size = 0x0
LOAD c:/program files (x86)/microchip/xc32/v1.40/bin/bin/../../lib/gcc/pic32mx/4.8.3/../../../../pic32mx/lib/./proc/32MX795F512L\default_isr_vectors.o
LOAD c:/program files (x86)/microchip/xc32/v1.40/bin/bin/../../lib/gcc/pic32mx/4.8.3/../../../../pic32mx/lib\pic32_software_reset.o
                0x00000400                PROVIDE (_min_stack_size, 0x400)
LOAD c:/program files (x86)/microchip/xc32/v1.40/bin/bin/../../lib/gcc/pic32mx/4.8.3/../../../../pic32mx/lib/./proc/32MX795F512L\processor.o
START GROUP
LOAD libmchp_peripheral.a
END GROUP
START GROUP
LOAD libmchp_peripheral_32MX795F512L.a
END GROUP
                0x00000001                PROVIDE (_vector_spacing, 0x1)
                0x9fc01000                _ebase_address = 0x9fc01000
                0xbfc00000                _RESET_ADDR = 0xbfc00000
                0xbfc00380                _BEV_EXCPT_ADDR = 0xbfc00380
                0xbfc00480                _DBG_EXCPT_ADDR = 0xbfc00480
                0xbfc02000                _DBG_CODE_ADDR = 0xbfc02000
                0x00000ff0                _DBG_CODE_SIZE = 0xff0
                0x9fc01180                _GEN_EXCPT_ADDR = (_ebase_address + 0x180)

.config_BFC02FF0
                0xbfc02ff0        0x4
 *(.config_BFC02FF0)
 .config_BFC02FF0
                0xbfc02ff0        0x4 build/default/production/_ext/1688732426/system_init.o

.config_BFC02FF4
                0xbfc02ff4        0x4
 *(.config_BFC02FF4)
 .config_BFC02FF4
                0xbfc02ff4        0x4 build/default/production/_ext/1688732426/system_init.o

.config_BFC02FF8
                0xbfc02ff8        0x4
 *(.config_BFC02FF8)
 .config_BFC02FF8
                0xbfc02ff8        0x4 build/default/production/_ext/1688732426/system_init.o

.config_BFC02FFC
                0xbfc02ffc        0x4
 *(.config_BFC02FFC)
 .config_BFC02FFC
                0xbfc02ffc        0x4 build/default/production/_ext/1688732426/system_init.o
                0xbfc02000                PROVIDE (_DBG_CODE_ADDR, 0xbfc02000)
                0x00000ff0                PROVIDE (_DBG_CODE_SIZE, 0xff0)

.reset          0xbfc00000      0x1f4
 *(.reset)
 .reset         0xbfc00000        0x8 c:/program files (x86)/microchip/xc32/v1.40/bin/bin/../../lib/gcc/pic32mx/4.8.3/../../../../pic32mx/lib/./proc/32MX795F512L/crt0_mips32r2.o
                0xbfc00000                _reset
 *(.reset.startup)
 .reset.startup
                0xbfc00008      0x1ec c:/program files (x86)/microchip/xc32/v1.40/bin/bin/../../lib/gcc/pic32mx/4.8.3/../../../../pic32mx/lib/./proc/32MX795F512L/crt0_mips32r2.o

.bev_excpt      0xbfc00380       0x10
 *(.bev_handler)
 .bev_handler   0xbfc00380       0x10 c:/program files (x86)/microchip/xc32/v1.40/bin/bin/../../lib/gcc/pic32mx/4.8.3/../../../../pic32mx/lib/./proc/32MX795F512L/crt0_mips32r2.o

.dbg_excpt      0xbfc00480        0x0
                0xbfc00480                . = (. + DEFINED (_DEBUGGER)?0x8:0x0)

.dbg_code       0xbfc02000        0x0
                0xbfc02000                . = (. + DEFINED (_DEBUGGER)?_DBG_CODE_SIZE:0x0)

.app_excpt      0x9fc01180       0x10
 *(.gen_handler)
 .gen_handler   0x9fc01180       0x10 c:/program files (x86)/microchip/xc32/v1.40/bin/bin/../../lib/gcc/pic32mx/4.8.3/../../../../pic32mx/lib/./proc/32MX795F512L/crt0_mips32r2.o

.vector_0       0x9fc01200        0x8
 *(.vector_0)
 .vector_0      0x9fc01200        0x8 c:/program files (x86)/microchip/xc32/v1.40/bin/bin/../../lib/gcc/pic32mx/4.8.3/../../../../pic32mx/lib\libpic32.a(vector0.o)
                0x9fc01200                __vector_dispatch_0
                0x00000001                ASSERT (((_vector_spacing == 0x0) || (SIZEOF (.vector_0) <= (_vector_spacing << 0x5))), function at exception vector 0 too large)

.vector_1       0x9fc01220        0x8
 *(.vector_1)
 .vector_1      0x9fc01220        0x8 build/default/production/_ext/1282498059/port.o
                0x9fc01220                __vector_dispatch_1
                0x00000001                ASSERT (((_vector_spacing == 0x0) || (SIZEOF (.vector_1) <= (_vector_spacing << 0x5))), function at exception vector 1 too large)

.vector_2       0x9fc01240        0x8
 *(.vector_2)
 .vector_2      0x9fc01240        0x8 c:/program files (x86)/microchip/xc32/v1.40/bin/bin/../../lib/gcc/pic32mx/4.8.3/../../../../pic32mx/lib\libpic32.a(vector2.o)
                0x9fc01240                __vector_dispatch_2
                0x00000001                ASSERT (((_vector_spacing == 0x0) || (SIZEOF (.vector_2) <= (_vector_spacing << 0x5))), function at exception vector 2 too large)

.vector_3       0x9fc01260        0x8
 *(.vector_3)
 .vector_3      0x9fc01260        0x8 c:/program files (x86)/microchip/xc32/v1.40/bin/bin/../../lib/gcc/pic32mx/4.8.3/../../../../pic32mx/lib\libpic32.a(vector3.o)
                0x9fc01260                __vector_dispatch_3
                0x00000001                ASSERT (((_vector_spacing == 0x0) || (SIZEOF (.vector_3) <= (_vector_spacing << 0x5))), function at exception vector 3 too large)

.vector_4       0x9fc01280        0x8
 *(.vector_4)
 .vector_4      0x9fc01280        0x8 build/default/production/_ext/1282498059/port.o
                0x9fc01280                __vector_dispatch_4
                0x00000001                ASSERT (((_vector_spacing == 0x0) || (SIZEOF (.vector_4) <= (_vector_spacing << 0x5))), function at exception vector 4 too large)

.vector_5       0x9fc012a0        0x8
 *(.vector_5)
 .vector_5      0x9fc012a0        0x8 c:/program files (x86)/microchip/xc32/v1.40/bin/bin/../../lib/gcc/pic32mx/4.8.3/../../../../pic32mx/lib\libpic32.a(vector5.o)
                0x9fc012a0                __vector_dispatch_5
                0x00000001                ASSERT (((_vector_spacing == 0x0) || (SIZEOF (.vector_5) <= (_vector_spacing << 0x5))), function at exception vector 5 too large)

.vector_6       0x9fc012c0        0x8
 *(.vector_6)
 .vector_6      0x9fc012c0        0x8 c:/program files (x86)/microchip/xc32/v1.40/bin/bin/../../lib/gcc/pic32mx/4.8.3/../../../../pic32mx/lib\libpic32.a(vector6.o)
                0x9fc012c0                __vector_dispatch_6
                0x00000001                ASSERT (((_vector_spacing == 0x0) || (SIZEOF (.vector_6) <= (_vector_spacing << 0x5))), function at exception vector 6 too large)

.vector_7       0x9fc012e0        0x8
 *(.vector_7)
 .vector_7      0x9fc012e0        0x8 c:/program files (x86)/microchip/xc32/v1.40/bin/bin/../../lib/gcc/pic32mx/4.8.3/../../../../pic32mx/lib\libpic32.a(vector7.o)
                0x9fc012e0                __vector_dispatch_7
                0x00000001                ASSERT (((_vector_spacing == 0x0) || (SIZEOF (.vector_7) <= (_vector_spacing << 0x5))), function at exception vector 7 too large)

.vector_8       0x9fc01300        0x8
 *(.vector_8)
 .vector_8      0x9fc01300        0x8 c:/program files (x86)/microchip/xc32/v1.40/bin/bin/../../lib/gcc/pic32mx/4.8.3/../../../../pic32mx/lib\libpic32.a(vector8.o)
                0x9fc01300                __vector_dispatch_8
                0x00000001                ASSERT (((_vector_spacing == 0x0) || (SIZEOF (.vector_8) <= (_vector_spacing << 0x5))), function at exception vector 8 too large)

.vector_9       0x9fc01320        0x8
 *(.vector_9)
 .vector_9      0x9fc01320        0x8 c:/program files (x86)/microchip/xc32/v1.40/bin/bin/../../lib/gcc/pic32mx/4.8.3/../../../../pic32mx/lib\libpic32.a(vector9.o)
                0x9fc01320                __vector_dispatch_9
                0x00000001                ASSERT (((_vector_spacing == 0x0) || (SIZEOF (.vector_9) <= (_vector_spacing << 0x5))), function at exception vector 9 too large)

.vector_10      0x9fc01340        0x8
 *(.vector_10)
 .vector_10     0x9fc01340        0x8 c:/program files (x86)/microchip/xc32/v1.40/bin/bin/../../lib/gcc/pic32mx/4.8.3/../../../../pic32mx/lib\libpic32.a(vector10.o)
                0x9fc01340                __vector_dispatch_10
                0x00000001                ASSERT (((_vector_spacing == 0x0) || (SIZEOF (.vector_10) <= (_vector_spacing << 0x5))), function at exception vector 10 too large)

.vector_11      0x9fc01360        0x8
 *(.vector_11)
 .vector_11     0x9fc01360        0x8 c:/program files (x86)/microchip/xc32/v1.40/bin/bin/../../lib/gcc/pic32mx/4.8.3/../../../../pic32mx/lib\libpic32.a(vector11.o)
                0x9fc01360                __vector_dispatch_11
                0x00000001                ASSERT (((_vector_spacing == 0x0) || (SIZEOF (.vector_11) <= (_vector_spacing << 0x5))), function at exception vector 11 too large)

.vector_12      0x9fc01380        0x8
 *(.vector_12)
 .vector_12     0x9fc01380        0x8 c:/program files (x86)/microchip/xc32/v1.40/bin/bin/../../lib/gcc/pic32mx/4.8.3/../../../../pic32mx/lib\libpic32.a(vector12.o)
                0x9fc01380                __vector_dispatch_12
                0x00000001                ASSERT (((_vector_spacing == 0x0) || (SIZEOF (.vector_12) <= (_vector_spacing << 0x5))), function at exception vector 12 too large)

.vector_13      0x9fc013a0        0x8
 *(.vector_13)
 .vector_13     0x9fc013a0        0x8 c:/program files (x86)/microchip/xc32/v1.40/bin/bin/../../lib/gcc/pic32mx/4.8.3/../../../../pic32mx/lib\libpic32.a(vector13.o)
                0x9fc013a0                __vector_dispatch_13
                0x00000001                ASSERT (((_vector_spacing == 0x0) || (SIZEOF (.vector_13) <= (_vector_spacing << 0x5))), function at exception vector 13 too large)

.vector_14      0x9fc013c0        0x8
 *(.vector_14)
 .vector_14     0x9fc013c0        0x8 c:/program files (x86)/microchip/xc32/v1.40/bin/bin/../../lib/gcc/pic32mx/4.8.3/../../../../pic32mx/lib\libpic32.a(vector14.o)
                0x9fc013c0                __vector_dispatch_14
                0x00000001                ASSERT (((_vector_spacing == 0x0) || (SIZEOF (.vector_14) <= (_vector_spacing << 0x5))), function at exception vector 14 too large)

.vector_15      0x9fc013e0        0x8
 *(.vector_15)
 .vector_15     0x9fc013e0        0x8 c:/program files (x86)/microchip/xc32/v1.40/bin/bin/../../lib/gcc/pic32mx/4.8.3/../../../../pic32mx/lib\libpic32.a(vector15.o)
                0x9fc013e0                __vector_dispatch_15
                0x00000001                ASSERT (((_vector_spacing == 0x0) || (SIZEOF (.vector_15) <= (_vector_spacing << 0x5))), function at exception vector 15 too large)

.vector_16      0x9fc01400        0x8
 *(.vector_16)
 .vector_16     0x9fc01400        0x8 c:/program files (x86)/microchip/xc32/v1.40/bin/bin/../../lib/gcc/pic32mx/4.8.3/../../../../pic32mx/lib\libpic32.a(vector16.o)
                0x9fc01400                __vector_dispatch_16
                0x00000001                ASSERT (((_vector_spacing == 0x0) || (SIZEOF (.vector_16) <= (_vector_spacing << 0x5))), function at exception vector 16 too large)

.vector_17      0x9fc01420        0x8
 *(.vector_17)
 .vector_17     0x9fc01420        0x8 c:/program files (x86)/microchip/xc32/v1.40/bin/bin/../../lib/gcc/pic32mx/4.8.3/../../../../pic32mx/lib\libpic32.a(vector17.o)
                0x9fc01420                __vector_dispatch_17
                0x00000001                ASSERT (((_vector_spacing == 0x0) || (SIZEOF (.vector_17) <= (_vector_spacing << 0x5))), function at exception vector 17 too large)

.vector_18      0x9fc01440        0x8
 *(.vector_18)
 .vector_18     0x9fc01440        0x8 c:/program files (x86)/microchip/xc32/v1.40/bin/bin/../../lib/gcc/pic32mx/4.8.3/../../../../pic32mx/lib\libpic32.a(vector18.o)
                0x9fc01440                __vector_dispatch_18
                0x00000001                ASSERT (((_vector_spacing == 0x0) || (SIZEOF (.vector_18) <= (_vector_spacing << 0x5))), function at exception vector 18 too large)

.vector_19      0x9fc01460        0x8
 *(.vector_19)
 .vector_19     0x9fc01460        0x8 c:/program files (x86)/microchip/xc32/v1.40/bin/bin/../../lib/gcc/pic32mx/4.8.3/../../../../pic32mx/lib\libpic32.a(vector19.o)
                0x9fc01460                __vector_dispatch_19
                0x00000001                ASSERT (((_vector_spacing == 0x0) || (SIZEOF (.vector_19) <= (_vector_spacing << 0x5))), function at exception vector 19 too large)

.vector_20      0x9fc01480        0x8
 *(.vector_20)
 .vector_20     0x9fc01480        0x8 c:/program files (x86)/microchip/xc32/v1.40/bin/bin/../../lib/gcc/pic32mx/4.8.3/../../../../pic32mx/lib\libpic32.a(vector20.o)
                0x9fc01480                __vector_dispatch_20
                0x00000001                ASSERT (((_vector_spacing == 0x0) || (SIZEOF (.vector_20) <= (_vector_spacing << 0x5))), function at exception vector 20 too large)

.vector_21      0x9fc014a0        0x8
 *(.vector_21)
 .vector_21     0x9fc014a0        0x8 c:/program files (x86)/microchip/xc32/v1.40/bin/bin/../../lib/gcc/pic32mx/4.8.3/../../../../pic32mx/lib\libpic32.a(vector21.o)
                0x9fc014a0                __vector_dispatch_21
                0x00000001                ASSERT (((_vector_spacing == 0x0) || (SIZEOF (.vector_21) <= (_vector_spacing << 0x5))), function at exception vector 21 too large)

.vector_22      0x9fc014c0        0x8
 *(.vector_22)
 .vector_22     0x9fc014c0        0x8 c:/program files (x86)/microchip/xc32/v1.40/bin/bin/../../lib/gcc/pic32mx/4.8.3/../../../../pic32mx/lib\libpic32.a(vector22.o)
                0x9fc014c0                __vector_dispatch_22
                0x00000001                ASSERT (((_vector_spacing == 0x0) || (SIZEOF (.vector_22) <= (_vector_spacing << 0x5))), function at exception vector 22 too large)

.vector_23      0x9fc014e0        0x8
 *(.vector_23)
 .vector_23     0x9fc014e0        0x8 c:/program files (x86)/microchip/xc32/v1.40/bin/bin/../../lib/gcc/pic32mx/4.8.3/../../../../pic32mx/lib\libpic32.a(vector23.o)
                0x9fc014e0                __vector_dispatch_23
                0x00000001                ASSERT (((_vector_spacing == 0x0) || (SIZEOF (.vector_23) <= (_vector_spacing << 0x5))), function at exception vector 23 too large)

.vector_24      0x9fc01500       0x10
 *(.vector_24)
 .vector_24     0x9fc01500       0x10 build/default/production/_ext/1688732426/system_interrupt_a.o
                0x9fc01500                __vector_dispatch_24
                0x00000001                ASSERT (((_vector_spacing == 0x0) || (SIZEOF (.vector_24) <= (_vector_spacing << 0x5))), function at exception vector 24 too large)

.vector_25      0x9fc01520        0x8
 *(.vector_25)
 .vector_25     0x9fc01520        0x8 c:/program files (x86)/microchip/xc32/v1.40/bin/bin/../../lib/gcc/pic32mx/4.8.3/../../../../pic32mx/lib\libpic32.a(vector25.o)
                0x9fc01520                __vector_dispatch_25
                0x00000001                ASSERT (((_vector_spacing == 0x0) || (SIZEOF (.vector_25) <= (_vector_spacing << 0x5))), function at exception vector 25 too large)

.vector_26      0x9fc01540        0x8
 *(.vector_26)
 .vector_26     0x9fc01540        0x8 c:/program files (x86)/microchip/xc32/v1.40/bin/bin/../../lib/gcc/pic32mx/4.8.3/../../../../pic32mx/lib\libpic32.a(vector26.o)
                0x9fc01540                __vector_dispatch_26
                0x00000001                ASSERT (((_vector_spacing == 0x0) || (SIZEOF (.vector_26) <= (_vector_spacing << 0x5))), function at exception vector 26 too large)

.vector_27      0x9fc01560       0x10
 *(.vector_27)
 .vector_27     0x9fc01560       0x10 build/default/production/_ext/1688732426/system_interrupt_a.o
                0x9fc01560                __vector_dispatch_27
                0x00000001                ASSERT (((_vector_spacing == 0x0) || (SIZEOF (.vector_27) <= (_vector_spacing << 0x5))), function at exception vector 27 too large)

.vector_28      0x9fc01580        0x8
 *(.vector_28)
 .vector_28     0x9fc01580        0x8 c:/program files (x86)/microchip/xc32/v1.40/bin/bin/../../lib/gcc/pic32mx/4.8.3/../../../../pic32mx/lib\libpic32.a(vector28.o)
                0x9fc01580                __vector_dispatch_28
                0x00000001                ASSERT (((_vector_spacing == 0x0) || (SIZEOF (.vector_28) <= (_vector_spacing << 0x5))), function at exception vector 28 too large)

.vector_29      0x9fc015a0        0x8
 *(.vector_29)
 .vector_29     0x9fc015a0        0x8 c:/program files (x86)/microchip/xc32/v1.40/bin/bin/../../lib/gcc/pic32mx/4.8.3/../../../../pic32mx/lib\libpic32.a(vector29.o)
                0x9fc015a0                __vector_dispatch_29
                0x00000001                ASSERT (((_vector_spacing == 0x0) || (SIZEOF (.vector_29) <= (_vector_spacing << 0x5))), function at exception vector 29 too large)

.vector_30      0x9fc015c0        0x8
 *(.vector_30)
 .vector_30     0x9fc015c0        0x8 c:/program files (x86)/microchip/xc32/v1.40/bin/bin/../../lib/gcc/pic32mx/4.8.3/../../../../pic32mx/lib\libpic32.a(vector30.o)
                0x9fc015c0                __vector_dispatch_30
                0x00000001                ASSERT (((_vector_spacing == 0x0) || (SIZEOF (.vector_30) <= (_vector_spacing << 0x5))), function at exception vector 30 too large)

.vector_31      0x9fc015e0        0x8
 *(.vector_31)
 .vector_31     0x9fc015e0        0x8 c:/program files (x86)/microchip/xc32/v1.40/bin/bin/../../lib/gcc/pic32mx/4.8.3/../../../../pic32mx/lib\libpic32.a(vector31.o)
                0x9fc015e0                __vector_dispatch_31
                0x00000001                ASSERT (((_vector_spacing == 0x0) || (SIZEOF (.vector_31) <= (_vector_spacing << 0x5))), function at exception vector 31 too large)

.vector_32      0x9fc01600        0x8
 *(.vector_32)
 .vector_32     0x9fc01600        0x8 c:/program files (x86)/microchip/xc32/v1.40/bin/bin/../../lib/gcc/pic32mx/4.8.3/../../../../pic32mx/lib\libpic32.a(vector32.o)
                0x9fc01600                __vector_dispatch_32
                0x00000001                ASSERT (((_vector_spacing == 0x0) || (SIZEOF (.vector_32) <= (_vector_spacing << 0x5))), function at exception vector 32 too large)

.vector_33      0x9fc01620        0x8
 *(.vector_33)
 .vector_33     0x9fc01620        0x8 c:/program files (x86)/microchip/xc32/v1.40/bin/bin/../../lib/gcc/pic32mx/4.8.3/../../../../pic32mx/lib\libpic32.a(vector33.o)
                0x9fc01620                __vector_dispatch_33
                0x00000001                ASSERT (((_vector_spacing == 0x0) || (SIZEOF (.vector_33) <= (_vector_spacing << 0x5))), function at exception vector 33 too large)

.vector_34      0x9fc01640        0x8
 *(.vector_34)
 .vector_34     0x9fc01640        0x8 c:/program files (x86)/microchip/xc32/v1.40/bin/bin/../../lib/gcc/pic32mx/4.8.3/../../../../pic32mx/lib\libpic32.a(vector34.o)
                0x9fc01640                __vector_dispatch_34
                0x00000001                ASSERT (((_vector_spacing == 0x0) || (SIZEOF (.vector_34) <= (_vector_spacing << 0x5))), function at exception vector 34 too large)

.vector_35      0x9fc01660        0x8
 *(.vector_35)
 .vector_35     0x9fc01660        0x8 c:/program files (x86)/microchip/xc32/v1.40/bin/bin/../../lib/gcc/pic32mx/4.8.3/../../../../pic32mx/lib\libpic32.a(vector35.o)
                0x9fc01660                __vector_dispatch_35
                0x00000001                ASSERT (((_vector_spacing == 0x0) || (SIZEOF (.vector_35) <= (_vector_spacing << 0x5))), function at exception vector 35 too large)

.vector_36      0x9fc01680        0x8
 *(.vector_36)
 .vector_36     0x9fc01680        0x8 c:/program files (x86)/microchip/xc32/v1.40/bin/bin/../../lib/gcc/pic32mx/4.8.3/../../../../pic32mx/lib\libpic32.a(vector36.o)
                0x9fc01680                __vector_dispatch_36
                0x00000001                ASSERT (((_vector_spacing == 0x0) || (SIZEOF (.vector_36) <= (_vector_spacing << 0x5))), function at exception vector 36 too large)

.vector_37      0x9fc016a0        0x8
 *(.vector_37)
 .vector_37     0x9fc016a0        0x8 c:/program files (x86)/microchip/xc32/v1.40/bin/bin/../../lib/gcc/pic32mx/4.8.3/../../../../pic32mx/lib\libpic32.a(vector37.o)
                0x9fc016a0                __vector_dispatch_37
                0x00000001                ASSERT (((_vector_spacing == 0x0) || (SIZEOF (.vector_37) <= (_vector_spacing << 0x5))), function at exception vector 37 too large)

.vector_38      0x9fc016c0        0x8
 *(.vector_38)
 .vector_38     0x9fc016c0        0x8 c:/program files (x86)/microchip/xc32/v1.40/bin/bin/../../lib/gcc/pic32mx/4.8.3/../../../../pic32mx/lib\libpic32.a(vector38.o)
                0x9fc016c0                __vector_dispatch_38
                0x00000001                ASSERT (((_vector_spacing == 0x0) || (SIZEOF (.vector_38) <= (_vector_spacing << 0x5))), function at exception vector 38 too large)

.vector_39      0x9fc016e0        0x8
 *(.vector_39)
 .vector_39     0x9fc016e0        0x8 c:/program files (x86)/microchip/xc32/v1.40/bin/bin/../../lib/gcc/pic32mx/4.8.3/../../../../pic32mx/lib\libpic32.a(vector39.o)
                0x9fc016e0                __vector_dispatch_39
                0x00000001                ASSERT (((_vector_spacing == 0x0) || (SIZEOF (.vector_39) <= (_vector_spacing << 0x5))), function at exception vector 39 too large)

.vector_40      0x9fc01700        0x8
 *(.vector_40)
 .vector_40     0x9fc01700        0x8 c:/program files (x86)/microchip/xc32/v1.40/bin/bin/../../lib/gcc/pic32mx/4.8.3/../../../../pic32mx/lib\libpic32.a(vector40.o)
                0x9fc01700                __vector_dispatch_40
                0x00000001                ASSERT (((_vector_spacing == 0x0) || (SIZEOF (.vector_40) <= (_vector_spacing << 0x5))), function at exception vector 40 too large)

.vector_41      0x9fc01720        0x8
 *(.vector_41)
 .vector_41     0x9fc01720        0x8 c:/program files (x86)/microchip/xc32/v1.40/bin/bin/../../lib/gcc/pic32mx/4.8.3/../../../../pic32mx/lib\libpic32.a(vector41.o)
                0x9fc01720                __vector_dispatch_41
                0x00000001                ASSERT (((_vector_spacing == 0x0) || (SIZEOF (.vector_41) <= (_vector_spacing << 0x5))), function at exception vector 41 too large)

.vector_42      0x9fc01740        0x8
 *(.vector_42)
 .vector_42     0x9fc01740        0x8 c:/program files (x86)/microchip/xc32/v1.40/bin/bin/../../lib/gcc/pic32mx/4.8.3/../../../../pic32mx/lib\libpic32.a(vector42.o)
                0x9fc01740                __vector_dispatch_42
                0x00000001                ASSERT (((_vector_spacing == 0x0) || (SIZEOF (.vector_42) <= (_vector_spacing << 0x5))), function at exception vector 42 too large)

.vector_43      0x9fc01760        0x8
 *(.vector_43)
 .vector_43     0x9fc01760        0x8 c:/program files (x86)/microchip/xc32/v1.40/bin/bin/../../lib/gcc/pic32mx/4.8.3/../../../../pic32mx/lib\libpic32.a(vector43.o)
                0x9fc01760                __vector_dispatch_43
                0x00000001                ASSERT (((_vector_spacing == 0x0) || (SIZEOF (.vector_43) <= (_vector_spacing << 0x5))), function at exception vector 43 too large)

.vector_44      0x9fc01780        0x8
 *(.vector_44)
 .vector_44     0x9fc01780        0x8 c:/program files (x86)/microchip/xc32/v1.40/bin/bin/../../lib/gcc/pic32mx/4.8.3/../../../../pic32mx/lib\libpic32.a(vector44.o)
                0x9fc01780                __vector_dispatch_44
                0x00000001                ASSERT (((_vector_spacing == 0x0) || (SIZEOF (.vector_44) <= (_vector_spacing << 0x5))), function at exception vector 44 too large)

.vector_45      0x9fc017a0        0x8
 *(.vector_45)
 .vector_45     0x9fc017a0        0x8 c:/program files (x86)/microchip/xc32/v1.40/bin/bin/../../lib/gcc/pic32mx/4.8.3/../../../../pic32mx/lib\libpic32.a(vector45.o)
                0x9fc017a0                __vector_dispatch_45
                0x00000001                ASSERT (((_vector_spacing == 0x0) || (SIZEOF (.vector_45) <= (_vector_spacing << 0x5))), function at exception vector 45 too large)

.vector_46      0x9fc017c0        0x8
 *(.vector_46)
 .vector_46     0x9fc017c0        0x8 c:/program files (x86)/microchip/xc32/v1.40/bin/bin/../../lib/gcc/pic32mx/4.8.3/../../../../pic32mx/lib\libpic32.a(vector46.o)
                0x9fc017c0                __vector_dispatch_46
                0x00000001                ASSERT (((_vector_spacing == 0x0) || (SIZEOF (.vector_46) <= (_vector_spacing << 0x5))), function at exception vector 46 too large)

.vector_47      0x9fc017e0        0x8
 *(.vector_47)
 .vector_47     0x9fc017e0        0x8 c:/program files (x86)/microchip/xc32/v1.40/bin/bin/../../lib/gcc/pic32mx/4.8.3/../../../../pic32mx/lib\libpic32.a(vector47.o)
                0x9fc017e0                __vector_dispatch_47
                0x00000001                ASSERT (((_vector_spacing == 0x0) || (SIZEOF (.vector_47) <= (_vector_spacing << 0x5))), function at exception vector 47 too large)

.vector_48      0x9fc01800        0x8
 *(.vector_48)
 .vector_48     0x9fc01800        0x8 c:/program files (x86)/microchip/xc32/v1.40/bin/bin/../../lib/gcc/pic32mx/4.8.3/../../../../pic32mx/lib\libpic32.a(vector48.o)
                0x9fc01800                __vector_dispatch_48
                0x00000001                ASSERT (((_vector_spacing == 0x0) || (SIZEOF (.vector_48) <= (_vector_spacing << 0x5))), function at exception vector 48 too large)

.vector_49      0x9fc01820        0x8
 *(.vector_49)
 .vector_49     0x9fc01820        0x8 c:/program files (x86)/microchip/xc32/v1.40/bin/bin/../../lib/gcc/pic32mx/4.8.3/../../../../pic32mx/lib\libpic32.a(vector49.o)
                0x9fc01820                __vector_dispatch_49
                0x00000001                ASSERT (((_vector_spacing == 0x0) || (SIZEOF (.vector_49) <= (_vector_spacing << 0x5))), function at exception vector 49 too large)

.vector_50      0x9fc01840        0x8
 *(.vector_50)
 .vector_50     0x9fc01840        0x8 c:/program files (x86)/microchip/xc32/v1.40/bin/bin/../../lib/gcc/pic32mx/4.8.3/../../../../pic32mx/lib\libpic32.a(vector50.o)
                0x9fc01840                __vector_dispatch_50
                0x00000001                ASSERT (((_vector_spacing == 0x0) || (SIZEOF (.vector_50) <= (_vector_spacing << 0x5))), function at exception vector 50 too large)

.vector_51      0x9fc01860        0x8
 *(.vector_51)
 .vector_51     0x9fc01860        0x8 c:/program files (x86)/microchip/xc32/v1.40/bin/bin/../../lib/gcc/pic32mx/4.8.3/../../../../pic32mx/lib\libpic32.a(vector51.o)
                0x9fc01860                __vector_dispatch_51
                0x00000001                ASSERT (((_vector_spacing == 0x0) || (SIZEOF (.vector_51) <= (_vector_spacing << 0x5))), function at exception vector 51 too large)

.vector_52      0x9fc01880        0x0
 *(.vector_52)
                0x00000001                ASSERT (((_vector_spacing == 0x0) || (SIZEOF (.vector_52) <= (_vector_spacing << 0x5))), function at exception vector 52 too large)

.vector_53      0x9fc018a0        0x0
 *(.vector_53)
                0x00000001                ASSERT (((_vector_spacing == 0x0) || (SIZEOF (.vector_53) <= (_vector_spacing << 0x5))), function at exception vector 53 too large)

.vector_54      0x9fc018c0        0x0
 *(.vector_54)
                0x00000001                ASSERT (((_vector_spacing == 0x0) || (SIZEOF (.vector_54) <= (_vector_spacing << 0x5))), function at exception vector 54 too large)

.vector_55      0x9fc018e0        0x0
 *(.vector_55)
                0x00000001                ASSERT (((_vector_spacing == 0x0) || (SIZEOF (.vector_55) <= (_vector_spacing << 0x5))), function at exception vector 55 too large)

.vector_56      0x9fc01900        0x0
 *(.vector_56)
                0x00000001                ASSERT (((_vector_spacing == 0x0) || (SIZEOF (.vector_56) <= (_vector_spacing << 0x5))), function at exception vector 56 too large)

.vector_57      0x9fc01920        0x0
 *(.vector_57)
                0x00000001                ASSERT (((_vector_spacing == 0x0) || (SIZEOF (.vector_57) <= (_vector_spacing << 0x5))), function at exception vector 57 too large)

.vector_58      0x9fc01940        0x0
 *(.vector_58)
                0x00000001                ASSERT (((_vector_spacing == 0x0) || (SIZEOF (.vector_58) <= (_vector_spacing << 0x5))), function at exception vector 58 too large)

.vector_59      0x9fc01960        0x0
 *(.vector_59)
                0x00000001                ASSERT (((_vector_spacing == 0x0) || (SIZEOF (.vector_59) <= (_vector_spacing << 0x5))), function at exception vector 59 too large)

.vector_60      0x9fc01980        0x0
 *(.vector_60)
                0x00000001                ASSERT (((_vector_spacing == 0x0) || (SIZEOF (.vector_60) <= (_vector_spacing << 0x5))), function at exception vector 60 too large)

.vector_61      0x9fc019a0        0x0
 *(.vector_61)
                0x00000001                ASSERT (((_vector_spacing == 0x0) || (SIZEOF (.vector_61) <= (_vector_spacing << 0x5))), function at exception vector 61 too large)

.vector_62      0x9fc019c0        0x0
 *(.vector_62)
                0x00000001                ASSERT (((_vector_spacing == 0x0) || (SIZEOF (.vector_62) <= (_vector_spacing << 0x5))), function at exception vector 62 too large)

.vector_63      0x9fc019e0        0x0
 *(.vector_63)
                0x00000001                ASSERT (((_vector_spacing == 0x0) || (SIZEOF (.vector_63) <= (_vector_spacing << 0x5))), function at exception vector 63 too large)

.startup
 *(.startup)

.text           0x9d000000        0x0
 *(.stub .gnu.linkonce.t.*)
 *(.text.*personality*)
 *(.mips16.fn.*)
 *(.mips16.call.*)
 *(.gnu.warning)
                0x9d000000                . = ALIGN (0x4)

.init           0x9d000000        0x0
 *crti.o(.init)
 *crtbegin.o(.init)
 *(EXCLUDE_FILE(*crtn.o *crtend?.o *crtend.o) .init)
 *crtend.o(.init)
 *crtn.o(.init)
                0x9d000000                . = ALIGN (0x4)

.fini           0x9d000000        0x0
 *(.fini)
                0x9d000000                . = ALIGN (0x4)

.preinit_array  0x9d000000        0x0
                0x9d000000                PROVIDE (__preinit_array_start, .)
 *(.preinit_array)
                0x9d000000                PROVIDE (__preinit_array_end, .)
                0x9d000000                . = ALIGN (0x4)

.init_array     0x9d000000        0x0
                0x9d000000                PROVIDE (__init_array_start, .)
 *(SORT(.init_array.*))
 *(.init_array)
                0x9d000000                PROVIDE (__init_array_end, .)
                0x9d000000                . = ALIGN (0x4)

.fini_array     0x9d000000        0x0
                0x9d000000                PROVIDE (__fini_array_start, .)
 *(SORT(.fini_array.*))
 *(.fini_array)
                0x9d000000                PROVIDE (__fini_array_end, .)
                0x9d000000                . = ALIGN (0x4)

.ctors          0x9d000000        0x0
 *crtbegin.o(.ctors)
 *crtbegin?.o(.ctors)
 *(EXCLUDE_FILE(*crtend?.o *crtend.o) .ctors)
 *(SORT(.ctors.*))
 *(.ctors)
                0x9d000000                . = ALIGN (0x4)

.dtors          0x9d000000        0x0
 *crtbegin.o(.dtors)
 *crtbegin?.o(.dtors)
 *(EXCLUDE_FILE(*crtend?.o *crtend.o) .dtors)
 *(SORT(.dtors.*))
 *(.dtors)
                0x9d000000                . = ALIGN (0x4)

.rodata         0x9d000000        0x0
 *(.gnu.linkonce.r.*)
 *(.rodata1)
                0x9d000000                . = ALIGN (0x4)

.sdata2         0x9fc00490        0x0
 *(.sdata2 .sdata2.* .gnu.linkonce.s2.*)
                0x9fc00490                . = ALIGN (0x4)

.sbss2          0x9fc00490        0x0
 *(.sbss2 .sbss2.* .gnu.linkonce.sb2.*)
                0x9fc00490                . = ALIGN (0x4)

.eh_frame_hdr
 *(.eh_frame_hdr)
                0x9fc00490                . = ALIGN (0x4)

.eh_frame
 *(.eh_frame)
                0x9fc00490                . = ALIGN (0x4)

.gcc_except_table
 *(.gcc_except_table .gcc_except_table.*)
                0x9fc00490                . = ALIGN (0x4)

.dbg_data       0xa0000000        0x0
                0xa0000000                . = (. + DEFINED (_DEBUGGER)?0x200:0x0)

.jcr            0xa0000000        0x0
 *(.jcr)
                0xa0000000                . = ALIGN (0x4)

.eh_frame
 *(.eh_frame)
                0xa0000000                . = ALIGN (0x4)

.gcc_except_table
 *(.gcc_except_table .gcc_except_table.*)
                0xa0000000                . = ALIGN (0x4)

.persist        0xa0000000        0x0
                0xa0000000                _persist_begin = .
 *(.persist .persist.*)
 *(.pbss .pbss.*)
                0xa0000000                . = ALIGN (0x4)
                0xa0000000                _persist_end = .

.data           0xa0000000        0x0
 *(.gnu.linkonce.d.*)
 *(.data1)
                0xa0000000                . = ALIGN (0x4)
                0xa0000000                . = .
                0xa0007ff0                _gp = (ALIGN (0x10) + 0x7ff0)

.got            0xa0000000        0x0
 *(.got.plt)
 *(.got)
                0xa0000000                . = ALIGN (0x4)

.sdata          0xa0000000        0x8
                0xa0000000                _sdata_begin = .
 *(.sdata .sdata.* .gnu.linkonce.s.*)
 .sdata         0xa0000000        0x4 build/default/production/_ext/1282498059/port.o
                0xa0000000                uxInterruptNesting
 .sdata         0xa0000004        0x4 build/default/production/_ext/373060831/tasks.o
                0xa0000008                . = ALIGN (0x4)
                0xa0000008                _sdata_end = .

.lit8
 *(.lit8)

.lit4
 *(.lit4)
                0xa0000008                . = ALIGN (0x4)
                0xa0000008                _data_end = .
                0xa0000008                _bss_begin = .

.sbss           0xa0000008       0x74
                0xa0000008                _sbss_begin = .
 *(.dynsbss)
 *(.sbss .sbss.* .gnu.linkonce.sb.*)
 .sbss          0xa0000008        0xc build/default/production/_ext/1688732426/system_exceptions.o
 .sbss          0xa0000014        0x8 build/default/production/_ext/1360937237/timerCallback.o
                0xa0000014                sendms
                0xa0000018                motorTick
 .sbss          0xa000001c        0x8 build/default/production/_ext/1107379230/heap_1.o
 .sbss          0xa0000024        0x4 build/default/production/_ext/1282498059/port.o
                0xa0000024                uxSavedTaskStackPointer
 .sbss          0xa0000028       0x34 build/default/production/_ext/373060831/tasks.o
                0xa0000028                pxCurrentTCB
 .sbss          0xa000005c       0x10 build/default/production/_ext/373060831/timers.o
 *(.scommon)
 .scommon       0xa000006c        0x4 build/default/production/_ext/1688732426/system_init.o
                0xa000006c                sysObj
 .scommon       0xa0000070        0x4 build/default/production/_ext/1360937237/sender.o
                0xa0000070                global_data
 .scommon       0xa0000074        0x8 build/default/production/_ext/482662494/sys_devcon.o
                0xa0000074                sysDevconObj
 .scommon       0xa000007c        0x0 build/default/production/_ext/1360937237/debug.o
                0xa000007c                _sbss_end = .
                0xa000007c                . = ALIGN (0x4)

.bss            0xa000007c      0x364
 *(.dynbss)
 *(COMMON)
 COMMON         0xa000007c      0x304 build/default/production/_ext/1360937237/process.o
                0xa000007c                processData
 COMMON         0xa0000380       0x40 build/default/production/_ext/1360937237/receive.o
                0xa0000380                messageBuffer
                0xa000039c                receiveData
 COMMON         0xa00003c0       0x20 build/default/production/_ext/1360937237/send.o
                0xa00003c0                sendData
                0xa00003e0                . = ALIGN ((. != 0x0)?0x4:0x1)
                0xa00003e0                . = ALIGN (0x4)
                0xa00003e0                _end = .
                0xa00003e0                _bss_end = .
                0x00020000                _bmxdudba_address = 0x20000
                0x00020000                _bmxdupba_address = 0x20000

/DISCARD/
 *(.pdr)
 *(.rel.dyn)
 *(.note.GNU-stack)
 *(.note.GNU-stack)
 *(.gnu_debuglink)
 *(.gnu.lto_*)
 *(.discard)

.gptab.sdata
 *(.gptab.data)
 *(.gptab.sdata)

.gptab.sbss
 *(.gptab.bss)
 *(.gptab.sbss)

.mdebug.abi32   0xa00003e0        0x0
 *(.mdebug.abi32)
 .mdebug.abi32  0xa00003e0        0x0 build/default/production/_ext/1361460060/drv_adc_static.o
 .mdebug.abi32  0xa00003e0        0x0 build/default/production/_ext/1345626252/drv_usart_static.o
 .mdebug.abi32  0xa00003e0        0x0 build/default/production/_ext/639803181/sys_clk_static.o
 .mdebug.abi32  0xa00003e0        0x0 build/default/production/_ext/822048611/sys_ports_static.o
 .mdebug.abi32  0xa00003e0        0x0 build/default/production/_ext/1688732426/system_init.o
 .mdebug.abi32  0xa00003e0        0x0 build/default/production/_ext/1688732426/system_exceptions.o
 .mdebug.abi32  0xa00003e0        0x0 build/default/production/_ext/1688732426/system_tasks.o
 .mdebug.abi32  0xa00003e0        0x0 build/default/production/_ext/1688732426/system_interrupt.o
 .mdebug.abi32  0xa00003e0        0x0 build/default/production/_ext/1688732426/rtos_hooks.o
 .mdebug.abi32  0xa00003e0        0x0 build/default/production/_ext/1360937237/timerCallback.o
 .mdebug.abi32  0xa00003e0        0x0 build/default/production/_ext/1360937237/sender.o
 .mdebug.abi32  0xa00003e0        0x0 build/default/production/_ext/1360937237/main.o
 .mdebug.abi32  0xa00003e0        0x0 build/default/production/_ext/1360937237/process.o
 .mdebug.abi32  0xa00003e0        0x0 build/default/production/_ext/1360937237/receive.o
 .mdebug.abi32  0xa00003e0        0x0 build/default/production/_ext/1360937237/send.o
 .mdebug.abi32  0xa00003e0        0x0 build/default/production/_ext/308321468/osal_freertos.o
 .mdebug.abi32  0xa00003e0        0x0 build/default/production/_ext/482662494/sys_devcon.o
 .mdebug.abi32  0xa00003e0        0x0 build/default/production/_ext/482662494/sys_devcon_pic32mx.o
 .mdebug.abi32  0xa00003e0        0x0 build/default/production/_ext/1042686532/sys_int_pic32.o
 .mdebug.abi32  0xa00003e0        0x0 build/default/production/_ext/826631961/sys_ports.o
 .mdebug.abi32  0xa00003e0        0x0 build/default/production/_ext/1107379230/heap_1.o
 .mdebug.abi32  0xa00003e0        0x0 build/default/production/_ext/1282498059/port.o
 .mdebug.abi32  0xa00003e0        0x0 build/default/production/_ext/373060831/list.o
 .mdebug.abi32  0xa00003e0        0x0 build/default/production/_ext/373060831/croutine.o
 .mdebug.abi32  0xa00003e0        0x0 build/default/production/_ext/373060831/tasks.o
 .mdebug.abi32  0xa00003e0        0x0 build/default/production/_ext/373060831/event_groups.o
 .mdebug.abi32  0xa00003e0        0x0 build/default/production/_ext/373060831/timers.o
 .mdebug.abi32  0xa00003e0        0x0 build/default/production/_ext/373060831/queue.o
 .mdebug.abi32  0xa00003e0        0x0 build/default/production/_ext/1360937237/debug.o
 .mdebug.abi32  0xa00003e0        0x0 c:/program files (x86)/microchip/xc32/v1.40/bin/bin/../../lib/gcc/pic32mx/4.8.3/../../../../pic32mx/lib\libpic32.a(default-bootstrap-exception-handler.o)
 .mdebug.abi32  0xa00003e0        0x0 c:/program files (x86)/microchip/xc32/v1.40/bin/bin/../../lib/gcc/pic32mx/4.8.3/../../../../pic32mx/lib\libpic32.a(default-on-reset.o)
 .mdebug.abi32  0xa00003e0        0x0 c:/program files (x86)/microchip/xc32/v1.40/bin/bin/../../lib/gcc/pic32mx/4.8.3/../../../../pic32mx/lib\libpic32.a(default-on-bootstrap.o)
 .mdebug.abi32  0xa00003e0        0x0 c:/program files (x86)/microchip/xc32/v1.40/bin/bin/../../lib/gcc/pic32mx/4.8.3/../../../../pic32mx/lib\libpic32.a(defaultinterrupt.o)
 .mdebug.abi32  0xa00003e0        0x0 c:/program files (x86)/microchip/xc32/v1.40/bin/bin/../../lib/gcc/pic32mx/4.8.3/../../../../pic32mx/lib\libm.a(w_sqrtf.o)
 .mdebug.abi32  0xa00003e0        0x0 c:/program files (x86)/microchip/xc32/v1.40/bin/bin/../../lib/gcc/pic32mx/4.8.3/../../../../pic32mx/lib\libm.a(s_lib_ver.o)
 .mdebug.abi32  0xa00003e0        0x0 c:/program files (x86)/microchip/xc32/v1.40/bin/bin/../../lib/gcc/pic32mx/4.8.3/../../../../pic32mx/lib\libc.a(errno.o)
 .mdebug.abi32  0xa00003e0        0x0 c:/program files (x86)/microchip/xc32/v1.40/bin/bin/../../lib/gcc/pic32mx/4.8.3/../../../../pic32mx/lib\libc.a(strncpy.o)

.mdebug.abiN32
 *(.mdebug.abiN32)

.mdebug.abi64
 *(.mdebug.abi64)

.mdebug.abiO64
 *(.mdebug.abiO64)

.mdebug.eabi32
 *(.mdebug.eabi32)

.mdebug.eabi64
 *(.mdebug.eabi64)

.gcc_compiled_long32
 *(.gcc_compiled_long32)

.gcc_compiled_long64
 *(.gcc_compiled_long64)

.stab
 *(.stab)

.stabstr
 *(.stabstr)

.stab.excl
 *(.stab.excl)

.stab.exclstr
 *(.stab.exclstr)

.stab.index
 *(.stab.index)

.stab.indexstr
 *(.stab.indexstr)

.comment        0x00000000       0x6c
 *(.comment)
 .comment       0x00000000       0x3c build/default/production/_ext/1361460060/drv_adc_static.o
                                 0x3d (size before relaxing)
 .comment       0x00000000       0x3d build/default/production/_ext/1345626252/drv_usart_static.o
 .comment       0x00000000       0x3d build/default/production/_ext/639803181/sys_clk_static.o
 .comment       0x00000000       0x3d build/default/production/_ext/822048611/sys_ports_static.o
 .comment       0x00000000       0x3d build/default/production/_ext/1688732426/system_init.o
 .comment       0x00000000       0x3d build/default/production/_ext/1688732426/system_exceptions.o
 .comment       0x00000000       0x3d build/default/production/_ext/1688732426/system_tasks.o
 .comment       0x00000000       0x3d build/default/production/_ext/1688732426/system_interrupt.o
 .comment       0x00000000       0x3d build/default/production/_ext/1688732426/rtos_hooks.o
 .comment       0x00000000       0x3d build/default/production/_ext/1360937237/timerCallback.o
 .comment       0x00000000       0x3d build/default/production/_ext/1360937237/sender.o
 .comment       0x00000000       0x3d build/default/production/_ext/1360937237/main.o
 .comment       0x00000000       0x3d build/default/production/_ext/1360937237/process.o
 .comment       0x00000000       0x3d build/default/production/_ext/1360937237/receive.o
 .comment       0x00000000       0x3d build/default/production/_ext/1360937237/send.o
 .comment       0x00000000       0x3d build/default/production/_ext/308321468/osal_freertos.o
 .comment       0x00000000       0x3d build/default/production/_ext/482662494/sys_devcon.o
 .comment       0x00000000       0x3d build/default/production/_ext/482662494/sys_devcon_pic32mx.o
 .comment       0x00000000       0x3d build/default/production/_ext/1042686532/sys_int_pic32.o
 .comment       0x00000000       0x3d build/default/production/_ext/826631961/sys_ports.o
 .comment       0x00000000       0x3d build/default/production/_ext/1107379230/heap_1.o
 .comment       0x00000000       0x3d build/default/production/_ext/1282498059/port.o
 .comment       0x00000000       0x3d build/default/production/_ext/373060831/list.o
 .comment       0x00000000       0x3d build/default/production/_ext/373060831/croutine.o
 .comment       0x00000000       0x3d build/default/production/_ext/373060831/tasks.o
 .comment       0x00000000       0x3d build/default/production/_ext/373060831/event_groups.o
 .comment       0x00000000       0x3d build/default/production/_ext/373060831/timers.o
 .comment       0x00000000       0x3d build/default/production/_ext/373060831/queue.o
 .comment       0x00000000       0x3d build/default/production/_ext/1360937237/debug.o
 .comment       0x0000003c       0x18 c:/program files (x86)/microchip/xc32/v1.40/bin/bin/../../lib/gcc/pic32mx/4.8.3/../../../../pic32mx/lib\libpic32.a(memset.o)
                                 0x19 (size before relaxing)
 .comment       0x00000000       0x3d c:/program files (x86)/microchip/xc32/v1.40/bin/bin/../../lib/gcc/pic32mx/4.8.3/../../../../pic32mx/lib\libpic32.a(default-bootstrap-exception-handler.o)
 .comment       0x00000000       0x3d c:/program files (x86)/microchip/xc32/v1.40/bin/bin/../../lib/gcc/pic32mx/4.8.3/../../../../pic32mx/lib\libpic32.a(default-on-reset.o)
 .comment       0x00000000       0x3d c:/program files (x86)/microchip/xc32/v1.40/bin/bin/../../lib/gcc/pic32mx/4.8.3/../../../../pic32mx/lib\libpic32.a(default-on-bootstrap.o)
 .comment       0x00000054       0x18 c:/program files (x86)/microchip/xc32/v1.40/bin/bin/../../lib/gcc/pic32mx/4.8.3/../../../../pic32mx/lib\libpic32.a(memcmp.o)
                                 0x19 (size before relaxing)
 .comment       0x00000000       0x3d c:/program files (x86)/microchip/xc32/v1.40/bin/bin/../../lib/gcc/pic32mx/4.8.3/../../../../pic32mx/lib\libpic32.a(defaultinterrupt.o)
 .comment       0x00000000       0x3d c:/program files (x86)/microchip/xc32/v1.40/bin/bin/../../lib/gcc/pic32mx/4.8.3/../../../../pic32mx/lib\libm.a(w_sqrtf.o)
 .comment       0x00000000       0x3d c:/program files (x86)/microchip/xc32/v1.40/bin/bin/../../lib/gcc/pic32mx/4.8.3/../../../../pic32mx/lib\libm.a(s_lib_ver.o)
 .comment       0x00000000       0x3d c:/program files (x86)/microchip/xc32/v1.40/bin/bin/../../lib/gcc/pic32mx/4.8.3/../../../../pic32mx/lib\libc.a(errno.o)
 .comment       0x00000000       0x3d c:/program files (x86)/microchip/xc32/v1.40/bin/bin/../../lib/gcc/pic32mx/4.8.3/../../../../pic32mx/lib\libc.a(strncpy.o)

.debug
 *(.debug)

.line
 *(.line)

.debug_srcinfo
 *(.debug_srcinfo)

.debug_sfnames
 *(.debug_sfnames)

.debug_aranges  0x00000000      0xb50
 *(.debug_aranges)
 .debug_aranges
                0x00000000       0x78 build/default/production/_ext/1361460060/drv_adc_static.o
 .debug_aranges
                0x00000078       0x38 build/default/production/_ext/1345626252/drv_usart_static.o
 .debug_aranges
                0x000000b0       0x38 build/default/production/_ext/639803181/sys_clk_static.o
 .debug_aranges
                0x000000e8       0x20 build/default/production/_ext/822048611/sys_ports_static.o
 .debug_aranges
                0x00000108       0x20 build/default/production/_ext/1688732426/system_init.o
 .debug_aranges
                0x00000128       0x38 build/default/production/_ext/1688732426/system_interrupt_a.o
 .debug_aranges
                0x00000160       0x20 build/default/production/_ext/1688732426/system_exceptions.o
 .debug_aranges
                0x00000180       0x40 build/default/production/_ext/1688732426/system_tasks.o
 .debug_aranges
                0x000001c0       0x28 build/default/production/_ext/1688732426/system_interrupt.o
 .debug_aranges
                0x000001e8       0x28 build/default/production/_ext/1688732426/rtos_hooks.o
 .debug_aranges
                0x00000210       0x30 build/default/production/_ext/1360937237/timerCallback.o
 .debug_aranges
                0x00000240       0x40 build/default/production/_ext/1360937237/sender.o
 .debug_aranges
                0x00000280       0x20 build/default/production/_ext/1360937237/main.o
 .debug_aranges
                0x000002a0       0xb8 build/default/production/_ext/1360937237/process.o
 .debug_aranges
                0x00000358       0x58 build/default/production/_ext/1360937237/receive.o
 .debug_aranges
                0x000003b0       0x50 build/default/production/_ext/1360937237/send.o
 .debug_aranges
                0x00000400       0x88 build/default/production/_ext/308321468/osal_freertos.o
 .debug_aranges
                0x00000488       0x78 build/default/production/_ext/482662494/sys_devcon.o
 .debug_aranges
                0x00000500       0x20 build/default/production/_ext/482662494/sys_devcon_pic32mx.o
 .debug_aranges
                0x00000520       0x48 build/default/production/_ext/1042686532/sys_int_pic32.o
 .debug_aranges
                0x00000568       0xf8 build/default/production/_ext/826631961/sys_ports.o
 .debug_aranges
                0x00000660       0x38 build/default/production/_ext/1107379230/heap_1.o
 .debug_aranges
                0x00000698       0x20 build/default/production/_ext/1282498059/port_asm.o
 .debug_aranges
                0x000006b8       0x58 build/default/production/_ext/1282498059/port.o
 .debug_aranges
                0x00000710       0x40 build/default/production/_ext/373060831/list.o
 .debug_aranges
                0x00000750       0x18 build/default/production/_ext/373060831/croutine.o
 .debug_aranges
                0x00000768      0x178 build/default/production/_ext/373060831/tasks.o
 .debug_aranges
                0x000008e0       0x60 build/default/production/_ext/373060831/event_groups.o
 .debug_aranges
                0x00000940       0x70 build/default/production/_ext/373060831/timers.o
 .debug_aranges
                0x000009b0       0xb8 build/default/production/_ext/373060831/queue.o
 .debug_aranges
                0x00000a68       0x28 build/default/production/_ext/1360937237/debug.o
 .debug_aranges
                0x00000a90       0x20 c:/program files (x86)/microchip/xc32/v1.40/bin/bin/../../lib/gcc/pic32mx/4.8.3/../../../../pic32mx/lib\libpic32.a(default-bootstrap-exception-handler.o)
 .debug_aranges
                0x00000ab0       0x20 c:/program files (x86)/microchip/xc32/v1.40/bin/bin/../../lib/gcc/pic32mx/4.8.3/../../../../pic32mx/lib\libpic32.a(default-on-reset.o)
 .debug_aranges
                0x00000ad0       0x20 c:/program files (x86)/microchip/xc32/v1.40/bin/bin/../../lib/gcc/pic32mx/4.8.3/../../../../pic32mx/lib\libpic32.a(default-on-bootstrap.o)
 .debug_aranges
                0x00000af0       0x20 c:/program files (x86)/microchip/xc32/v1.40/bin/bin/../../lib/gcc/pic32mx/4.8.3/../../../../pic32mx/lib\libpic32.a(defaultinterrupt.o)
 .debug_aranges
                0x00000b10       0x20 c:/program files (x86)/microchip/xc32/v1.40/bin/bin/../../lib/gcc/pic32mx/4.8.3/../../../../pic32mx/lib\libm.a(w_sqrtf.o)
 .debug_aranges
                0x00000b30       0x20 c:/program files (x86)/microchip/xc32/v1.40/bin/bin/../../lib/gcc/pic32mx/4.8.3/../../../../pic32mx/lib\libc.a(strncpy.o)

.debug_pubnames
 *(.debug_pubnames)

.debug_info     0x00000000    0x27759
 *(.debug_info .gnu.linkonce.wi.*)
 .debug_info    0x00000000     0x3e50 build/default/production/_ext/1361460060/drv_adc_static.o
 .debug_info    0x00003e50     0x3363 build/default/production/_ext/1345626252/drv_usart_static.o
 .debug_info    0x000071b3     0x117c build/default/production/_ext/639803181/sys_clk_static.o
 .debug_info    0x0000832f     0x1281 build/default/production/_ext/822048611/sys_ports_static.o
 .debug_info    0x000095b0     0x1520 build/default/production/_ext/1688732426/system_init.o
 .debug_info    0x0000aad0       0xab build/default/production/_ext/1688732426/system_interrupt_a.o
 .debug_info    0x0000ab7b      0xfee build/default/production/_ext/1688732426/system_exceptions.o
 .debug_info    0x0000bb69      0xc42 build/default/production/_ext/1688732426/system_tasks.o
 .debug_info    0x0000c7ab     0x16bb build/default/production/_ext/1688732426/system_interrupt.o
 .debug_info    0x0000de66      0x261 build/default/production/_ext/1688732426/rtos_hooks.o
 .debug_info    0x0000e0c7     0x10dc build/default/production/_ext/1360937237/timerCallback.o
 .debug_info    0x0000f1a3     0x1419 build/default/production/_ext/1360937237/sender.o
 .debug_info    0x000105bc      0x1b9 build/default/production/_ext/1360937237/main.o
 .debug_info    0x00010775     0x2d33 build/default/production/_ext/1360937237/process.o
 .debug_info    0x000134a8     0x17cb build/default/production/_ext/1360937237/receive.o
 .debug_info    0x00014c73     0x24f8 build/default/production/_ext/1360937237/send.o
 .debug_info    0x0001716b      0xaa0 build/default/production/_ext/308321468/osal_freertos.o
 .debug_info    0x00017c0b     0x108e build/default/production/_ext/482662494/sys_devcon.o
 .debug_info    0x00018c99      0xd65 build/default/production/_ext/482662494/sys_devcon_pic32mx.o
 .debug_info    0x000199fe     0x15cc build/default/production/_ext/1042686532/sys_int_pic32.o
 .debug_info    0x0001afca     0x324f build/default/production/_ext/826631961/sys_ports.o
 .debug_info    0x0001e219      0x387 build/default/production/_ext/1107379230/heap_1.o
 .debug_info    0x0001e5a0       0xcf build/default/production/_ext/1282498059/port_asm.o
 .debug_info    0x0001e66f     0x11b0 build/default/production/_ext/1282498059/port.o
 .debug_info    0x0001f81f      0x485 build/default/production/_ext/373060831/list.o
 .debug_info    0x0001fca4      0x181 build/default/production/_ext/373060831/croutine.o
 .debug_info    0x0001fe25     0x29be build/default/production/_ext/373060831/tasks.o
 .debug_info    0x000227e3      0xd53 build/default/production/_ext/373060831/event_groups.o
 .debug_info    0x00023536     0x1509 build/default/production/_ext/373060831/timers.o
 .debug_info    0x00024a3f     0x1836 build/default/production/_ext/373060831/queue.o
 .debug_info    0x00026275     0x1043 build/default/production/_ext/1360937237/debug.o
 .debug_info    0x000272b8       0xe3 c:/program files (x86)/microchip/xc32/v1.40/bin/bin/../../lib/gcc/pic32mx/4.8.3/../../../../pic32mx/lib\libpic32.a(default-bootstrap-exception-handler.o)
 .debug_info    0x0002739b       0xbd c:/program files (x86)/microchip/xc32/v1.40/bin/bin/../../lib/gcc/pic32mx/4.8.3/../../../../pic32mx/lib\libpic32.a(default-on-reset.o)
 .debug_info    0x00027458       0xc5 c:/program files (x86)/microchip/xc32/v1.40/bin/bin/../../lib/gcc/pic32mx/4.8.3/../../../../pic32mx/lib\libpic32.a(default-on-bootstrap.o)
 .debug_info    0x0002751d       0xd7 c:/program files (x86)/microchip/xc32/v1.40/bin/bin/../../lib/gcc/pic32mx/4.8.3/../../../../pic32mx/lib\libpic32.a(defaultinterrupt.o)
 .debug_info    0x000275f4       0xad c:/program files (x86)/microchip/xc32/v1.40/bin/bin/../../lib/gcc/pic32mx/4.8.3/../../../../pic32mx/lib\libm.a(w_sqrtf.o)
 .debug_info    0x000276a1       0xb8 c:/program files (x86)/microchip/xc32/v1.40/bin/bin/../../lib/gcc/pic32mx/4.8.3/../../../../pic32mx/lib\libc.a(strncpy.o)

.debug_abbrev   0x00000000     0x34d4
 *(.debug_abbrev)
 .debug_abbrev  0x00000000      0x1e4 build/default/production/_ext/1361460060/drv_adc_static.o
 .debug_abbrev  0x000001e4      0x1f5 build/default/production/_ext/1345626252/drv_usart_static.o
 .debug_abbrev  0x000003d9      0x1f8 build/default/production/_ext/639803181/sys_clk_static.o
 .debug_abbrev  0x000005d1      0x138 build/default/production/_ext/822048611/sys_ports_static.o
 .debug_abbrev  0x00000709      0x1dd build/default/production/_ext/1688732426/system_init.o
 .debug_abbrev  0x000008e6       0x12 build/default/production/_ext/1688732426/system_interrupt_a.o
 .debug_abbrev  0x000008f8       0x91 build/default/production/_ext/1688732426/system_exceptions.o
 .debug_abbrev  0x00000989      0x149 build/default/production/_ext/1688732426/system_tasks.o
 .debug_abbrev  0x00000ad2      0x1ab build/default/production/_ext/1688732426/system_interrupt.o
 .debug_abbrev  0x00000c7d       0x97 build/default/production/_ext/1688732426/rtos_hooks.o
 .debug_abbrev  0x00000d14       0xe2 build/default/production/_ext/1360937237/timerCallback.o
 .debug_abbrev  0x00000df6      0x159 build/default/production/_ext/1360937237/sender.o
 .debug_abbrev  0x00000f4f       0x93 build/default/production/_ext/1360937237/main.o
 .debug_abbrev  0x00000fe2      0x33b build/default/production/_ext/1360937237/process.o
 .debug_abbrev  0x0000131d      0x239 build/default/production/_ext/1360937237/receive.o
 .debug_abbrev  0x00001556      0x2ae build/default/production/_ext/1360937237/send.o
 .debug_abbrev  0x00001804      0x1fe build/default/production/_ext/308321468/osal_freertos.o
 .debug_abbrev  0x00001a02      0x26d build/default/production/_ext/482662494/sys_devcon.o
 .debug_abbrev  0x00001c6f      0x16d build/default/production/_ext/482662494/sys_devcon_pic32mx.o
 .debug_abbrev  0x00001ddc      0x1d0 build/default/production/_ext/1042686532/sys_int_pic32.o
 .debug_abbrev  0x00001fac      0x219 build/default/production/_ext/826631961/sys_ports.o
 .debug_abbrev  0x000021c5      0x13f build/default/production/_ext/1107379230/heap_1.o
 .debug_abbrev  0x00002304       0x14 build/default/production/_ext/1282498059/port_asm.o
 .debug_abbrev  0x00002318      0x2cf build/default/production/_ext/1282498059/port.o
 .debug_abbrev  0x000025e7       0xf1 build/default/production/_ext/373060831/list.o
 .debug_abbrev  0x000026d8       0x1b build/default/production/_ext/373060831/croutine.o
 .debug_abbrev  0x000026f3      0x383 build/default/production/_ext/373060831/tasks.o
 .debug_abbrev  0x00002a76      0x29a build/default/production/_ext/373060831/event_groups.o
 .debug_abbrev  0x00002d10      0x337 build/default/production/_ext/373060831/timers.o
 .debug_abbrev  0x00003047      0x2c4 build/default/production/_ext/373060831/queue.o
 .debug_abbrev  0x0000330b       0xd9 build/default/production/_ext/1360937237/debug.o
 .debug_abbrev  0x000033e4       0x28 c:/program files (x86)/microchip/xc32/v1.40/bin/bin/../../lib/gcc/pic32mx/4.8.3/../../../../pic32mx/lib\libpic32.a(default-bootstrap-exception-handler.o)
 .debug_abbrev  0x0000340c       0x28 c:/program files (x86)/microchip/xc32/v1.40/bin/bin/../../lib/gcc/pic32mx/4.8.3/../../../../pic32mx/lib\libpic32.a(default-on-reset.o)
 .debug_abbrev  0x00003434       0x28 c:/program files (x86)/microchip/xc32/v1.40/bin/bin/../../lib/gcc/pic32mx/4.8.3/../../../../pic32mx/lib\libpic32.a(default-on-bootstrap.o)
 .debug_abbrev  0x0000345c       0x28 c:/program files (x86)/microchip/xc32/v1.40/bin/bin/../../lib/gcc/pic32mx/4.8.3/../../../../pic32mx/lib\libpic32.a(defaultinterrupt.o)
 .debug_abbrev  0x00003484       0x28 c:/program files (x86)/microchip/xc32/v1.40/bin/bin/../../lib/gcc/pic32mx/4.8.3/../../../../pic32mx/lib\libm.a(w_sqrtf.o)
 .debug_abbrev  0x000034ac       0x28 c:/program files (x86)/microchip/xc32/v1.40/bin/bin/../../lib/gcc/pic32mx/4.8.3/../../../../pic32mx/lib\libc.a(strncpy.o)

.debug_line     0x00000000     0x7270
 *(.debug_line)
 .debug_line    0x00000000      0x77f build/default/production/_ext/1361460060/drv_adc_static.o
 .debug_line    0x0000077f      0x62d build/default/production/_ext/1345626252/drv_usart_static.o
 .debug_line    0x00000dac      0x398 build/default/production/_ext/639803181/sys_clk_static.o
 .debug_line    0x00001144      0x3be build/default/production/_ext/822048611/sys_ports_static.o
 .debug_line    0x00001502      0x4ed build/default/production/_ext/1688732426/system_init.o
 .debug_line    0x000019ef       0xa5 build/default/production/_ext/1688732426/system_interrupt_a.o
 .debug_line    0x00001a94      0x153 build/default/production/_ext/1688732426/system_exceptions.o
 .debug_line    0x00001be7      0x36e build/default/production/_ext/1688732426/system_tasks.o
 .debug_line    0x00001f55      0x3d4 build/default/production/_ext/1688732426/system_interrupt.o
 .debug_line    0x00002329      0x154 build/default/production/_ext/1688732426/rtos_hooks.o
 .debug_line    0x0000247d      0x1bd build/default/production/_ext/1360937237/timerCallback.o
 .debug_line    0x0000263a      0x290 build/default/production/_ext/1360937237/sender.o
 .debug_line    0x000028ca       0xc9 build/default/production/_ext/1360937237/main.o
 .debug_line    0x00002993      0x7a9 build/default/production/_ext/1360937237/process.o
 .debug_line    0x0000313c      0x343 build/default/production/_ext/1360937237/receive.o
 .debug_line    0x0000347f      0x4fe build/default/production/_ext/1360937237/send.o
 .debug_line    0x0000397d      0x2c4 build/default/production/_ext/308321468/osal_freertos.o
 .debug_line    0x00003c41      0x5e7 build/default/production/_ext/482662494/sys_devcon.o
 .debug_line    0x00004228      0x48f build/default/production/_ext/482662494/sys_devcon_pic32mx.o
 .debug_line    0x000046b7      0x39e build/default/production/_ext/1042686532/sys_int_pic32.o
 .debug_line    0x00004a55      0x88b build/default/production/_ext/826631961/sys_ports.o
 .debug_line    0x000052e0      0x220 build/default/production/_ext/1107379230/heap_1.o
 .debug_line    0x00005500      0x105 build/default/production/_ext/1282498059/port_asm.o
 .debug_line    0x00005605      0x240 build/default/production/_ext/1282498059/port.o
 .debug_line    0x00005845      0x1e5 build/default/production/_ext/373060831/list.o
 .debug_line    0x00005a2a       0x1d build/default/production/_ext/373060831/croutine.o
 .debug_line    0x00005a47      0x7ff build/default/production/_ext/373060831/tasks.o
 .debug_line    0x00006246      0x32a build/default/production/_ext/373060831/event_groups.o
 .debug_line    0x00006570      0x396 build/default/production/_ext/373060831/timers.o
 .debug_line    0x00006906      0x4ab build/default/production/_ext/373060831/queue.o
 .debug_line    0x00006db1      0x19d build/default/production/_ext/1360937237/debug.o
 .debug_line    0x00006f4e       0x97 c:/program files (x86)/microchip/xc32/v1.40/bin/bin/../../lib/gcc/pic32mx/4.8.3/../../../../pic32mx/lib\libpic32.a(default-bootstrap-exception-handler.o)
 .debug_line    0x00006fe5       0x84 c:/program files (x86)/microchip/xc32/v1.40/bin/bin/../../lib/gcc/pic32mx/4.8.3/../../../../pic32mx/lib\libpic32.a(default-on-reset.o)
 .debug_line    0x00007069       0x88 c:/program files (x86)/microchip/xc32/v1.40/bin/bin/../../lib/gcc/pic32mx/4.8.3/../../../../pic32mx/lib\libpic32.a(default-on-bootstrap.o)
 .debug_line    0x000070f1       0x96 c:/program files (x86)/microchip/xc32/v1.40/bin/bin/../../lib/gcc/pic32mx/4.8.3/../../../../pic32mx/lib\libpic32.a(defaultinterrupt.o)
 .debug_line    0x00007187       0x78 c:/program files (x86)/microchip/xc32/v1.40/bin/bin/../../lib/gcc/pic32mx/4.8.3/../../../../pic32mx/lib\libm.a(w_sqrtf.o)
 .debug_line    0x000071ff        0x0 c:/program files (x86)/microchip/xc32/v1.40/bin/bin/../../lib/gcc/pic32mx/4.8.3/../../../../pic32mx/lib\libm.a(s_lib_ver.o)
 .debug_line    0x000071ff        0x0 c:/program files (x86)/microchip/xc32/v1.40/bin/bin/../../lib/gcc/pic32mx/4.8.3/../../../../pic32mx/lib\libc.a(errno.o)
 .debug_line    0x000071ff       0x71 c:/program files (x86)/microchip/xc32/v1.40/bin/bin/../../lib/gcc/pic32mx/4.8.3/../../../../pic32mx/lib\libc.a(strncpy.o)

.debug_frame    0x00000000     0x17b0
 *(.debug_frame)
 .debug_frame   0x00000000       0xd0 build/default/production/_ext/1361460060/drv_adc_static.o
 .debug_frame   0x000000d0       0x58 build/default/production/_ext/1345626252/drv_usart_static.o
 .debug_frame   0x00000128       0x58 build/default/production/_ext/639803181/sys_clk_static.o
 .debug_frame   0x00000180       0x20 build/default/production/_ext/822048611/sys_ports_static.o
 .debug_frame   0x000001a0       0x28 build/default/production/_ext/1688732426/system_init.o
 .debug_frame   0x000001c8       0x28 build/default/production/_ext/1688732426/system_exceptions.o
 .debug_frame   0x000001f0       0x88 build/default/production/_ext/1688732426/system_tasks.o
 .debug_frame   0x00000278       0x38 build/default/production/_ext/1688732426/system_interrupt.o
 .debug_frame   0x000002b0       0x40 build/default/production/_ext/1688732426/rtos_hooks.o
 .debug_frame   0x000002f0       0x58 build/default/production/_ext/1360937237/timerCallback.o
 .debug_frame   0x00000348       0xa0 build/default/production/_ext/1360937237/sender.o
 .debug_frame   0x000003e8       0x28 build/default/production/_ext/1360937237/main.o
 .debug_frame   0x00000410      0x228 build/default/production/_ext/1360937237/process.o
 .debug_frame   0x00000638       0xa8 build/default/production/_ext/1360937237/receive.o
 .debug_frame   0x000006e0       0xcc build/default/production/_ext/1360937237/send.o
 .debug_frame   0x000007ac      0x150 build/default/production/_ext/308321468/osal_freertos.o
 .debug_frame   0x000008fc       0xe8 build/default/production/_ext/482662494/sys_devcon.o
 .debug_frame   0x000009e4       0x28 build/default/production/_ext/482662494/sys_devcon_pic32mx.o
 .debug_frame   0x00000a0c       0x90 build/default/production/_ext/1042686532/sys_int_pic32.o
 .debug_frame   0x00000a9c      0x1d0 build/default/production/_ext/826631961/sys_ports.o
 .debug_frame   0x00000c6c       0x5c build/default/production/_ext/1107379230/heap_1.o
 .debug_frame   0x00000cc8       0xc0 build/default/production/_ext/1282498059/port.o
 .debug_frame   0x00000d88       0x60 build/default/production/_ext/373060831/list.o
 .debug_frame   0x00000de8      0x450 build/default/production/_ext/373060831/tasks.o
 .debug_frame   0x00001238      0x108 build/default/production/_ext/373060831/event_groups.o
 .debug_frame   0x00001340      0x134 build/default/production/_ext/373060831/timers.o
 .debug_frame   0x00001474      0x230 build/default/production/_ext/373060831/queue.o
 .debug_frame   0x000016a4       0x38 build/default/production/_ext/1360937237/debug.o
 .debug_frame   0x000016dc       0x2c c:/program files (x86)/microchip/xc32/v1.40/bin/bin/../../lib/gcc/pic32mx/4.8.3/../../../../pic32mx/lib\libpic32.a(default-bootstrap-exception-handler.o)
 .debug_frame   0x00001708       0x20 c:/program files (x86)/microchip/xc32/v1.40/bin/bin/../../lib/gcc/pic32mx/4.8.3/../../../../pic32mx/lib\libpic32.a(default-on-reset.o)
 .debug_frame   0x00001728       0x20 c:/program files (x86)/microchip/xc32/v1.40/bin/bin/../../lib/gcc/pic32mx/4.8.3/../../../../pic32mx/lib\libpic32.a(default-on-bootstrap.o)
 .debug_frame   0x00001748       0x20 c:/program files (x86)/microchip/xc32/v1.40/bin/bin/../../lib/gcc/pic32mx/4.8.3/../../../../pic32mx/lib\libpic32.a(defaultinterrupt.o)
 .debug_frame   0x00001768       0x28 c:/program files (x86)/microchip/xc32/v1.40/bin/bin/../../lib/gcc/pic32mx/4.8.3/../../../../pic32mx/lib\libm.a(w_sqrtf.o)
 .debug_frame   0x00001790       0x20 c:/program files (x86)/microchip/xc32/v1.40/bin/bin/../../lib/gcc/pic32mx/4.8.3/../../../../pic32mx/lib\libc.a(strncpy.o)

.debug_str      0x00000000      0x843
 *(.debug_str)
 .debug_str     0x00000000       0x8e build/default/production/_ext/1361460060/drv_adc_static.o
 .debug_str     0x0000008e       0x88 build/default/production/_ext/1345626252/drv_usart_static.o
 .debug_str     0x00000116       0x39 build/default/production/_ext/639803181/sys_clk_static.o
 .debug_str     0x0000014f       0x15 build/default/production/_ext/822048611/sys_ports_static.o
 .debug_str     0x00000164        0xb build/default/production/_ext/1688732426/system_init.o
 .debug_str     0x0000016f        0x0 build/default/production/_ext/1688732426/system_exceptions.o
 .debug_str     0x0000016f        0x0 build/default/production/_ext/1688732426/system_tasks.o
 .debug_str     0x0000016f       0x2f build/default/production/_ext/1688732426/system_interrupt.o
 .debug_str     0x0000019e        0x9 build/default/production/_ext/1688732426/rtos_hooks.o
 .debug_str     0x000001a7       0x2c build/default/production/_ext/1360937237/timerCallback.o
 .debug_str     0x000001d3       0x10 build/default/production/_ext/1360937237/sender.o
 .debug_str     0x000001e3        0x0 build/default/production/_ext/1360937237/main.o
 .debug_str     0x000001e3       0x8a build/default/production/_ext/1360937237/process.o
 .debug_str     0x0000026d       0x1f build/default/production/_ext/1360937237/receive.o
 .debug_str     0x0000028c        0xd build/default/production/_ext/1360937237/send.o
 .debug_str     0x00000299       0x40 build/default/production/_ext/308321468/osal_freertos.o
 .debug_str     0x000002d9       0x16 build/default/production/_ext/482662494/sys_devcon.o
 .debug_str     0x000002ef        0x6 build/default/production/_ext/482662494/sys_devcon_pic32mx.o
 .debug_str     0x000002f5       0x2d build/default/production/_ext/1042686532/sys_int_pic32.o
 .debug_str     0x00000322       0x98 build/default/production/_ext/826631961/sys_ports.o
 .debug_str     0x000003ba       0x1d build/default/production/_ext/1107379230/heap_1.o
 .debug_str     0x000003d7       0x37 build/default/production/_ext/1282498059/port.o
 .debug_str     0x0000040e       0x2b build/default/production/_ext/373060831/list.o
 .debug_str     0x00000439        0x0 build/default/production/_ext/373060831/croutine.o
 .debug_str     0x00000439      0x174 build/default/production/_ext/373060831/tasks.o
 .debug_str     0x000005ad       0xe6 build/default/production/_ext/373060831/event_groups.o
 .debug_str     0x00000693       0xbf build/default/production/_ext/373060831/timers.o
 .debug_str     0x00000752       0xf1 build/default/production/_ext/373060831/queue.o
 .debug_str     0x00000843        0x0 build/default/production/_ext/1360937237/debug.o
 .debug_str     0x00000843        0x0 c:/program files (x86)/microchip/xc32/v1.40/bin/bin/../../lib/gcc/pic32mx/4.8.3/../../../../pic32mx/lib\libpic32.a(default-bootstrap-exception-handler.o)
 .debug_str     0x00000843        0x0 c:/program files (x86)/microchip/xc32/v1.40/bin/bin/../../lib/gcc/pic32mx/4.8.3/../../../../pic32mx/lib\libpic32.a(default-on-reset.o)
 .debug_str     0x00000843        0x0 c:/program files (x86)/microchip/xc32/v1.40/bin/bin/../../lib/gcc/pic32mx/4.8.3/../../../../pic32mx/lib\libpic32.a(default-on-bootstrap.o)
 .debug_str     0x00000843        0x0 c:/program files (x86)/microchip/xc32/v1.40/bin/bin/../../lib/gcc/pic32mx/4.8.3/../../../../pic32mx/lib\libpic32.a(defaultinterrupt.o)
 .debug_str     0x00000843        0x0 c:/program files (x86)/microchip/xc32/v1.40/bin/bin/../../lib/gcc/pic32mx/4.8.3/../../../../pic32mx/lib\libm.a(w_sqrtf.o)
 .debug_str     0x00000843        0x0 c:/program files (x86)/microchip/xc32/v1.40/bin/bin/../../lib/gcc/pic32mx/4.8.3/../../../../pic32mx/lib\libm.a(s_lib_ver.o)
 .debug_str     0x00000843        0x0 c:/program files (x86)/microchip/xc32/v1.40/bin/bin/../../lib/gcc/pic32mx/4.8.3/../../../../pic32mx/lib\libc.a(errno.o)
 .debug_str     0x00000843        0x0 c:/program files (x86)/microchip/xc32/v1.40/bin/bin/../../lib/gcc/pic32mx/4.8.3/../../../../pic32mx/lib\libc.a(strncpy.o)

.debug_loc      0x00000000     0x6069
 *(.debug_loc)
 .debug_loc     0x00000000      0x111 build/default/production/_ext/1361460060/drv_adc_static.o
 .debug_loc     0x00000111       0x3a build/default/production/_ext/1345626252/drv_usart_static.o
 .debug_loc     0x0000014b       0x21 build/default/production/_ext/639803181/sys_clk_static.o
 .debug_loc     0x0000016c       0x21 build/default/production/_ext/1688732426/system_init.o
 .debug_loc     0x0000018d       0x28 build/default/production/_ext/1688732426/system_interrupt.o
 .debug_loc     0x000001b5       0x34 build/default/production/_ext/1688732426/rtos_hooks.o
 .debug_loc     0x000001e9       0x63 build/default/production/_ext/1360937237/timerCallback.o
 .debug_loc     0x0000024c      0x299 build/default/production/_ext/1360937237/sender.o
 .debug_loc     0x000004e5      0xef0 build/default/production/_ext/1360937237/process.o
 .debug_loc     0x000013d5      0x199 build/default/production/_ext/1360937237/receive.o
 .debug_loc     0x0000156e       0xdc build/default/production/_ext/1360937237/send.o
 .debug_loc     0x0000164a      0x40c build/default/production/_ext/308321468/osal_freertos.o
 .debug_loc     0x00001a56       0xf0 build/default/production/_ext/482662494/sys_devcon.o
 .debug_loc     0x00001b46       0xe0 build/default/production/_ext/482662494/sys_devcon_pic32mx.o
 .debug_loc     0x00001c26       0x8d build/default/production/_ext/1042686532/sys_int_pic32.o
 .debug_loc     0x00001cb3      0xee1 build/default/production/_ext/826631961/sys_ports.o
 .debug_loc     0x00002b94       0x49 build/default/production/_ext/1107379230/heap_1.o
 .debug_loc     0x00002bdd       0xea build/default/production/_ext/1282498059/port.o
 .debug_loc     0x00002cc7       0x31 build/default/production/_ext/373060831/list.o
 .debug_loc     0x00002cf8     0x1505 build/default/production/_ext/373060831/tasks.o
 .debug_loc     0x000041fd      0x8ea build/default/production/_ext/373060831/event_groups.o
 .debug_loc     0x00004ae7      0x7c0 build/default/production/_ext/373060831/timers.o
 .debug_loc     0x000052a7      0xd35 build/default/production/_ext/373060831/queue.o
 .debug_loc     0x00005fdc       0x8d build/default/production/_ext/1360937237/debug.o

.debug_macinfo
 *(.debug_macinfo)

.debug_weaknames
 *(.debug_weaknames)

.debug_funcnames
 *(.debug_funcnames)

.debug_typenames
 *(.debug_typenames)

.debug_varnames
 *(.debug_varnames)

.debug_pubtypes
 *(.debug_pubtypes)

.debug_ranges   0x00000000      0xbc0
 *(.debug_ranges)
 .debug_ranges  0x00000000       0x68 build/default/production/_ext/1361460060/drv_adc_static.o
 .debug_ranges  0x00000068       0x28 build/default/production/_ext/1345626252/drv_usart_static.o
 .debug_ranges  0x00000090       0x28 build/default/production/_ext/639803181/sys_clk_static.o
 .debug_ranges  0x000000b8       0x10 build/default/production/_ext/822048611/sys_ports_static.o
 .debug_ranges  0x000000c8       0x10 build/default/production/_ext/1688732426/system_init.o
 .debug_ranges  0x000000d8       0x30 build/default/production/_ext/1688732426/system_interrupt_a.o
 .debug_ranges  0x00000108       0x10 build/default/production/_ext/1688732426/system_exceptions.o
 .debug_ranges  0x00000118       0x30 build/default/production/_ext/1688732426/system_tasks.o
 .debug_ranges  0x00000148       0x18 build/default/production/_ext/1688732426/system_interrupt.o
 .debug_ranges  0x00000160       0x18 build/default/production/_ext/1688732426/rtos_hooks.o
 .debug_ranges  0x00000178       0x20 build/default/production/_ext/1360937237/timerCallback.o
 .debug_ranges  0x00000198       0x30 build/default/production/_ext/1360937237/sender.o
 .debug_ranges  0x000001c8       0x10 build/default/production/_ext/1360937237/main.o
 .debug_ranges  0x000001d8      0x230 build/default/production/_ext/1360937237/process.o
 .debug_ranges  0x00000408       0x48 build/default/production/_ext/1360937237/receive.o
 .debug_ranges  0x00000450       0x58 build/default/production/_ext/1360937237/send.o
 .debug_ranges  0x000004a8       0x78 build/default/production/_ext/308321468/osal_freertos.o
 .debug_ranges  0x00000520       0x68 build/default/production/_ext/482662494/sys_devcon.o
 .debug_ranges  0x00000588       0x10 build/default/production/_ext/482662494/sys_devcon_pic32mx.o
 .debug_ranges  0x00000598       0x50 build/default/production/_ext/1042686532/sys_int_pic32.o
 .debug_ranges  0x000005e8       0xe8 build/default/production/_ext/826631961/sys_ports.o
 .debug_ranges  0x000006d0       0x28 build/default/production/_ext/1107379230/heap_1.o
 .debug_ranges  0x000006f8       0x48 build/default/production/_ext/1282498059/port.o
 .debug_ranges  0x00000740       0x30 build/default/production/_ext/373060831/list.o
 .debug_ranges  0x00000770      0x1b0 build/default/production/_ext/373060831/tasks.o
 .debug_ranges  0x00000920       0x98 build/default/production/_ext/373060831/event_groups.o
 .debug_ranges  0x000009b8       0xe8 build/default/production/_ext/373060831/timers.o
 .debug_ranges  0x00000aa0       0xa8 build/default/production/_ext/373060831/queue.o
 .debug_ranges  0x00000b48       0x18 build/default/production/_ext/1360937237/debug.o
 .debug_ranges  0x00000b60       0x10 c:/program files (x86)/microchip/xc32/v1.40/bin/bin/../../lib/gcc/pic32mx/4.8.3/../../../../pic32mx/lib\libpic32.a(default-bootstrap-exception-handler.o)
 .debug_ranges  0x00000b70       0x10 c:/program files (x86)/microchip/xc32/v1.40/bin/bin/../../lib/gcc/pic32mx/4.8.3/../../../../pic32mx/lib\libpic32.a(default-on-reset.o)
 .debug_ranges  0x00000b80       0x10 c:/program files (x86)/microchip/xc32/v1.40/bin/bin/../../lib/gcc/pic32mx/4.8.3/../../../../pic32mx/lib\libpic32.a(default-on-bootstrap.o)
 .debug_ranges  0x00000b90       0x10 c:/program files (x86)/microchip/xc32/v1.40/bin/bin/../../lib/gcc/pic32mx/4.8.3/../../../../pic32mx/lib\libpic32.a(defaultinterrupt.o)
 .debug_ranges  0x00000ba0       0x10 c:/program files (x86)/microchip/xc32/v1.40/bin/bin/../../lib/gcc/pic32mx/4.8.3/../../../../pic32mx/lib\libm.a(w_sqrtf.o)
 .debug_ranges  0x00000bb0       0x10 c:/program files (x86)/microchip/xc32/v1.40/bin/bin/../../lib/gcc/pic32mx/4.8.3/../../../../pic32mx/lib\libc.a(strncpy.o)

.gnu.attributes
                0x00000000       0x10
 *(.gnu.attributes)
 .gnu.attributes
                0x00000000       0x10 build/default/production/_ext/1361460060/drv_adc_static.o
 .gnu.attributes
                0x00000010       0x10 build/default/production/_ext/1345626252/drv_usart_static.o
 .gnu.attributes
                0x00000020       0x10 build/default/production/_ext/639803181/sys_clk_static.o
 .gnu.attributes
                0x00000030       0x10 build/default/production/_ext/822048611/sys_ports_static.o
 .gnu.attributes
                0x00000040       0x10 build/default/production/_ext/1688732426/system_init.o
 .gnu.attributes
                0x00000050       0x10 build/default/production/_ext/1688732426/system_exceptions.o
 .gnu.attributes
                0x00000060       0x10 build/default/production/_ext/1688732426/system_tasks.o
 .gnu.attributes
                0x00000070       0x10 build/default/production/_ext/1688732426/system_interrupt.o
 .gnu.attributes
                0x00000080       0x10 build/default/production/_ext/1688732426/rtos_hooks.o
 .gnu.attributes
                0x00000090       0x10 build/default/production/_ext/1360937237/timerCallback.o
 .gnu.attributes
                0x000000a0       0x10 build/default/production/_ext/1360937237/sender.o
 .gnu.attributes
                0x000000b0       0x10 build/default/production/_ext/1360937237/main.o
 .gnu.attributes
                0x000000c0       0x10 build/default/production/_ext/1360937237/process.o
 .gnu.attributes
                0x000000d0       0x10 build/default/production/_ext/1360937237/receive.o
 .gnu.attributes
                0x000000e0       0x10 build/default/production/_ext/1360937237/send.o
 .gnu.attributes
                0x000000f0       0x10 build/default/production/_ext/308321468/osal_freertos.o
 .gnu.attributes
                0x00000100       0x10 build/default/production/_ext/482662494/sys_devcon.o
 .gnu.attributes
                0x00000110       0x10 build/default/production/_ext/482662494/sys_devcon_pic32mx.o
 .gnu.attributes
                0x00000120       0x10 build/default/production/_ext/1042686532/sys_int_pic32.o
 .gnu.attributes
                0x00000130       0x10 build/default/production/_ext/826631961/sys_ports.o
 .gnu.attributes
                0x00000140       0x10 build/default/production/_ext/1107379230/heap_1.o
 .gnu.attributes
                0x00000150       0x10 build/default/production/_ext/1282498059/port.o
 .gnu.attributes
                0x00000160       0x10 build/default/production/_ext/373060831/list.o
 .gnu.attributes
                0x00000170       0x10 build/default/production/_ext/373060831/croutine.o
 .gnu.attributes
                0x00000180       0x10 build/default/production/_ext/373060831/tasks.o
 .gnu.attributes
                0x00000190       0x10 build/default/production/_ext/373060831/event_groups.o
 .gnu.attributes
                0x000001a0       0x10 build/default/production/_ext/373060831/timers.o
 .gnu.attributes
                0x000001b0       0x10 build/default/production/_ext/373060831/queue.o
 .gnu.attributes
                0x000001c0       0x10 build/default/production/_ext/1360937237/debug.o
 .gnu.attributes
                0x000001d0       0x10 c:/program files (x86)/microchip/xc32/v1.40/bin/bin/../../lib/gcc/pic32mx/4.8.3/../../../../pic32mx/lib\libpic32.a(default-bootstrap-exception-handler.o)
 .gnu.attributes
                0x000001e0       0x10 c:/program files (x86)/microchip/xc32/v1.40/bin/bin/../../lib/gcc/pic32mx/4.8.3/../../../../pic32mx/lib\libpic32.a(default-on-reset.o)
 .gnu.attributes
                0x000001f0       0x10 c:/program files (x86)/microchip/xc32/v1.40/bin/bin/../../lib/gcc/pic32mx/4.8.3/../../../../pic32mx/lib\libpic32.a(default-on-bootstrap.o)
 .gnu.attributes
                0x00000200       0x10 c:/program files (x86)/microchip/xc32/v1.40/bin/bin/../../lib/gcc/pic32mx/4.8.3/../../../../pic32mx/lib\libpic32.a(defaultinterrupt.o)
 .gnu.attributes
                0x00000210       0x10 c:/program files (x86)/microchip/xc32/v1.40/bin/bin/../../lib/gcc/pic32mx/4.8.3/../../../../pic32mx/lib\libm.a(w_sqrtf.o)
 .gnu.attributes
                0x00000220       0x10 c:/program files (x86)/microchip/xc32/v1.40/bin/bin/../../lib/gcc/pic32mx/4.8.3/../../../../pic32mx/lib\libm.a(s_lib_ver.o)
 .gnu.attributes
                0x00000230       0x10 c:/program files (x86)/microchip/xc32/v1.40/bin/bin/../../lib/gcc/pic32mx/4.8.3/../../../../pic32mx/lib\libc.a(errno.o)
 .gnu.attributes
                0x00000240       0x10 c:/program files (x86)/microchip/xc32/v1.40/bin/bin/../../lib/gcc/pic32mx/4.8.3/../../../../pic32mx/lib\libc.a(strncpy.o)
LOAD c:/program files (x86)/microchip/xc32/v1.40/bin/bin/../../lib/gcc/pic32mx/4.8.3\libgcc.a
START GROUP
LOAD c:/program files (x86)/microchip/xc32/v1.40/bin/bin/../../lib/gcc/pic32mx/4.8.3/../../../../pic32mx/lib\libpic32.a
LOAD c:/program files (x86)/microchip/xc32/v1.40/bin/bin/../../lib/gcc/pic32mx/4.8.3/../../../../pic32mx/lib\libdebug.a
LOAD c:/program files (x86)/microchip/xc32/v1.40/bin/bin/../../lib/gcc/pic32mx/4.8.3/../../../../pic32mx/lib\libpic32.a
LOAD c:/program files (x86)/microchip/xc32/v1.40/bin/bin/../../lib/gcc/pic32mx/4.8.3/../../../../pic32mx/lib\libm.a
LOAD c:/program files (x86)/microchip/xc32/v1.40/bin/bin/../../lib/gcc/pic32mx/4.8.3/../../../../pic32mx/lib\libe.a
LOAD c:/program files (x86)/microchip/xc32/v1.40/bin/bin/../../lib/gcc/pic32mx/4.8.3/../../../../pic32mx/lib\libdsp.a
LOAD c:/program files (x86)/microchip/xc32/v1.40/bin/bin/../../lib/gcc/pic32mx/4.8.3\libgcc.a
LOAD c:/program files (x86)/microchip/xc32/v1.40/bin/bin/../../lib/gcc/pic32mx/4.8.3/../../../../pic32mx/lib\libc.a
LOAD c:/program files (x86)/microchip/xc32/v1.40/bin/bin/../../lib/gcc/pic32mx/4.8.3/../../../../pic32mx/lib\libpic32.a
END GROUP
LOAD c:/program files (x86)/microchip/xc32/v1.40/bin/bin/../../lib/gcc/pic32mx/4.8.3\libgcc.a
OUTPUT(dist/default/production/coordinator.X.production.elf elf32-tradlittlemips)
LOAD stack
LOAD data_init

.reginfo        0x00000000       0x18
 .reginfo       0x00000000       0x18 c:/program files (x86)/microchip/xc32/v1.40/bin/bin/../../lib/gcc/pic32mx/4.8.3/../../../../pic32mx/lib/./proc/32MX795F512L/crt0_mips32r2.o

.stack          0xa0019c80      0x400
 .stack         0xa0019c80      0x400 stack

.bss            0xa00003e0    0x19640
 .bss           0xa00003e0    0x19000 build/default/production/_ext/1107379230/heap_1.o
 .bss           0xa00193e0      0x640 build/default/production/_ext/1282498059/port.o
                0xa00193e0                xISRStack

.data           0xa0019a20      0x100
 .data          0xa0019a20      0x100 c:/program files (x86)/microchip/xc32/v1.40/bin/bin/../../lib/gcc/pic32mx/4.8.3/../../../../pic32mx/lib\libm.a(fpexatan.o)

.bss            0xa0019b20       0xc8
 .bss           0xa0019b20       0xc8 build/default/production/_ext/373060831/tasks.o

.data           0xa0019be8       0x4c
 .data          0xa0019be8       0x4c build/default/production/_ext/1688732426/system_exceptions.o

.bss            0xa0019c34       0x28
 .bss           0xa0019c34       0x28 build/default/production/_ext/373060831/timers.o

.data.math_errhandling_flag
                0xa0019c5c        0x4
 .data.math_errhandling_flag
                0xa0019c5c        0x4 c:/program files (x86)/microchip/xc32/v1.40/bin/bin/../../lib/gcc/pic32mx/4.8.3/../../../../pic32mx/lib\libm.a(s_lib_ver.o)
                0xa0019c5c                math_errhandling

.bss.errno      0xa0019c60        0x4
 .bss.errno     0xa0019c60        0x4 c:/program files (x86)/microchip/xc32/v1.40/bin/bin/../../lib/gcc/pic32mx/4.8.3/../../../../pic32mx/lib\libc.a(errno.o)
                0xa0019c60                errno

._debug_exception
                0xbfc00480       0x2c
 ._debug_exception
                0xbfc00480       0x2c c:/program files (x86)/microchip/xc32/v1.40/bin/bin/../../lib/gcc/pic32mx/4.8.3/../../../../pic32mx/lib\debug-exception-return.o
                0xbfc00480                __DbgExecReturn

.text.PROCESS_Tasks
                0x9d000000      0xec4
 .text.PROCESS_Tasks
                0x9d000000      0xec4 build/default/production/_ext/1360937237/process.o
                0x9d000000                PROCESS_Tasks

.text.distanceToObstacle
                0x9d000ec4      0x59c
 .text.distanceToObstacle
                0x9d000ec4      0x59c build/default/production/_ext/1360937237/process.o
                0x9d000ec4                distanceToObstacle

.text           0x9d001460      0x454
 .text          0x9d001460      0x454 build/default/production/_ext/1282498059/port_asm.o
                0x9d001460                vPortTickInterruptHandler
                0x9d00160c                vPortStartFirstTask
                0x9d0016d4                vPortYieldISR

.text.libm      0x9d0018b4      0x350
 .text.libm     0x9d0018b4      0x350 c:/program files (x86)/microchip/xc32/v1.40/bin/bin/../../lib/gcc/pic32mx/4.8.3/../../../../pic32mx/lib\libm.a(fpexatan.o)
                0x9d0018b4                fpexatan

.text.xTaskGenericCreate
                0x9d001c04      0x2e0
 .text.xTaskGenericCreate
                0x9d001c04      0x2e0 build/default/production/_ext/373060831/tasks.o
                0x9d001c04                xTaskGenericCreate

.text.fpsubadd  0x9d001ee4      0x278
 .text.fpsubadd
                0x9d001ee4      0x278 c:/program files (x86)/microchip/xc32/v1.40/bin/bin/../../lib/gcc/pic32mx/4.8.3/../../../../pic32mx/lib\libm.a(fp32subadd.o)
                0x9d001ee4                __subsf3
                0x9d001ee4                fpsub
                0x9d001eec                __addsf3
                0x9d001eec                fpadd

.text.processFindRoverData
                0x9d00215c      0x264
 .text.processFindRoverData
                0x9d00215c      0x264 build/default/production/_ext/1360937237/process.o
                0x9d00215c                processFindRoverData

.text.prvTimerTask
                0x9d0023c0      0x264
 .text.prvTimerTask
                0x9d0023c0      0x264 build/default/production/_ext/373060831/timers.o

.text.xQueueGenericReceive
                0x9d002624      0x24c
 .text.xQueueGenericReceive
                0x9d002624      0x24c build/default/production/_ext/373060831/queue.o
                0x9d002624                xQueueGenericReceive

.dinit          0x9d002870      0x240
 .dinit         0x9d002870      0x240 data_init

.text.fp32div   0x9d002ab0      0x230
 .text.fp32div  0x9d002ab0      0x230 c:/program files (x86)/microchip/xc32/v1.40/bin/bin/../../lib/gcc/pic32mx/4.8.3/../../../../pic32mx/lib\libm.a(fp32div.o)
                0x9d002ab0                fpdiv
                0x9d002ab0                __divsf3

.text.xQueueGenericSend
                0x9d002ce0      0x208
 .text.xQueueGenericSend
                0x9d002ce0      0x208 build/default/production/_ext/373060831/queue.o
                0x9d002ce0                xQueueGenericSend

.text.RECEIVE_Initialize
                0x9d002ee8      0x1cc
 .text.RECEIVE_Initialize
                0x9d002ee8      0x1cc build/default/production/_ext/1360937237/receive.o
                0x9d002ee8                RECEIVE_Initialize

.text.fp32mul   0x9d0030b4      0x1bc
 .text.fp32mul  0x9d0030b4      0x1bc c:/program files (x86)/microchip/xc32/v1.40/bin/bin/../../lib/gcc/pic32mx/4.8.3/../../../../pic32mx/lib\libm.a(fp32mul.o)
                0x9d0030b4                __mulsf3
                0x9d0030b4                fpmul

.DrvAdc_vector_text
                0x9d003270      0x1b4
 .DrvAdc_vector_text
                0x9d003270      0x1b4 build/default/production/_ext/1688732426/system_interrupt_a.o

.DrvUsartInstance0_vector_text
                0x9d003424      0x1b4
 .DrvUsartInstance0_vector_text
                0x9d003424      0x1b4 build/default/production/_ext/1688732426/system_interrupt_a.o

.text.processMoveRoverTurn
                0x9d0035d8      0x1ac
 .text.processMoveRoverTurn
                0x9d0035d8      0x1ac build/default/production/_ext/1360937237/process.o
                0x9d0035d8                processMoveRoverTurn

.text.libm      0x9d003784      0x1ac
 .text.libm     0x9d003784      0x1ac c:/program files (x86)/microchip/xc32/v1.40/bin/bin/../../lib/gcc/pic32mx/4.8.3/../../../../pic32mx/lib\libm.a(fpsqrt32.o)
                0x9d003784                __mchp_sqrtf
                0x9d003784                fpsqrt

.text.xTaskIncrementTick
                0x9d003930      0x19c
 .text.xTaskIncrementTick
                0x9d003930      0x19c build/default/production/_ext/373060831/tasks.o
                0x9d003930                xTaskIncrementTick

.text.atan2_custom
                0x9d003acc      0x190
 .text.atan2_custom
                0x9d003acc      0x190 build/default/production/_ext/1360937237/process.o
                0x9d003acc                atan2_custom

.text           0x9d003c5c      0x168
 .text          0x9d003c5c      0x168 c:/program files (x86)/microchip/xc32/v1.40/bin/bin/../../lib/gcc/pic32mx/4.8.3/../../../../pic32mx/lib\libpic32.a(memcpy.o)
                0x9d003c5c                memcpy

.text.processMapDataMsg
                0x9d003dc4      0x164
 .text.processMapDataMsg
                0x9d003dc4      0x164 build/default/production/_ext/1360937237/process.o
                0x9d003dc4                processMapDataMsg

.text.xTaskResumeAll
                0x9d003f28      0x154
 .text.xTaskResumeAll
                0x9d003f28      0x154 build/default/production/_ext/373060831/tasks.o
                0x9d003f28                xTaskResumeAll

.text.processMoveRoverForward
                0x9d00407c      0x12c
 .text.processMoveRoverForward
                0x9d00407c      0x12c build/default/production/_ext/1360937237/process.o
                0x9d00407c                processMoveRoverForward

.text.vTaskPriorityInherit
                0x9d0041a8      0x12c
 .text.vTaskPriorityInherit
                0x9d0041a8      0x12c build/default/production/_ext/373060831/tasks.o
                0x9d0041a8                vTaskPriorityInherit

.text.DIVERT_MoveRoverForward
                0x9d0042d4      0x120
 .text.DIVERT_MoveRoverForward
                0x9d0042d4      0x120 build/default/production/_ext/1360937237/process.o
                0x9d0042d4                DIVERT_MoveRoverForward

.text.SEND_Initialize
                0x9d0043f4      0x120
 .text.SEND_Initialize
                0x9d0043f4      0x120 build/default/production/_ext/1360937237/send.o
                0x9d0043f4                SEND_Initialize

.text.DRV_ADC_Initialize
                0x9d004514      0x11c
 .text.DRV_ADC_Initialize
                0x9d004514      0x11c build/default/production/_ext/1361460060/drv_adc_static.o
                0x9d004514                DRV_ADC_Initialize

.text.DRV_USART0_Initialize
                0x9d004630      0x110
 .text.DRV_USART0_Initialize
                0x9d004630      0x110 build/default/production/_ext/1345626252/drv_usart_static.o
                0x9d004630                DRV_USART0_Initialize

.text.RECEIVE_Tasks
                0x9d004740      0x10c
 .text.RECEIVE_Tasks
                0x9d004740      0x10c build/default/production/_ext/1360937237/receive.o
                0x9d004740                RECEIVE_Tasks

.text.prvSampleTimeNow
                0x9d00484c      0x104
 .text.prvSampleTimeNow
                0x9d00484c      0x104 build/default/production/_ext/373060831/timers.o

.text.prvUnlockQueue
                0x9d004950      0x104
 .text.prvUnlockQueue
                0x9d004950      0x104 build/default/production/_ext/373060831/queue.o

.text.prvCopyDataToQueue
                0x9d004a54       0xfc