
Optional file libmchp_peripheral.a not found

Optional file libmchp_peripheral_32MX795F512L.a not found
Archive member included because of file (symbol)

c:/program files (x86)/microchip/xc32/v1.40/bin/bin/../../lib/gcc/pic32mx/4.8.3/../../../../pic32mx/lib\libpic32.a(memcpy.o)
                              build/default/debug/_ext/373060831/queue.o (memcpy)
c:/program files (x86)/microchip/xc32/v1.40/bin/bin/../../lib/gcc/pic32mx/4.8.3/../../../../pic32mx/lib\libpic32.a(memset.o)
                              build/default/debug/_ext/373060831/tasks.o (memset)
c:/program files (x86)/microchip/xc32/v1.40/bin/bin/../../lib/gcc/pic32mx/4.8.3/../../../../pic32mx/lib\libpic32.a(default-bootstrap-exception-handler.o)
                              c:/program files (x86)/microchip/xc32/v1.40/bin/bin/../../lib/gcc/pic32mx/4.8.3/../../../../pic32mx/lib/./proc/32MX795F512L/crt0_mips32r2.o (_bootstrap_exception_handler)
c:/program files (x86)/microchip/xc32/v1.40/bin/bin/../../lib/gcc/pic32mx/4.8.3/../../../../pic32mx/lib\libpic32.a(default-on-reset.o)
                              c:/program files (x86)/microchip/xc32/v1.40/bin/bin/../../lib/gcc/pic32mx/4.8.3/../../../../pic32mx/lib/./proc/32MX795F512L/crt0_mips32r2.o (_on_reset)
c:/program files (x86)/microchip/xc32/v1.40/bin/bin/../../lib/gcc/pic32mx/4.8.3/../../../../pic32mx/lib\libpic32.a(default-on-bootstrap.o)
                              c:/program files (x86)/microchip/xc32/v1.40/bin/bin/../../lib/gcc/pic32mx/4.8.3/../../../../pic32mx/lib/./proc/32MX795F512L/crt0_mips32r2.o (_on_bootstrap)
c:/program files (x86)/microchip/xc32/v1.40/bin/bin/../../lib/gcc/pic32mx/4.8.3/../../../../pic32mx/lib\libpic32.a(default-nmi-handler.o)
                              c:/program files (x86)/microchip/xc32/v1.40/bin/bin/../../lib/gcc/pic32mx/4.8.3/../../../../pic32mx/lib/./proc/32MX795F512L/crt0_mips32r2.o (_nmi_handler)
c:/program files (x86)/microchip/xc32/v1.40/bin/bin/../../lib/gcc/pic32mx/4.8.3/../../../../pic32mx/lib\libpic32.a(general-exception.o)
                              c:/program files (x86)/microchip/xc32/v1.40/bin/bin/../../lib/gcc/pic32mx/4.8.3/../../../../pic32mx/lib/./proc/32MX795F512L/crt0_mips32r2.o (_general_exception_context)
c:/program files (x86)/microchip/xc32/v1.40/bin/bin/../../lib/gcc/pic32mx/4.8.3/../../../../pic32mx/lib\libpic32.a(vector0.o)
                              c:/program files (x86)/microchip/xc32/v1.40/bin/bin/../../lib/gcc/pic32mx/4.8.3/../../../../pic32mx/lib/./proc/32MX795F512L\default_isr_vectors.o (__vector_dispatch_0)
c:/program files (x86)/microchip/xc32/v1.40/bin/bin/../../lib/gcc/pic32mx/4.8.3/../../../../pic32mx/lib\libpic32.a(vector2.o)
                              c:/program files (x86)/microchip/xc32/v1.40/bin/bin/../../lib/gcc/pic32mx/4.8.3/../../../../pic32mx/lib/./proc/32MX795F512L\default_isr_vectors.o (__vector_dispatch_2)
c:/program files (x86)/microchip/xc32/v1.40/bin/bin/../../lib/gcc/pic32mx/4.8.3/../../../../pic32mx/lib\libpic32.a(vector3.o)
                              c:/program files (x86)/microchip/xc32/v1.40/bin/bin/../../lib/gcc/pic32mx/4.8.3/../../../../pic32mx/lib/./proc/32MX795F512L\default_isr_vectors.o (__vector_dispatch_3)
c:/program files (x86)/microchip/xc32/v1.40/bin/bin/../../lib/gcc/pic32mx/4.8.3/../../../../pic32mx/lib\libpic32.a(vector5.o)
                              c:/program files (x86)/microchip/xc32/v1.40/bin/bin/../../lib/gcc/pic32mx/4.8.3/../../../../pic32mx/lib/./proc/32MX795F512L\default_isr_vectors.o (__vector_dispatch_5)
c:/program files (x86)/microchip/xc32/v1.40/bin/bin/../../lib/gcc/pic32mx/4.8.3/../../../../pic32mx/lib\libpic32.a(vector6.o)
                              c:/program files (x86)/microchip/xc32/v1.40/bin/bin/../../lib/gcc/pic32mx/4.8.3/../../../../pic32mx/lib/./proc/32MX795F512L\default_isr_vectors.o (__vector_dispatch_6)
c:/program files (x86)/microchip/xc32/v1.40/bin/bin/../../lib/gcc/pic32mx/4.8.3/../../../../pic32mx/lib\libpic32.a(vector7.o)
                              c:/program files (x86)/microchip/xc32/v1.40/bin/bin/../../lib/gcc/pic32mx/4.8.3/../../../../pic32mx/lib/./proc/32MX795F512L\default_isr_vectors.o (__vector_dispatch_7)
c:/program files (x86)/microchip/xc32/v1.40/bin/bin/../../lib/gcc/pic32mx/4.8.3/../../../../pic32mx/lib\libpic32.a(vector8.o)
                              c:/program files (x86)/microchip/xc32/v1.40/bin/bin/../../lib/gcc/pic32mx/4.8.3/../../../../pic32mx/lib/./proc/32MX795F512L\default_isr_vectors.o (__vector_dispatch_8)
c:/program files (x86)/microchip/xc32/v1.40/bin/bin/../../lib/gcc/pic32mx/4.8.3/../../../../pic32mx/lib\libpic32.a(vector9.o)
                              c:/program files (x86)/microchip/xc32/v1.40/bin/bin/../../lib/gcc/pic32mx/4.8.3/../../../../pic32mx/lib/./proc/32MX795F512L\default_isr_vectors.o (__vector_dispatch_9)
c:/program files (x86)/microchip/xc32/v1.40/bin/bin/../../lib/gcc/pic32mx/4.8.3/../../../../pic32mx/lib\libpic32.a(vector10.o)
[...]
Memory Configuration

Name             Origin             Length             Attributes
kseg0_boot_mem   0x9fc00490         0x00000970
kseg1_boot_mem   0xbfc00000         0x00000490
kseg0_program_mem 0x9d000000         0x00080000         xr
exception_mem    0x9fc01000         0x00001000
debug_exec_mem   0xbfc02000         0x00000ff0
config3          0xbfc02ff0         0x00000004
config2          0xbfc02ff4         0x00000004
config1          0xbfc02ff8         0x00000004
config0          0xbfc02ffc         0x00000004
kseg1_data_mem   0xa0000000         0x00020000         w !x
sfrs             0xbf800000         0x00100000
configsfrs       0xbfc02ff0         0x00000010
*default*        0x00000000         0xffffffff

Linker script and memory map


reserve_boot_0x1fc02000_kseg0
                0x9fc02000      0xff0
                0x9fc02000        0x2 SHORT 0x0
                0x00000500                . = 0x500
 *fill*         0x9fc02002      0x4fe 
                0x9fc02500                . = ALIGN (0x4)
                0x9fc02500        0x2 SHORT 0x0
                0x00000ff0                . = 0xff0
 *fill*         0x9fc02502      0xaee 
                0x9fc02ff0                . = ALIGN (0x4)

reserve_boot_0x1fc02000_kseg1
                0xbfc02000      0xff0
                0xbfc02000        0x2 SHORT 0x0
                0x00000500                . = 0x500
 *fill*         0xbfc02002      0x4fe 
                0xbfc02500                . = ALIGN (0x4)
                0xbfc02500        0x2 SHORT 0x0
                0x00000ff0                . = 0xff0
 *fill*         0xbfc02502      0xaee 
                0xbfc02ff0                . = ALIGN (0x4)
LOAD c:/program files (x86)/microchip/xc32/v1.40/bin/bin/../../lib/gcc/pic32mx/4.8.3/../../../../pic32mx/lib/./proc/32MX795F512L/crt0_mips32r2.o
LOAD c:/program files (x86)/microchip/xc32/v1.40/bin/bin/../../lib/gcc/pic32mx/4.8.3/../../../../pic32mx/lib\software-debug-break.o
                0x00000001                _DEBUGGER = 0x1
LOAD build/default/debug/_ext/1361460060/drv_adc_static.o
LOAD build/default/debug/_ext/1345626252/drv_usart_static.o
LOAD build/default/debug/_ext/639803181/sys_clk_static.o
LOAD build/default/debug/_ext/822048611/sys_ports_static.o
LOAD build/default/debug/_ext/1688732426/system_init.o
LOAD build/default/debug/_ext/1688732426/system_interrupt_a.o
LOAD build/default/debug/_ext/1688732426/system_exceptions.o
LOAD build/default/debug/_ext/1688732426/system_tasks.o
LOAD build/default/debug/_ext/1688732426/system_interrupt.o
LOAD build/default/debug/_ext/1688732426/rtos_hooks.o
LOAD build/default/debug/_ext/1360937237/timerCallback.o
LOAD build/default/debug/_ext/1360937237/sender.o
LOAD build/default/debug/_ext/1360937237/main.o
LOAD build/default/debug/_ext/1360937237/process.o
LOAD build/default/debug/_ext/1360937237/receive.o
LOAD build/default/debug/_ext/1360937237/send.o
LOAD build/default/debug/_ext/308321468/osal_freertos.o
LOAD build/default/debug/_ext/482662494/sys_devcon.o
LOAD build/default/debug/_ext/482662494/sys_devcon_pic32mx.o
LOAD build/default/debug/_ext/1042686532/sys_int_pic32.o
LOAD build/default/debug/_ext/826631961/sys_ports.o
LOAD build/default/debug/_ext/1107379230/heap_1.o
LOAD build/default/debug/_ext/1282498059/port_asm.o
LOAD build/default/debug/_ext/1282498059/port.o
LOAD build/default/debug/_ext/373060831/list.o
LOAD build/default/debug/_ext/373060831/croutine.o
LOAD build/default/debug/_ext/373060831/tasks.o
LOAD build/default/debug/_ext/373060831/event_groups.o
LOAD build/default/debug/_ext/373060831/timers.o
LOAD build/default/debug/_ext/373060831/queue.o
LOAD build/default/debug/_ext/1360937237/debug.o
LOAD ..\..\..\..\..\bin\framework\peripheral\PIC32MX795F512L_peripherals.a
                0x00000001                __MPLAB_BUILD = 0x1
                0x00000001                __MPLAB_DEBUG = 0x1
                0x00000001                __DEBUG = 0x1
                0x00000001                __MPLAB_DEBUGGER_PK3 = 0x1
                0x00000000                _min_heap_size = 0x0
LOAD c:/program files (x86)/microchip/xc32/v1.40/bin/bin/../../lib/gcc/pic32mx/4.8.3/../../../../pic32mx/lib/./proc/32MX795F512L\default_isr_vectors.o
LOAD c:/program files (x86)/microchip/xc32/v1.40/bin/bin/../../lib/gcc/pic32mx/4.8.3/../../../../pic32mx/lib\pic32_software_reset.o
                0x00000400                PROVIDE (_min_stack_size, 0x400)
LOAD c:/program files (x86)/microchip/xc32/v1.40/bin/bin/../../lib/gcc/pic32mx/4.8.3/../../../../pic32mx/lib/./proc/32MX795F512L\processor.o
START GROUP
LOAD libmchp_peripheral.a
END GROUP
START GROUP
LOAD libmchp_peripheral_32MX795F512L.a
END GROUP
                0x00000001                PROVIDE (_vector_spacing, 0x1)
                0x9fc01000                _ebase_address = 0x9fc01000
                0xbfc00000                _RESET_ADDR = 0xbfc00000
                0xbfc00380                _BEV_EXCPT_ADDR = 0xbfc00380
                0xbfc00480                _DBG_EXCPT_ADDR = 0xbfc00480
                0xbfc02000                _DBG_CODE_ADDR = 0xbfc02000
                0x00000ff0                _DBG_CODE_SIZE = 0xff0
                0x9fc01180                _GEN_EXCPT_ADDR = (_ebase_address + 0x180)

.config_BFC02FF0
                0xbfc02ff0        0x4
 *(.config_BFC02FF0)
 .config_BFC02FF0
                0xbfc02ff0        0x4 build/default/debug/_ext/1688732426/system_init.o

.config_BFC02FF4
                0xbfc02ff4        0x4
 *(.config_BFC02FF4)
 .config_BFC02FF4
                0xbfc02ff4        0x4 build/default/debug/_ext/1688732426/system_init.o

.config_BFC02FF8
                0xbfc02ff8        0x4
 *(.config_BFC02FF8)
 .config_BFC02FF8
                0xbfc02ff8        0x4 build/default/debug/_ext/1688732426/system_init.o

.config_BFC02FFC
                0xbfc02ffc        0x4
 *(.config_BFC02FFC)
 .config_BFC02FFC
                0xbfc02ffc        0x4 build/default/debug/_ext/1688732426/system_init.o
                0xbfc02000                PROVIDE (_DBG_CODE_ADDR, 0xbfc02000)
                0x00000ff0                PROVIDE (_DBG_CODE_SIZE, 0xff0)

.reset          0xbfc00000      0x1f4
 *(.reset)
 .reset         0xbfc00000        0x8 c:/program files (x86)/microchip/xc32/v1.40/bin/bin/../../lib/gcc/pic32mx/4.8.3/../../../../pic32mx/lib/./proc/32MX795F512L/crt0_mips32r2.o
                0xbfc00000                _reset
 *(.reset.startup)
 .reset.startup
                0xbfc00008      0x1ec c:/program files (x86)/microchip/xc32/v1.40/bin/bin/../../lib/gcc/pic32mx/4.8.3/../../../../pic32mx/lib/./proc/32MX795F512L/crt0_mips32r2.o

.bev_excpt      0xbfc00380       0x10
 *(.bev_handler)
 .bev_handler   0xbfc00380       0x10 c:/program files (x86)/microchip/xc32/v1.40/bin/bin/../../lib/gcc/pic32mx/4.8.3/../../../../pic32mx/lib/./proc/32MX795F512L/crt0_mips32r2.o

.dbg_excpt      0xbfc00480        0x8
                0xbfc00480                . = (. + DEFINED (_DEBUGGER)?0x8:0x0)
 *fill*         0xbfc00480        0x8 

.dbg_code       0xbfc02000      0xff0
                0xbfc02000                . = (. + DEFINED (_DEBUGGER)?_DBG_CODE_SIZE:0x0)
 *fill*         0xbfc02000      0xff0 

.app_excpt      0x9fc01180       0x10
 *(.gen_handler)
 .gen_handler   0x9fc01180       0x10 c:/program files (x86)/microchip/xc32/v1.40/bin/bin/../../lib/gcc/pic32mx/4.8.3/../../../../pic32mx/lib/./proc/32MX795F512L/crt0_mips32r2.o

.vector_0       0x9fc01200        0x8
 *(.vector_0)
 .vector_0      0x9fc01200        0x8 c:/program files (x86)/microchip/xc32/v1.40/bin/bin/../../lib/gcc/pic32mx/4.8.3/../../../../pic32mx/lib\libpic32.a(vector0.o)
                0x9fc01200                __vector_dispatch_0
                0x00000001                ASSERT (((_vector_spacing == 0x0) || (SIZEOF (.vector_0) <= (_vector_spacing << 0x5))), function at exception vector 0 too large)

.vector_1       0x9fc01220        0x8
 *(.vector_1)
 .vector_1      0x9fc01220        0x8 build/default/debug/_ext/1282498059/port.o
                0x9fc01220                __vector_dispatch_1
                0x00000001                ASSERT (((_vector_spacing == 0x0) || (SIZEOF (.vector_1) <= (_vector_spacing << 0x5))), function at exception vector 1 too large)

.vector_2       0x9fc01240        0x8
 *(.vector_2)
 .vector_2      0x9fc01240        0x8 c:/program files (x86)/microchip/xc32/v1.40/bin/bin/../../lib/gcc/pic32mx/4.8.3/../../../../pic32mx/lib\libpic32.a(vector2.o)
                0x9fc01240                __vector_dispatch_2
                0x00000001                ASSERT (((_vector_spacing == 0x0) || (SIZEOF (.vector_2) <= (_vector_spacing << 0x5))), function at exception vector 2 too large)

.vector_3       0x9fc01260        0x8
 *(.vector_3)
 .vector_3      0x9fc01260        0x8 c:/program files (x86)/microchip/xc32/v1.40/bin/bin/../../lib/gcc/pic32mx/4.8.3/../../../../pic32mx/lib\libpic32.a(vector3.o)
                0x9fc01260                __vector_dispatch_3
                0x00000001                ASSERT (((_vector_spacing == 0x0) || (SIZEOF (.vector_3) <= (_vector_spacing << 0x5))), function at exception vector 3 too large)

.vector_4       0x9fc01280        0x8
 *(.vector_4)
 .vector_4      0x9fc01280        0x8 build/default/debug/_ext/1282498059/port.o
                0x9fc01280                __vector_dispatch_4
                0x00000001                ASSERT (((_vector_spacing == 0x0) || (SIZEOF (.vector_4) <= (_vector_spacing << 0x5))), function at exception vector 4 too large)

.vector_5       0x9fc012a0        0x8
 *(.vector_5)
 .vector_5      0x9fc012a0        0x8 c:/program files (x86)/microchip/xc32/v1.40/bin/bin/../../lib/gcc/pic32mx/4.8.3/../../../../pic32mx/lib\libpic32.a(vector5.o)
                0x9fc012a0                __vector_dispatch_5
                0x00000001                ASSERT (((_vector_spacing == 0x0) || (SIZEOF (.vector_5) <= (_vector_spacing << 0x5))), function at exception vector 5 too large)

.vector_6       0x9fc012c0        0x8
 *(.vector_6)
 .vector_6      0x9fc012c0        0x8 c:/program files (x86)/microchip/xc32/v1.40/bin/bin/../../lib/gcc/pic32mx/4.8.3/../../../../pic32mx/lib\libpic32.a(vector6.o)
                0x9fc012c0                __vector_dispatch_6
                0x00000001                ASSERT (((_vector_spacing == 0x0) || (SIZEOF (.vector_6) <= (_vector_spacing << 0x5))), function at exception vector 6 too large)

.vector_7       0x9fc012e0        0x8
 *(.vector_7)
 .vector_7      0x9fc012e0        0x8 c:/program files (x86)/microchip/xc32/v1.40/bin/bin/../../lib/gcc/pic32mx/4.8.3/../../../../pic32mx/lib\libpic32.a(vector7.o)
                0x9fc012e0                __vector_dispatch_7
                0x00000001                ASSERT (((_vector_spacing == 0x0) || (SIZEOF (.vector_7) <= (_vector_spacing << 0x5))), function at exception vector 7 too large)

.vector_8       0x9fc01300        0x8
 *(.vector_8)
 .vector_8      0x9fc01300        0x8 c:/program files (x86)/microchip/xc32/v1.40/bin/bin/../../lib/gcc/pic32mx/4.8.3/../../../../pic32mx/lib\libpic32.a(vector8.o)
                0x9fc01300                __vector_dispatch_8
                0x00000001                ASSERT (((_vector_spacing == 0x0) || (SIZEOF (.vector_8) <= (_vector_spacing << 0x5))), function at exception vector 8 too large)

.vector_9       0x9fc01320        0x8
 *(.vector_9)
 .vector_9      0x9fc01320        0x8 c:/program files (x86)/microchip/xc32/v1.40/bin/bin/../../lib/gcc/pic32mx/4.8.3/../../../../pic32mx/lib\libpic32.a(vector9.o)
                0x9fc01320                __vector_dispatch_9
                0x00000001                ASSERT (((_vector_spacing == 0x0) || (SIZEOF (.vector_9) <= (_vector_spacing << 0x5))), function at exception vector 9 too large)

.vector_10      0x9fc01340        0x8
 *(.vector_10)
 .vector_10     0x9fc01340        0x8 c:/program files (x86)/microchip/xc32/v1.40/bin/bin/../../lib/gcc/pic32mx/4.8.3/../../../../pic32mx/lib\libpic32.a(vector10.o)
                0x9fc01340                __vector_dispatch_10
                0x00000001                ASSERT (((_vector_spacing == 0x0) || (SIZEOF (.vector_10) <= (_vector_spacing << 0x5))), function at exception vector 10 too large)

.vector_11      0x9fc01360        0x8
 *(.vector_11)
 .vector_11     0x9fc01360        0x8 c:/program files (x86)/microchip/xc32/v1.40/bin/bin/../../lib/gcc/pic32mx/4.8.3/../../../../pic32mx/lib\libpic32.a(vector11.o)
                0x9fc01360                __vector_dispatch_11
                0x00000001                ASSERT (((_vector_spacing == 0x0) || (SIZEOF (.vector_11) <= (_vector_spacing << 0x5))), function at exception vector 11 too large)

.vector_12      0x9fc01380        0x8
 *(.vector_12)
 .vector_12     0x9fc01380        0x8 c:/program files (x86)/microchip/xc32/v1.40/bin/bin/../../lib/gcc/pic32mx/4.8.3/../../../../pic32mx/lib\libpic32.a(vector12.o)
                0x9fc01380                __vector_dispatch_12
                0x00000001                ASSERT (((_vector_spacing == 0x0) || (SIZEOF (.vector_12) <= (_vector_spacing << 0x5))), function at exception vector 12 too large)

.vector_13      0x9fc013a0        0x8
 *(.vector_13)
 .vector_13     0x9fc013a0        0x8 c:/program files (x86)/microchip/xc32/v1.40/bin/bin/../../lib/gcc/pic32mx/4.8.3/../../../../pic32mx/lib\libpic32.a(vector13.o)
                0x9fc013a0                __vector_dispatch_13
                0x00000001                ASSERT (((_vector_spacing == 0x0) || (SIZEOF (.vector_13) <= (_vector_spacing << 0x5))), function at exception vector 13 too large)

.vector_14      0x9fc013c0        0x8
 *(.vector_14)
 .vector_14     0x9fc013c0        0x8 c:/program files (x86)/microchip/xc32/v1.40/bin/bin/../../lib/gcc/pic32mx/4.8.3/../../../../pic32mx/lib\libpic32.a(vector14.o)
                0x9fc013c0                __vector_dispatch_14
                0x00000001                ASSERT (((_vector_spacing == 0x0) || (SIZEOF (.vector_14) <= (_vector_spacing << 0x5))), function at exception vector 14 too large)

.vector_15      0x9fc013e0        0x8
 *(.vector_15)
 .vector_15     0x9fc013e0        0x8 c:/program files (x86)/microchip/xc32/v1.40/bin/bin/../../lib/gcc/pic32mx/4.8.3/../../../../pic32mx/lib\libpic32.a(vector15.o)
                0x9fc013e0                __vector_dispatch_15
                0x00000001                ASSERT (((_vector_spacing == 0x0) || (SIZEOF (.vector_15) <= (_vector_spacing << 0x5))), function at exception vector 15 too large)

.vector_16      0x9fc01400        0x8
 *(.vector_16)
 .vector_16     0x9fc01400        0x8 c:/program files (x86)/microchip/xc32/v1.40/bin/bin/../../lib/gcc/pic32mx/4.8.3/../../../../pic32mx/lib\libpic32.a(vector16.o)
                0x9fc01400                __vector_dispatch_16
                0x00000001                ASSERT (((_vector_spacing == 0x0) || (SIZEOF (.vector_16) <= (_vector_spacing << 0x5))), function at exception vector 16 too large)

.vector_17      0x9fc01420        0x8
 *(.vector_17)
 .vector_17     0x9fc01420        0x8 c:/program files (x86)/microchip/xc32/v1.40/bin/bin/../../lib/gcc/pic32mx/4.8.3/../../../../pic32mx/lib\libpic32.a(vector17.o)
                0x9fc01420                __vector_dispatch_17
                0x00000001                ASSERT (((_vector_spacing == 0x0) || (SIZEOF (.vector_17) <= (_vector_spacing << 0x5))), function at exception vector 17 too large)

.vector_18      0x9fc01440        0x8
 *(.vector_18)
 .vector_18     0x9fc01440        0x8 c:/program files (x86)/microchip/xc32/v1.40/bin/bin/../../lib/gcc/pic32mx/4.8.3/../../../../pic32mx/lib\libpic32.a(vector18.o)
                0x9fc01440                __vector_dispatch_18
                0x00000001                ASSERT (((_vector_spacing == 0x0) || (SIZEOF (.vector_18) <= (_vector_spacing << 0x5))), function at exception vector 18 too large)

.vector_19      0x9fc01460        0x8
 *(.vector_19)
 .vector_19     0x9fc01460        0x8 c:/program files (x86)/microchip/xc32/v1.40/bin/bin/../../lib/gcc/pic32mx/4.8.3/../../../../pic32mx/lib\libpic32.a(vector19.o)
                0x9fc01460                __vector_dispatch_19
                0x00000001                ASSERT (((_vector_spacing == 0x0) || (SIZEOF (.vector_19) <= (_vector_spacing << 0x5))), function at exception vector 19 too large)

.vector_20      0x9fc01480        0x8
 *(.vector_20)
 .vector_20     0x9fc01480        0x8 c:/program files (x86)/microchip/xc32/v1.40/bin/bin/../../lib/gcc/pic32mx/4.8.3/../../../../pic32mx/lib\libpic32.a(vector20.o)
                0x9fc01480                __vector_dispatch_20
                0x00000001                ASSERT (((_vector_spacing == 0x0) || (SIZEOF (.vector_20) <= (_vector_spacing << 0x5))), function at exception vector 20 too large)

.vector_21      0x9fc014a0        0x8
 *(.vector_21)
 .vector_21     0x9fc014a0        0x8 c:/program files (x86)/microchip/xc32/v1.40/bin/bin/../../lib/gcc/pic32mx/4.8.3/../../../../pic32mx/lib\libpic32.a(vector21.o)
                0x9fc014a0                __vector_dispatch_21
                0x00000001                ASSERT (((_vector_spacing == 0x0) || (SIZEOF (.vector_21) <= (_vector_spacing << 0x5))), function at exception vector 21 too large)

.vector_22      0x9fc014c0        0x8
 *(.vector_22)
 .vector_22     0x9fc014c0        0x8 c:/program files (x86)/microchip/xc32/v1.40/bin/bin/../../lib/gcc/pic32mx/4.8.3/../../../../pic32mx/lib\libpic32.a(vector22.o)
                0x9fc014c0                __vector_dispatch_22
                0x00000001                ASSERT (((_vector_spacing == 0x0) || (SIZEOF (.vector_22) <= (_vector_spacing << 0x5))), function at exception vector 22 too large)

.vector_23      0x9fc014e0        0x8
 *(.vector_23)
 .vector_23     0x9fc014e0        0x8 c:/program files (x86)/microchip/xc32/v1.40/bin/bin/../../lib/gcc/pic32mx/4.8.3/../../../../pic32mx/lib\libpic32.a(vector23.o)
                0x9fc014e0                __vector_dispatch_23
                0x00000001                ASSERT (((_vector_spacing == 0x0) || (SIZEOF (.vector_23) <= (_vector_spacing << 0x5))), function at exception vector 23 too large)

.vector_24      0x9fc01500       0x10
 *(.vector_24)
 .vector_24     0x9fc01500       0x10 build/default/debug/_ext/1688732426/system_interrupt_a.o
                0x9fc01500                __vector_dispatch_24
                0x00000001                ASSERT (((_vector_spacing == 0x0) || (SIZEOF (.vector_24) <= (_vector_spacing << 0x5))), function at exception vector 24 too large)

.vector_25      0x9fc01520        0x8
 *(.vector_25)
 .vector_25     0x9fc01520        0x8 c:/program files (x86)/microchip/xc32/v1.40/bin/bin/../../lib/gcc/pic32mx/4.8.3/../../../../pic32mx/lib\libpic32.a(vector25.o)
                0x9fc01520                __vector_dispatch_25
                0x00000001                ASSERT (((_vector_spacing == 0x0) || (SIZEOF (.vector_25) <= (_vector_spacing << 0x5))), function at exception vector 25 too large)

.vector_26      0x9fc01540        0x8
 *(.vector_26)
 .vector_26     0x9fc01540        0x8 c:/program files (x86)/microchip/xc32/v1.40/bin/bin/../../lib/gcc/pic32mx/4.8.3/../../../../pic32mx/lib\libpic32.a(vector26.o)
                0x9fc01540                __vector_dispatch_26
                0x00000001                ASSERT (((_vector_spacing == 0x0) || (SIZEOF (.vector_26) <= (_vector_spacing << 0x5))), function at exception vector 26 too large)

.vector_27      0x9fc01560       0x10
 *(.vector_27)
 .vector_27     0x9fc01560       0x10 build/default/debug/_ext/1688732426/system_interrupt_a.o
                0x9fc01560                __vector_dispatch_27
                0x00000001                ASSERT (((_vector_spacing == 0x0) || (SIZEOF (.vector_27) <= (_vector_spacing << 0x5))), function at exception vector 27 too large)

.vector_28      0x9fc01580        0x8
 *(.vector_28)
 .vector_28     0x9fc01580        0x8 c:/program files (x86)/microchip/xc32/v1.40/bin/bin/../../lib/gcc/pic32mx/4.8.3/../../../../pic32mx/lib\libpic32.a(vector28.o)
                0x9fc01580                __vector_dispatch_28
                0x00000001                ASSERT (((_vector_spacing == 0x0) || (SIZEOF (.vector_28) <= (_vector_spacing << 0x5))), function at exception vector 28 too large)

.vector_29      0x9fc015a0        0x8
 *(.vector_29)
 .vector_29     0x9fc015a0        0x8 c:/program files (x86)/microchip/xc32/v1.40/bin/bin/../../lib/gcc/pic32mx/4.8.3/../../../../pic32mx/lib\libpic32.a(vector29.o)
                0x9fc015a0                __vector_dispatch_29
                0x00000001                ASSERT (((_vector_spacing == 0x0) || (SIZEOF (.vector_29) <= (_vector_spacing << 0x5))), function at exception vector 29 too large)

.vector_30      0x9fc015c0        0x8
 *(.vector_30)
 .vector_30     0x9fc015c0        0x8 c:/program files (x86)/microchip/xc32/v1.40/bin/bin/../../lib/gcc/pic32mx/4.8.3/../../../../pic32mx/lib\libpic32.a(vector30.o)
                0x9fc015c0                __vector_dispatch_30
                0x00000001                ASSERT (((_vector_spacing == 0x0) || (SIZEOF (.vector_30) <= (_vector_spacing << 0x5))), function at exception vector 30 too large)

.vector_31      0x9fc015e0        0x8
 *(.vector_31)
 .vector_31     0x9fc015e0        0x8 c:/program files (x86)/microchip/xc32/v1.40/bin/bin/../../lib/gcc/pic32mx/4.8.3/../../../../pic32mx/lib\libpic32.a(vector31.o)
                0x9fc015e0                __vector_dispatch_31
                0x00000001                ASSERT (((_vector_spacing == 0x0) || (SIZEOF (.vector_31) <= (_vector_spacing << 0x5))), function at exception vector 31 too large)

.vector_32      0x9fc01600        0x8
 *(.vector_32)
 .vector_32     0x9fc01600        0x8 c:/program files (x86)/microchip/xc32/v1.40/bin/bin/../../lib/gcc/pic32mx/4.8.3/../../../../pic32mx/lib\libpic32.a(vector32.o)
                0x9fc01600                __vector_dispatch_32
                0x00000001                ASSERT (((_vector_spacing == 0x0) || (SIZEOF (.vector_32) <= (_vector_spacing << 0x5))), function at exception vector 32 too large)

.vector_33      0x9fc01620        0x8
 *(.vector_33)
 .vector_33     0x9fc01620        0x8 c:/program files (x86)/microchip/xc32/v1.40/bin/bin/../../lib/gcc/pic32mx/4.8.3/../../../../pic32mx/lib\libpic32.a(vector33.o)
                0x9fc01620                __vector_dispatch_33
                0x00000001                ASSERT (((_vector_spacing == 0x0) || (SIZEOF (.vector_33) <= (_vector_spacing << 0x5))), function at exception vector 33 too large)

.vector_34      0x9fc01640        0x8
 *(.vector_34)
 .vector_34     0x9fc01640        0x8 c:/program files (x86)/microchip/xc32/v1.40/bin/bin/../../lib/gcc/pic32mx/4.8.3/../../../../pic32mx/lib\libpic32.a(vector34.o)
                0x9fc01640                __vector_dispatch_34
                0x00000001                ASSERT (((_vector_spacing == 0x0) || (SIZEOF (.vector_34) <= (_vector_spacing << 0x5))), function at exception vector 34 too large)

.vector_35      0x9fc01660        0x8
 *(.vector_35)
 .vector_35     0x9fc01660        0x8 c:/program files (x86)/microchip/xc32/v1.40/bin/bin/../../lib/gcc/pic32mx/4.8.3/../../../../pic32mx/lib\libpic32.a(vector35.o)
                0x9fc01660                __vector_dispatch_35
                0x00000001                ASSERT (((_vector_spacing == 0x0) || (SIZEOF (.vector_35) <= (_vector_spacing << 0x5))), function at exception vector 35 too large)

.vector_36      0x9fc01680        0x8
 *(.vector_36)
 .vector_36     0x9fc01680        0x8 c:/program files (x86)/microchip/xc32/v1.40/bin/bin/../../lib/gcc/pic32mx/4.8.3/../../../../pic32mx/lib\libpic32.a(vector36.o)
                0x9fc01680                __vector_dispatch_36
                0x00000001                ASSERT (((_vector_spacing == 0x0) || (SIZEOF (.vector_36) <= (_vector_spacing << 0x5))), function at exception vector 36 too large)

.vector_37      0x9fc016a0        0x8
 *(.vector_37)
 .vector_37     0x9fc016a0        0x8 c:/program files (x86)/microchip/xc32/v1.40/bin/bin/../../lib/gcc/pic32mx/4.8.3/../../../../pic32mx/lib\libpic32.a(vector37.o)
                0x9fc016a0                __vector_dispatch_37
                0x00000001                ASSERT (((_vector_spacing == 0x0) || (SIZEOF (.vector_37) <= (_vector_spacing << 0x5))), function at exception vector 37 too large)

.vector_38      0x9fc016c0        0x8
 *(.vector_38)
 .vector_38     0x9fc016c0        0x8 c:/program files (x86)/microchip/xc32/v1.40/bin/bin/../../lib/gcc/pic32mx/4.8.3/../../../../pic32mx/lib\libpic32.a(vector38.o)
                0x9fc016c0                __vector_dispatch_38
                0x00000001                ASSERT (((_vector_spacing == 0x0) || (SIZEOF (.vector_38) <= (_vector_spacing << 0x5))), function at exception vector 38 too large)

.vector_39      0x9fc016e0        0x8
 *(.vector_39)
 .vector_39     0x9fc016e0        0x8 c:/program files (x86)/microchip/xc32/v1.40/bin/bin/../../lib/gcc/pic32mx/4.8.3/../../../../pic32mx/lib\libpic32.a(vector39.o)
                0x9fc016e0                __vector_dispatch_39
                0x00000001                ASSERT (((_vector_spacing == 0x0) || (SIZEOF (.vector_39) <= (_vector_spacing << 0x5))), function at exception vector 39 too large)

.vector_40      0x9fc01700        0x8
 *(.vector_40)
 .vector_40     0x9fc01700        0x8 c:/program files (x86)/microchip/xc32/v1.40/bin/bin/../../lib/gcc/pic32mx/4.8.3/../../../../pic32mx/lib\libpic32.a(vector40.o)
                0x9fc01700                __vector_dispatch_40
                0x00000001                ASSERT (((_vector_spacing == 0x0) || (SIZEOF (.vector_40) <= (_vector_spacing << 0x5))), function at exception vector 40 too large)

.vector_41      0x9fc01720        0x8
 *(.vector_41)
 .vector_41     0x9fc01720        0x8 c:/program files (x86)/microchip/xc32/v1.40/bin/bin/../../lib/gcc/pic32mx/4.8.3/../../../../pic32mx/lib\libpic32.a(vector41.o)
                0x9fc01720                __vector_dispatch_41
                0x00000001                ASSERT (((_vector_spacing == 0x0) || (SIZEOF (.vector_41) <= (_vector_spacing << 0x5))), function at exception vector 41 too large)

.vector_42      0x9fc01740        0x8
 *(.vector_42)
 .vector_42     0x9fc01740        0x8 c:/program files (x86)/microchip/xc32/v1.40/bin/bin/../../lib/gcc/pic32mx/4.8.3/../../../../pic32mx/lib\libpic32.a(vector42.o)
                0x9fc01740                __vector_dispatch_42
                0x00000001                ASSERT (((_vector_spacing == 0x0) || (SIZEOF (.vector_42) <= (_vector_spacing << 0x5))), function at exception vector 42 too large)

.vector_43      0x9fc01760        0x8
 *(.vector_43)
 .vector_43     0x9fc01760        0x8 c:/program files (x86)/microchip/xc32/v1.40/bin/bin/../../lib/gcc/pic32mx/4.8.3/../../../../pic32mx/lib\libpic32.a(vector43.o)
                0x9fc01760                __vector_dispatch_43
                0x00000001                ASSERT (((_vector_spacing == 0x0) || (SIZEOF (.vector_43) <= (_vector_spacing << 0x5))), function at exception vector 43 too large)

.vector_44      0x9fc01780        0x8
 *(.vector_44)
 .vector_44     0x9fc01780        0x8 c:/program files (x86)/microchip/xc32/v1.40/bin/bin/../../lib/gcc/pic32mx/4.8.3/../../../../pic32mx/lib\libpic32.a(vector44.o)
                0x9fc01780                __vector_dispatch_44
                0x00000001                ASSERT (((_vector_spacing == 0x0) || (SIZEOF (.vector_44) <= (_vector_spacing << 0x5))), function at exception vector 44 too large)

.vector_45      0x9fc017a0        0x8
 *(.vector_45)
 .vector_45     0x9fc017a0        0x8 c:/program files (x86)/microchip/xc32/v1.40/bin/bin/../../lib/gcc/pic32mx/4.8.3/../../../../pic32mx/lib\libpic32.a(vector45.o)
                0x9fc017a0                __vector_dispatch_45
                0x00000001                ASSERT (((_vector_spacing == 0x0) || (SIZEOF (.vector_45) <= (_vector_spacing << 0x5))), function at exception vector 45 too large)

.vector_46      0x9fc017c0        0x8
 *(.vector_46)
 .vector_46     0x9fc017c0        0x8 c:/program files (x86)/microchip/xc32/v1.40/bin/bin/../../lib/gcc/pic32mx/4.8.3/../../../../pic32mx/lib\libpic32.a(vector46.o)
                0x9fc017c0                __vector_dispatch_46
                0x00000001                ASSERT (((_vector_spacing == 0x0) || (SIZEOF (.vector_46) <= (_vector_spacing << 0x5))), function at exception vector 46 too large)

.vector_47      0x9fc017e0        0x8
 *(.vector_47)
 .vector_47     0x9fc017e0        0x8 c:/program files (x86)/microchip/xc32/v1.40/bin/bin/../../lib/gcc/pic32mx/4.8.3/../../../../pic32mx/lib\libpic32.a(vector47.o)
                0x9fc017e0                __vector_dispatch_47
                0x00000001                ASSERT (((_vector_spacing == 0x0) || (SIZEOF (.vector_47) <= (_vector_spacing << 0x5))), function at exception vector 47 too large)

.vector_48      0x9fc01800        0x8
 *(.vector_48)
 .vector_48     0x9fc01800        0x8 c:/program files (x86)/microchip/xc32/v1.40/bin/bin/../../lib/gcc/pic32mx/4.8.3/../../../../pic32mx/lib\libpic32.a(vector48.o)
                0x9fc01800                __vector_dispatch_48
                0x00000001                ASSERT (((_vector_spacing == 0x0) || (SIZEOF (.vector_48) <= (_vector_spacing << 0x5))), function at exception vector 48 too large)

.vector_49      0x9fc01820        0x8
 *(.vector_49)
 .vector_49     0x9fc01820        0x8 c:/program files (x86)/microchip/xc32/v1.40/bin/bin/../../lib/gcc/pic32mx/4.8.3/../../../../pic32mx/lib\libpic32.a(vector49.o)
                0x9fc01820                __vector_dispatch_49
                0x00000001                ASSERT (((_vector_spacing == 0x0) || (SIZEOF (.vector_49) <= (_vector_spacing << 0x5))), function at exception vector 49 too large)

.vector_50      0x9fc01840        0x8
 *(.vector_50)
 .vector_50     0x9fc01840        0x8 c:/program files (x86)/microchip/xc32/v1.40/bin/bin/../../lib/gcc/pic32mx/4.8.3/../../../../pic32mx/lib\libpic32.a(vector50.o)
                0x9fc01840                __vector_dispatch_50
                0x00000001                ASSERT (((_vector_spacing == 0x0) || (SIZEOF (.vector_50) <= (_vector_spacing << 0x5))), function at exception vector 50 too large)

.vector_51      0x9fc01860        0x8
 *(.vector_51)
 .vector_51     0x9fc01860        0x8 c:/program files (x86)/microchip/xc32/v1.40/bin/bin/../../lib/gcc/pic32mx/4.8.3/../../../../pic32mx/lib\libpic32.a(vector51.o)
                0x9fc01860                __vector_dispatch_51
                0x00000001                ASSERT (((_vector_spacing == 0x0) || (SIZEOF (.vector_51) <= (_vector_spacing << 0x5))), function at exception vector 51 too large)

.vector_52      0x9fc01880        0x0
 *(.vector_52)
                0x00000001                ASSERT (((_vector_spacing == 0x0) || (SIZEOF (.vector_52) <= (_vector_spacing << 0x5))), function at exception vector 52 too large)

.vector_53      0x9fc018a0        0x0
 *(.vector_53)
                0x00000001                ASSERT (((_vector_spacing == 0x0) || (SIZEOF (.vector_53) <= (_vector_spacing << 0x5))), function at exception vector 53 too large)

.vector_54      0x9fc018c0        0x0
 *(.vector_54)
                0x00000001                ASSERT (((_vector_spacing == 0x0) || (SIZEOF (.vector_54) <= (_vector_spacing << 0x5))), function at exception vector 54 too large)

.vector_55      0x9fc018e0        0x0
 *(.vector_55)
                0x00000001                ASSERT (((_vector_spacing == 0x0) || (SIZEOF (.vector_55) <= (_vector_spacing << 0x5))), function at exception vector 55 too large)

.vector_56      0x9fc01900        0x0
 *(.vector_56)
                0x00000001                ASSERT (((_vector_spacing == 0x0) || (SIZEOF (.vector_56) <= (_vector_spacing << 0x5))), function at exception vector 56 too large)

.vector_57      0x9fc01920        0x0
 *(.vector_57)
                0x00000001                ASSERT (((_vector_spacing == 0x0) || (SIZEOF (.vector_57) <= (_vector_spacing << 0x5))), function at exception vector 57 too large)

.vector_58      0x9fc01940        0x0
 *(.vector_58)
                0x00000001                ASSERT (((_vector_spacing == 0x0) || (SIZEOF (.vector_58) <= (_vector_spacing << 0x5))), function at exception vector 58 too large)

.vector_59      0x9fc01960        0x0
 *(.vector_59)
                0x00000001                ASSERT (((_vector_spacing == 0x0) || (SIZEOF (.vector_59) <= (_vector_spacing << 0x5))), function at exception vector 59 too large)

.vector_60      0x9fc01980        0x0
 *(.vector_60)
                0x00000001                ASSERT (((_vector_spacing == 0x0) || (SIZEOF (.vector_60) <= (_vector_spacing << 0x5))), function at exception vector 60 too large)

.vector_61      0x9fc019a0        0x0
 *(.vector_61)
                0x00000001                ASSERT (((_vector_spacing == 0x0) || (SIZEOF (.vector_61) <= (_vector_spacing << 0x5))), function at exception vector 61 too large)

.vector_62      0x9fc019c0        0x0
 *(.vector_62)
                0x00000001                ASSERT (((_vector_spacing == 0x0) || (SIZEOF (.vector_62) <= (_vector_spacing << 0x5))), function at exception vector 62 too large)

.vector_63      0x9fc019e0        0x0
 *(.vector_63)
                0x00000001                ASSERT (((_vector_spacing == 0x0) || (SIZEOF (.vector_63) <= (_vector_spacing << 0x5))), function at exception vector 63 too large)

.startup
 *(.startup)

.text           0x9d000000        0x0
 *(.stub .gnu.linkonce.t.*)
 *(.text.*personality*)
 *(.mips16.fn.*)
 *(.mips16.call.*)
 *(.gnu.warning)
                0x9d000000                . = ALIGN (0x4)

.init           0x9d000000        0x0
 *crti.o(.init)
 *crtbegin.o(.init)
 *(EXCLUDE_FILE(*crtn.o *crtend?.o *crtend.o) .init)
 *crtend.o(.init)
 *crtn.o(.init)
                0x9d000000                . = ALIGN (0x4)

.fini           0x9d000000        0x0
 *(.fini)
                0x9d000000                . = ALIGN (0x4)

.preinit_array  0x9d000000        0x0
                0x9d000000                PROVIDE (__preinit_array_start, .)
 *(.preinit_array)
                0x9d000000                PROVIDE (__preinit_array_end, .)
                0x9d000000                . = ALIGN (0x4)

.init_array     0x9d000000        0x0
                0x9d000000                PROVIDE (__init_array_start, .)
 *(SORT(.init_array.*))
 *(.init_array)
                0x9d000000                PROVIDE (__init_array_end, .)
                0x9d000000                . = ALIGN (0x4)

.fini_array     0x9d000000        0x0
                0x9d000000                PROVIDE (__fini_array_start, .)
 *(SORT(.fini_array.*))
 *(.fini_array)
                0x9d000000                PROVIDE (__fini_array_end, .)
                0x9d000000                . = ALIGN (0x4)

.ctors          0x9d000000        0x0
 *crtbegin.o(.ctors)
 *crtbegin?.o(.ctors)
 *(EXCLUDE_FILE(*crtend?.o *crtend.o) .ctors)
 *(SORT(.ctors.*))
 *(.ctors)
                0x9d000000                . = ALIGN (0x4)

.dtors          0x9d000000        0x0
 *crtbegin.o(.dtors)
 *crtbegin?.o(.dtors)
 *(EXCLUDE_FILE(*crtend?.o *crtend.o) .dtors)
 *(SORT(.dtors.*))
 *(.dtors)
                0x9d000000                . = ALIGN (0x4)

.rodata         0x9d000000        0x0
 *(.gnu.linkonce.r.*)
 *(.rodata1)
                0x9d000000                . = ALIGN (0x4)

.sdata2         0x9fc00490        0x0
 *(.sdata2 .sdata2.* .gnu.linkonce.s2.*)
                0x9fc00490                . = ALIGN (0x4)

.sbss2          0x9fc00490        0x0
 *(.sbss2 .sbss2.* .gnu.linkonce.sb2.*)
                0x9fc00490                . = ALIGN (0x4)

.eh_frame_hdr
 *(.eh_frame_hdr)
                0x9fc00490                . = ALIGN (0x4)

.eh_frame
 *(.eh_frame)
                0x9fc00490                . = ALIGN (0x4)

.gcc_except_table
 *(.gcc_except_table .gcc_except_table.*)
                0x9fc00490                . = ALIGN (0x4)

.dbg_data       0xa0000000      0x200
                0xa0000000                . = (. + DEFINED (_DEBUGGER)?0x200:0x0)
 *fill*         0xa0000000      0x200 

.jcr            0xa0000200        0x0
 *(.jcr)
                0xa0000200                . = ALIGN (0x4)

.eh_frame
 *(.eh_frame)
                0xa0000200                . = ALIGN (0x4)

.gcc_except_table
 *(.gcc_except_table .gcc_except_table.*)
                0xa0000200                . = ALIGN (0x4)

.persist        0xa0000200        0x0
                0xa0000200                _persist_begin = .
 *(.persist .persist.*)
 *(.pbss .pbss.*)
                0xa0000200                . = ALIGN (0x4)
                0xa0000200                _persist_end = .

.data           0xa0000200        0x0
 *(.gnu.linkonce.d.*)
 *(.data1)
                0xa0000200                . = ALIGN (0x4)
                0xa0000200                . = .
                0xa00081f0                _gp = (ALIGN (0x10) + 0x7ff0)

.got            0xa0000200        0x0
 *(.got.plt)
 *(.got)
                0xa0000200                . = ALIGN (0x4)

.sdata          0xa0000200        0x8
                0xa0000200                _sdata_begin = .
 *(.sdata .sdata.* .gnu.linkonce.s.*)
 .sdata         0xa0000200        0x4 build/default/debug/_ext/1282498059/port.o
                0xa0000200                uxInterruptNesting
 .sdata         0xa0000204        0x4 build/default/debug/_ext/373060831/tasks.o
                0xa0000204                xNextTaskUnblockTime
                0xa0000208                . = ALIGN (0x4)
                0xa0000208                _sdata_end = .

.lit8
 *(.lit8)

.lit4
 *(.lit4)
                0xa0000208                . = ALIGN (0x4)
                0xa0000208                _data_end = .
                0xa0000208                _bss_begin = .

.sbss           0xa0000208       0x74
                0xa0000208                _sbss_begin = .
 *(.dynsbss)
 *(.sbss .sbss.* .gnu.linkonce.sb.*)
 .sbss          0xa0000208        0xc build/default/debug/_ext/1688732426/system_exceptions.o
 .sbss          0xa0000214        0x8 build/default/debug/_ext/1360937237/timerCallback.o
                0xa0000214                sendms
                0xa0000218                motorTick
 .sbss          0xa000021c        0x8 build/default/debug/_ext/1107379230/heap_1.o
 .sbss          0xa0000224        0x4 build/default/debug/_ext/1282498059/port.o
                0xa0000224                uxSavedTaskStackPointer
 .sbss          0xa0000228       0x2c build/default/debug/_ext/373060831/tasks.o
                0xa0000228                pxCurrentTCB
                0xa000022c                uxTasksDeleted
                0xa0000230                uxCurrentNumberOfTasks
                0xa0000234                xTickCount
                0xa0000238                uxTopReadyPriority
                0xa000023c                xSchedulerRunning
                0xa0000240                uxPendedTicks
                0xa0000244                xYieldPending
                0xa0000248                xNumOfOverflows
                0xa000024c                uxTaskNumber
                0xa0000250                uxSchedulerSuspended
 .sbss          0xa0000254       0x10 build/default/debug/_ext/373060831/timers.o
 *(.scommon)
 .scommon       0xa0000264        0x4 build/default/debug/_ext/1688732426/system_init.o
                0xa0000264                sysObj
 .scommon       0xa0000268        0x4 build/default/debug/_ext/1360937237/sender.o
                0xa0000268                global_data
 .scommon       0xa000026c        0x8 build/default/debug/_ext/482662494/sys_devcon.o
                0xa000026c                sysDevconObj
 .scommon       0xa0000274        0x8 build/default/debug/_ext/373060831/tasks.o
                0xa0000274                pxDelayedTaskList
                0xa0000278                pxOverflowDelayedTaskList
 .scommon       0xa000027c        0x0 build/default/debug/_ext/1360937237/debug.o
                0xa000027c                _sbss_end = .
                0xa000027c                . = ALIGN (0x4)

.bss            0xa000027c      0x42c
 *(.dynbss)
 *(COMMON)
 COMMON         0xa000027c      0x304 build/default/debug/_ext/1360937237/process.o
                0xa000027c                processData
 COMMON         0xa0000580       0x40 build/default/debug/_ext/1360937237/receive.o
                0xa0000580                messageBuffer
                0xa000059c                receiveData
 COMMON         0xa00005c0       0x20 build/default/debug/_ext/1360937237/send.o
                0xa00005c0                sendData
 COMMON         0xa00005e0       0xc8 build/default/debug/_ext/373060831/tasks.o
                0xa00005e0                pxReadyTasksLists
                0xa0000644                xPendingReadyList
                0xa0000658                xTasksWaitingTermination
                0xa000066c                xSuspendedTaskList
                0xa0000680                xDelayedTaskList2
                0xa0000694                xDelayedTaskList1
                0xa00006a8                . = ALIGN ((. != 0x0)?0x4:0x1)
                0xa00006a8                . = ALIGN (0x4)
                0xa00006a8                _end = .
                0xa00006a8                _bss_end = .
                0x00020000                _bmxdudba_address = 0x20000
                0x00020000                _bmxdupba_address = 0x20000

/DISCARD/
 *(.pdr)
 *(.rel.dyn)
 *(.note.GNU-stack)
 *(.note.GNU-stack)
 *(.gnu_debuglink)
 *(.gnu.lto_*)
 *(.discard)

.gptab.sdata
 *(.gptab.data)
 *(.gptab.sdata)

.gptab.sbss
 *(.gptab.bss)
 *(.gptab.sbss)

.mdebug.abi32   0xa00006a8        0x0
 *(.mdebug.abi32)
 .mdebug.abi32  0xa00006a8        0x0 c:/program files (x86)/microchip/xc32/v1.40/bin/bin/../../lib/gcc/pic32mx/4.8.3/../../../../pic32mx/lib\software-debug-break.o
 .mdebug.abi32  0xa00006a8        0x0 build/default/debug/_ext/1361460060/drv_adc_static.o
 .mdebug.abi32  0xa00006a8        0x0 build/default/debug/_ext/1345626252/drv_usart_static.o
 .mdebug.abi32  0xa00006a8        0x0 build/default/debug/_ext/639803181/sys_clk_static.o
 .mdebug.abi32  0xa00006a8        0x0 build/default/debug/_ext/822048611/sys_ports_static.o
 .mdebug.abi32  0xa00006a8        0x0 build/default/debug/_ext/1688732426/system_init.o
 .mdebug.abi32  0xa00006a8        0x0 build/default/debug/_ext/1688732426/system_exceptions.o
 .mdebug.abi32  0xa00006a8        0x0 build/default/debug/_ext/1688732426/system_tasks.o
 .mdebug.abi32  0xa00006a8        0x0 build/default/debug/_ext/1688732426/system_interrupt.o
 .mdebug.abi32  0xa00006a8        0x0 build/default/debug/_ext/1688732426/rtos_hooks.o
 .mdebug.abi32  0xa00006a8        0x0 build/default/debug/_ext/1360937237/timerCallback.o
 .mdebug.abi32  0xa00006a8        0x0 build/default/debug/_ext/1360937237/sender.o
 .mdebug.abi32  0xa00006a8        0x0 build/default/debug/_ext/1360937237/main.o
 .mdebug.abi32  0xa00006a8        0x0 build/default/debug/_ext/1360937237/process.o
 .mdebug.abi32  0xa00006a8        0x0 build/default/debug/_ext/1360937237/receive.o
 .mdebug.abi32  0xa00006a8        0x0 build/default/debug/_ext/1360937237/send.o
 .mdebug.abi32  0xa00006a8        0x0 build/default/debug/_ext/308321468/osal_freertos.o
 .mdebug.abi32  0xa00006a8        0x0 build/default/debug/_ext/482662494/sys_devcon.o
 .mdebug.abi32  0xa00006a8        0x0 build/default/debug/_ext/482662494/sys_devcon_pic32mx.o
 .mdebug.abi32  0xa00006a8        0x0 build/default/debug/_ext/1042686532/sys_int_pic32.o
 .mdebug.abi32  0xa00006a8        0x0 build/default/debug/_ext/826631961/sys_ports.o
 .mdebug.abi32  0xa00006a8        0x0 build/default/debug/_ext/1107379230/heap_1.o
 .mdebug.abi32  0xa00006a8        0x0 build/default/debug/_ext/1282498059/port.o
 .mdebug.abi32  0xa00006a8        0x0 build/default/debug/_ext/373060831/list.o
 .mdebug.abi32  0xa00006a8        0x0 build/default/debug/_ext/373060831/croutine.o
 .mdebug.abi32  0xa00006a8        0x0 build/default/debug/_ext/373060831/tasks.o
 .mdebug.abi32  0xa00006a8        0x0 build/default/debug/_ext/373060831/event_groups.o
 .mdebug.abi32  0xa00006a8        0x0 build/default/debug/_ext/373060831/timers.o
 .mdebug.abi32  0xa00006a8        0x0 build/default/debug/_ext/373060831/queue.o
 .mdebug.abi32  0xa00006a8        0x0 build/default/debug/_ext/1360937237/debug.o
 .mdebug.abi32  0xa00006a8        0x0 c:/program files (x86)/microchip/xc32/v1.40/bin/bin/../../lib/gcc/pic32mx/4.8.3/../../../../pic32mx/lib\libpic32.a(default-bootstrap-exception-handler.o)
 .mdebug.abi32  0xa00006a8        0x0 c:/program files (x86)/microchip/xc32/v1.40/bin/bin/../../lib/gcc/pic32mx/4.8.3/../../../../pic32mx/lib\libpic32.a(default-on-reset.o)
 .mdebug.abi32  0xa00006a8        0x0 c:/program files (x86)/microchip/xc32/v1.40/bin/bin/../../lib/gcc/pic32mx/4.8.3/../../../../pic32mx/lib\libpic32.a(default-on-bootstrap.o)
 .mdebug.abi32  0xa00006a8        0x0 c:/program files (x86)/microchip/xc32/v1.40/bin/bin/../../lib/gcc/pic32mx/4.8.3/../../../../pic32mx/lib\libpic32.a(defaultinterrupt.o)
 .mdebug.abi32  0xa00006a8        0x0 c:/program files (x86)/microchip/xc32/v1.40/bin/bin/../../lib/gcc/pic32mx/4.8.3/../../../../pic32mx/lib\libm.a(w_sqrtf.o)
 .mdebug.abi32  0xa00006a8        0x0 c:/program files (x86)/microchip/xc32/v1.40/bin/bin/../../lib/gcc/pic32mx/4.8.3/../../../../pic32mx/lib\libm.a(s_lib_ver.o)
 .mdebug.abi32  0xa00006a8        0x0 c:/program files (x86)/microchip/xc32/v1.40/bin/bin/../../lib/gcc/pic32mx/4.8.3/../../../../pic32mx/lib\libc.a(errno.o)
 .mdebug.abi32  0xa00006a8        0x0 c:/program files (x86)/microchip/xc32/v1.40/bin/bin/../../lib/gcc/pic32mx/4.8.3/../../../../pic32mx/lib\libc.a(strncpy.o)

.mdebug.abiN32
 *(.mdebug.abiN32)

.mdebug.abi64
 *(.mdebug.abi64)

.mdebug.abiO64
 *(.mdebug.abiO64)

.mdebug.eabi32
 *(.mdebug.eabi32)

.mdebug.eabi64
 *(.mdebug.eabi64)

.gcc_compiled_long32
 *(.gcc_compiled_long32)

.gcc_compiled_long64
 *(.gcc_compiled_long64)

.stab
 *(.stab)

.stabstr
 *(.stabstr)

.stab.excl
 *(.stab.excl)

.stab.exclstr
 *(.stab.exclstr)

.stab.index
 *(.stab.index)

.stab.indexstr
 *(.stab.indexstr)

.comment        0x00000000       0x6c
 *(.comment)
 .comment       0x00000000       0x3c c:/program files (x86)/microchip/xc32/v1.40/bin/bin/../../lib/gcc/pic32mx/4.8.3/../../../../pic32mx/lib\software-debug-break.o
                                 0x3d (size before relaxing)
 .comment       0x00000000       0x3d build/default/debug/_ext/1361460060/drv_adc_static.o
 .comment       0x00000000       0x3d build/default/debug/_ext/1345626252/drv_usart_static.o
 .comment       0x00000000       0x3d build/default/debug/_ext/639803181/sys_clk_static.o
 .comment       0x00000000       0x3d build/default/debug/_ext/822048611/sys_ports_static.o
 .comment       0x00000000       0x3d build/default/debug/_ext/1688732426/system_init.o
 .comment       0x00000000       0x3d build/default/debug/_ext/1688732426/system_exceptions.o
 .comment       0x00000000       0x3d build/default/debug/_ext/1688732426/system_tasks.o
 .comment       0x00000000       0x3d build/default/debug/_ext/1688732426/system_interrupt.o
 .comment       0x00000000       0x3d build/default/debug/_ext/1688732426/rtos_hooks.o
 .comment       0x00000000       0x3d build/default/debug/_ext/1360937237/timerCallback.o
 .comment       0x00000000       0x3d build/default/debug/_ext/1360937237/sender.o
 .comment       0x00000000       0x3d build/default/debug/_ext/1360937237/main.o
 .comment       0x00000000       0x3d build/default/debug/_ext/1360937237/process.o
 .comment       0x00000000       0x3d build/default/debug/_ext/1360937237/receive.o
 .comment       0x00000000       0x3d build/default/debug/_ext/1360937237/send.o
 .comment       0x00000000       0x3d build/default/debug/_ext/308321468/osal_freertos.o
 .comment       0x00000000       0x3d build/default/debug/_ext/482662494/sys_devcon.o
 .comment       0x00000000       0x3d build/default/debug/_ext/482662494/sys_devcon_pic32mx.o
 .comment       0x00000000       0x3d build/default/debug/_ext/1042686532/sys_int_pic32.o
 .comment       0x00000000       0x3d build/default/debug/_ext/826631961/sys_ports.o
 .comment       0x00000000       0x3d build/default/debug/_ext/1107379230/heap_1.o
 .comment       0x00000000       0x3d build/default/debug/_ext/1282498059/port.o
 .comment       0x00000000       0x3d build/default/debug/_ext/373060831/list.o
 .comment       0x00000000       0x3d build/default/debug/_ext/373060831/croutine.o
 .comment       0x00000000       0x3d build/default/debug/_ext/373060831/tasks.o
 .comment       0x00000000       0x3d build/default/debug/_ext/373060831/event_groups.o
 .comment       0x00000000       0x3d build/default/debug/_ext/373060831/timers.o
 .comment       0x00000000       0x3d build/default/debug/_ext/373060831/queue.o
 .comment       0x00000000       0x3d build/default/debug/_ext/1360937237/debug.o
 .comment       0x0000003c       0x18 c:/program files (x86)/microchip/xc32/v1.40/bin/bin/../../lib/gcc/pic32mx/4.8.3/../../../../pic32mx/lib\libpic32.a(memset.o)
                                 0x19 (size before relaxing)
 .comment       0x00000000       0x3d c:/program files (x86)/microchip/xc32/v1.40/bin/bin/../../lib/gcc/pic32mx/4.8.3/../../../../pic32mx/lib\libpic32.a(default-bootstrap-exception-handler.o)
 .comment       0x00000000       0x3d c:/program files (x86)/microchip/xc32/v1.40/bin/bin/../../lib/gcc/pic32mx/4.8.3/../../../../pic32mx/lib\libpic32.a(default-on-reset.o)
 .comment       0x00000000       0x3d c:/program files (x86)/microchip/xc32/v1.40/bin/bin/../../lib/gcc/pic32mx/4.8.3/../../../../pic32mx/lib\libpic32.a(default-on-bootstrap.o)
 .comment       0x00000054       0x18 c:/program files (x86)/microchip/xc32/v1.40/bin/bin/../../lib/gcc/pic32mx/4.8.3/../../../../pic32mx/lib\libpic32.a(memcmp.o)
                                 0x19 (size before relaxing)
 .comment       0x00000000       0x3d c:/program files (x86)/microchip/xc32/v1.40/bin/bin/../../lib/gcc/pic32mx/4.8.3/../../../../pic32mx/lib\libpic32.a(defaultinterrupt.o)
 .comment       0x00000000       0x3d c:/program files (x86)/microchip/xc32/v1.40/bin/bin/../../lib/gcc/pic32mx/4.8.3/../../../../pic32mx/lib\libm.a(w_sqrtf.o)
 .comment       0x00000000       0x3d c:/program files (x86)/microchip/xc32/v1.40/bin/bin/../../lib/gcc/pic32mx/4.8.3/../../../../pic32mx/lib\libm.a(s_lib_ver.o)
 .comment       0x00000000       0x3d c:/program files (x86)/microchip/xc32/v1.40/bin/bin/../../lib/gcc/pic32mx/4.8.3/../../../../pic32mx/lib\libc.a(errno.o)
 .comment       0x00000000       0x3d c:/program files (x86)/microchip/xc32/v1.40/bin/bin/../../lib/gcc/pic32mx/4.8.3/../../../../pic32mx/lib\libc.a(strncpy.o)

.debug
 *(.debug)

.line
 *(.line)

.debug_srcinfo
 *(.debug_srcinfo)

.debug_sfnames
 *(.debug_sfnames)

.debug_aranges  0x00000000      0xb98
 *(.debug_aranges)
 .debug_aranges
                0x00000000       0x20 c:/program files (x86)/microchip/xc32/v1.40/bin/bin/../../lib/gcc/pic32mx/4.8.3/../../../../pic32mx/lib\software-debug-break.o
 .debug_aranges
                0x00000020       0x78 build/default/debug/_ext/1361460060/drv_adc_static.o
 .debug_aranges
                0x00000098       0x38 build/default/debug/_ext/1345626252/drv_usart_static.o
 .debug_aranges
                0x000000d0       0x38 build/default/debug/_ext/639803181/sys_clk_static.o
 .debug_aranges
                0x00000108       0x20 build/default/debug/_ext/822048611/sys_ports_static.o
 .debug_aranges
                0x00000128       0x20 build/default/debug/_ext/1688732426/system_init.o
 .debug_aranges
                0x00000148       0x38 build/default/debug/_ext/1688732426/system_interrupt_a.o
 .debug_aranges
                0x00000180       0x20 build/default/debug/_ext/1688732426/system_exceptions.o
 .debug_aranges
                0x000001a0       0x40 build/default/debug/_ext/1688732426/system_tasks.o
 .debug_aranges
                0x000001e0       0x28 build/default/debug/_ext/1688732426/system_interrupt.o
 .debug_aranges
                0x00000208       0x28 build/default/debug/_ext/1688732426/rtos_hooks.o
 .debug_aranges
                0x00000230       0x30 build/default/debug/_ext/1360937237/timerCallback.o
 .debug_aranges
                0x00000260       0x40 build/default/debug/_ext/1360937237/sender.o
 .debug_aranges
                0x000002a0       0x20 build/default/debug/_ext/1360937237/main.o
 .debug_aranges
                0x000002c0       0xb8 build/default/debug/_ext/1360937237/process.o
 .debug_aranges
                0x00000378       0x58 build/default/debug/_ext/1360937237/receive.o
 .debug_aranges
                0x000003d0       0x50 build/default/debug/_ext/1360937237/send.o
 .debug_aranges
                0x00000420       0x88 build/default/debug/_ext/308321468/osal_freertos.o
 .debug_aranges
                0x000004a8       0x78 build/default/debug/_ext/482662494/sys_devcon.o
 .debug_aranges
                0x00000520       0x20 build/default/debug/_ext/482662494/sys_devcon_pic32mx.o
 .debug_aranges
                0x00000540       0x48 build/default/debug/_ext/1042686532/sys_int_pic32.o
 .debug_aranges
                0x00000588       0xf8 build/default/debug/_ext/826631961/sys_ports.o
 .debug_aranges
                0x00000680       0x38 build/default/debug/_ext/1107379230/heap_1.o
 .debug_aranges
                0x000006b8       0x20 build/default/debug/_ext/1282498059/port_asm.o
 .debug_aranges
                0x000006d8       0x58 build/default/debug/_ext/1282498059/port.o
 .debug_aranges
                0x00000730       0x40 build/default/debug/_ext/373060831/list.o
 .debug_aranges
                0x00000770       0x18 build/default/debug/_ext/373060831/croutine.o
 .debug_aranges
                0x00000788      0x1a0 build/default/debug/_ext/373060831/tasks.o
 .debug_aranges
                0x00000928       0x60 build/default/debug/_ext/373060831/event_groups.o
 .debug_aranges
                0x00000988       0x70 build/default/debug/_ext/373060831/timers.o
 .debug_aranges
                0x000009f8       0xb8 build/default/debug/_ext/373060831/queue.o
 .debug_aranges
                0x00000ab0       0x28 build/default/debug/_ext/1360937237/debug.o
 .debug_aranges
                0x00000ad8       0x20 c:/program files (x86)/microchip/xc32/v1.40/bin/bin/../../lib/gcc/pic32mx/4.8.3/../../../../pic32mx/lib\libpic32.a(default-bootstrap-exception-handler.o)
 .debug_aranges
                0x00000af8       0x20 c:/program files (x86)/microchip/xc32/v1.40/bin/bin/../../lib/gcc/pic32mx/4.8.3/../../../../pic32mx/lib\libpic32.a(default-on-reset.o)
 .debug_aranges
                0x00000b18       0x20 c:/program files (x86)/microchip/xc32/v1.40/bin/bin/../../lib/gcc/pic32mx/4.8.3/../../../../pic32mx/lib\libpic32.a(default-on-bootstrap.o)
 .debug_aranges
                0x00000b38       0x20 c:/program files (x86)/microchip/xc32/v1.40/bin/bin/../../lib/gcc/pic32mx/4.8.3/../../../../pic32mx/lib\libpic32.a(defaultinterrupt.o)
 .debug_aranges
                0x00000b58       0x20 c:/program files (x86)/microchip/xc32/v1.40/bin/bin/../../lib/gcc/pic32mx/4.8.3/../../../../pic32mx/lib\libm.a(w_sqrtf.o)
 .debug_aranges
                0x00000b78       0x20 c:/program files (x86)/microchip/xc32/v1.40/bin/bin/../../lib/gcc/pic32mx/4.8.3/../../../../pic32mx/lib\libc.a(strncpy.o)

.debug_pubnames
 *(.debug_pubnames)

.debug_info     0x00000000    0x279a8
 *(.debug_info .gnu.linkonce.wi.*)
 .debug_info    0x00000000       0xd3 c:/program files (x86)/microchip/xc32/v1.40/bin/bin/../../lib/gcc/pic32mx/4.8.3/../../../../pic32mx/lib\software-debug-break.o
 .debug_info    0x000000d3     0x3e5c build/default/debug/_ext/1361460060/drv_adc_static.o
 .debug_info    0x00003f2f     0x3368 build/default/debug/_ext/1345626252/drv_usart_static.o
 .debug_info    0x00007297     0x1181 build/default/debug/_ext/639803181/sys_clk_static.o
 .debug_info    0x00008418     0x1282 build/default/debug/_ext/822048611/sys_ports_static.o
 .debug_info    0x0000969a     0x1522 build/default/debug/_ext/1688732426/system_init.o
 .debug_info    0x0000abbc       0xab build/default/debug/_ext/1688732426/system_interrupt_a.o
 .debug_info    0x0000ac67      0xff0 build/default/debug/_ext/1688732426/system_exceptions.o
 .debug_info    0x0000bc57      0xc4c build/default/debug/_ext/1688732426/system_tasks.o
 .debug_info    0x0000c8a3     0x16be build/default/debug/_ext/1688732426/system_interrupt.o
 .debug_info    0x0000df61      0x265 build/default/debug/_ext/1688732426/rtos_hooks.o
 .debug_info    0x0000e1c6     0x10e2 build/default/debug/_ext/1360937237/timerCallback.o
 .debug_info    0x0000f2a8     0x1423 build/default/debug/_ext/1360937237/sender.o
 .debug_info    0x000106cb      0x1bb build/default/debug/_ext/1360937237/main.o
 .debug_info    0x00010886     0x2d59 build/default/debug/_ext/1360937237/process.o
 .debug_info    0x000135df     0x17d6 build/default/debug/_ext/1360937237/receive.o
 .debug_info    0x00014db5     0x2506 build/default/debug/_ext/1360937237/send.o
 .debug_info    0x000172bb      0xaba build/default/debug/_ext/308321468/osal_freertos.o
 .debug_info    0x00017d75     0x109d build/default/debug/_ext/482662494/sys_devcon.o
 .debug_info    0x00018e12      0xd67 build/default/debug/_ext/482662494/sys_devcon_pic32mx.o
 .debug_info    0x00019b79     0x15d6 build/default/debug/_ext/1042686532/sys_int_pic32.o
 .debug_info    0x0001b14f     0x326b build/default/debug/_ext/826631961/sys_ports.o
 .debug_info    0x0001e3ba      0x38c build/default/debug/_ext/1107379230/heap_1.o
 .debug_info    0x0001e746       0xcf build/default/debug/_ext/1282498059/port_asm.o
 .debug_info    0x0001e815     0x11be build/default/debug/_ext/1282498059/port.o
 .debug_info    0x0001f9d3      0x48a build/default/debug/_ext/373060831/list.o
 .debug_info    0x0001fe5d      0x181 build/default/debug/_ext/373060831/croutine.o
 .debug_info    0x0001ffde     0x2a07 build/default/debug/_ext/373060831/tasks.o
 .debug_info    0x000229e5      0xd65 build/default/debug/_ext/373060831/event_groups.o
 .debug_info    0x0002374a     0x151e build/default/debug/_ext/373060831/timers.o
 .debug_info    0x00024c68     0x1859 build/default/debug/_ext/373060831/queue.o
 .debug_info    0x000264c1     0x1046 build/default/debug/_ext/1360937237/debug.o
 .debug_info    0x00027507       0xe3 c:/program files (x86)/microchip/xc32/v1.40/bin/bin/../../lib/gcc/pic32mx/4.8.3/../../../../pic32mx/lib\libpic32.a(default-bootstrap-exception-handler.o)
 .debug_info    0x000275ea       0xbd c:/program files (x86)/microchip/xc32/v1.40/bin/bin/../../lib/gcc/pic32mx/4.8.3/../../../../pic32mx/lib\libpic32.a(default-on-reset.o)
 .debug_info    0x000276a7       0xc5 c:/program files (x86)/microchip/xc32/v1.40/bin/bin/../../lib/gcc/pic32mx/4.8.3/../../../../pic32mx/lib\libpic32.a(default-on-bootstrap.o)
 .debug_info    0x0002776c       0xd7 c:/program files (x86)/microchip/xc32/v1.40/bin/bin/../../lib/gcc/pic32mx/4.8.3/../../../../pic32mx/lib\libpic32.a(defaultinterrupt.o)
 .debug_info    0x00027843       0xad c:/program files (x86)/microchip/xc32/v1.40/bin/bin/../../lib/gcc/pic32mx/4.8.3/../../../../pic32mx/lib\libm.a(w_sqrtf.o)
 .debug_info    0x000278f0       0xb8 c:/program files (x86)/microchip/xc32/v1.40/bin/bin/../../lib/gcc/pic32mx/4.8.3/../../../../pic32mx/lib\libc.a(strncpy.o)

.debug_abbrev   0x00000000     0x3546
 *(.debug_abbrev)
 .debug_abbrev  0x00000000       0x28 c:/program files (x86)/microchip/xc32/v1.40/bin/bin/../../lib/gcc/pic32mx/4.8.3/../../../../pic32mx/lib\software-debug-break.o
 .debug_abbrev  0x00000028      0x1e4 build/default/debug/_ext/1361460060/drv_adc_static.o
 .debug_abbrev  0x0000020c      0x20f build/default/debug/_ext/1345626252/drv_usart_static.o
 .debug_abbrev  0x0000041b      0x1f8 build/default/debug/_ext/639803181/sys_clk_static.o
 .debug_abbrev  0x00000613      0x138 build/default/debug/_ext/822048611/sys_ports_static.o
 .debug_abbrev  0x0000074b      0x1dd build/default/debug/_ext/1688732426/system_init.o
 .debug_abbrev  0x00000928       0x12 build/default/debug/_ext/1688732426/system_interrupt_a.o
 .debug_abbrev  0x0000093a       0x91 build/default/debug/_ext/1688732426/system_exceptions.o
 .debug_abbrev  0x000009cb      0x149 build/default/debug/_ext/1688732426/system_tasks.o
 .debug_abbrev  0x00000b14      0x1c5 build/default/debug/_ext/1688732426/system_interrupt.o
 .debug_abbrev  0x00000cd9       0x97 build/default/debug/_ext/1688732426/rtos_hooks.o
 .debug_abbrev  0x00000d70       0xe2 build/default/debug/_ext/1360937237/timerCallback.o
 .debug_abbrev  0x00000e52      0x159 build/default/debug/_ext/1360937237/sender.o
 .debug_abbrev  0x00000fab       0x93 build/default/debug/_ext/1360937237/main.o
 .debug_abbrev  0x0000103e      0x33b build/default/debug/_ext/1360937237/process.o
 .debug_abbrev  0x00001379      0x253 build/default/debug/_ext/1360937237/receive.o
 .debug_abbrev  0x000015cc      0x2ae build/default/debug/_ext/1360937237/send.o
 .debug_abbrev  0x0000187a      0x1fe build/default/debug/_ext/308321468/osal_freertos.o
 .debug_abbrev  0x00001a78      0x2a1 build/default/debug/_ext/482662494/sys_devcon.o
 .debug_abbrev  0x00001d19      0x16d build/default/debug/_ext/482662494/sys_devcon_pic32mx.o
 .debug_abbrev  0x00001e86      0x1ea build/default/debug/_ext/1042686532/sys_int_pic32.o
 .debug_abbrev  0x00002070      0x219 build/default/debug/_ext/826631961/sys_ports.o
 .debug_abbrev  0x00002289      0x13f build/default/debug/_ext/1107379230/heap_1.o
 .debug_abbrev  0x000023c8       0x14 build/default/debug/_ext/1282498059/port_asm.o
 .debug_abbrev  0x000023dc      0x2cf build/default/debug/_ext/1282498059/port.o
 .debug_abbrev  0x000026ab       0xf1 build/default/debug/_ext/373060831/list.o
 .debug_abbrev  0x0000279c       0x1b build/default/debug/_ext/373060831/croutine.o
 .debug_abbrev  0x000027b7      0x2f9 build/default/debug/_ext/373060831/tasks.o
 .debug_abbrev  0x00002ab0      0x29a build/default/debug/_ext/373060831/event_groups.o
 .debug_abbrev  0x00002d4a      0x353 build/default/debug/_ext/373060831/timers.o
 .debug_abbrev  0x0000309d      0x2e0 build/default/debug/_ext/373060831/queue.o
 .debug_abbrev  0x0000337d       0xd9 build/default/debug/_ext/1360937237/debug.o
 .debug_abbrev  0x00003456       0x28 c:/program files (x86)/microchip/xc32/v1.40/bin/bin/../../lib/gcc/pic32mx/4.8.3/../../../../pic32mx/lib\libpic32.a(default-bootstrap-exception-handler.o)
 .debug_abbrev  0x0000347e       0x28 c:/program files (x86)/microchip/xc32/v1.40/bin/bin/../../lib/gcc/pic32mx/4.8.3/../../../../pic32mx/lib\libpic32.a(default-on-reset.o)
 .debug_abbrev  0x000034a6       0x28 c:/program files (x86)/microchip/xc32/v1.40/bin/bin/../../lib/gcc/pic32mx/4.8.3/../../../../pic32mx/lib\libpic32.a(default-on-bootstrap.o)
 .debug_abbrev  0x000034ce       0x28 c:/program files (x86)/microchip/xc32/v1.40/bin/bin/../../lib/gcc/pic32mx/4.8.3/../../../../pic32mx/lib\libpic32.a(defaultinterrupt.o)
 .debug_abbrev  0x000034f6       0x28 c:/program files (x86)/microchip/xc32/v1.40/bin/bin/../../lib/gcc/pic32mx/4.8.3/../../../../pic32mx/lib\libm.a(w_sqrtf.o)
 .debug_abbrev  0x0000351e       0x28 c:/program files (x86)/microchip/xc32/v1.40/bin/bin/../../lib/gcc/pic32mx/4.8.3/../../../../pic32mx/lib\libc.a(strncpy.o)

.debug_line     0x00000000     0x734c
 *(.debug_line)
 .debug_line    0x00000000       0x8a c:/program files (x86)/microchip/xc32/v1.40/bin/bin/../../lib/gcc/pic32mx/4.8.3/../../../../pic32mx/lib\software-debug-break.o
 .debug_line    0x0000008a      0x77f build/default/debug/_ext/1361460060/drv_adc_static.o
 .debug_line    0x00000809      0x62d build/default/debug/_ext/1345626252/drv_usart_static.o
 .debug_line    0x00000e36      0x398 build/default/debug/_ext/639803181/sys_clk_static.o
 .debug_line    0x000011ce      0x3be build/default/debug/_ext/822048611/sys_ports_static.o
 .debug_line    0x0000158c      0x4ed build/default/debug/_ext/1688732426/system_init.o
 .debug_line    0x00001a79       0xa5 build/default/debug/_ext/1688732426/system_interrupt_a.o
 .debug_line    0x00001b1e      0x155 build/default/debug/_ext/1688732426/system_exceptions.o
 .debug_line    0x00001c73      0x36e build/default/debug/_ext/1688732426/system_tasks.o
 .debug_line    0x00001fe1      0x3d4 build/default/debug/_ext/1688732426/system_interrupt.o
 .debug_line    0x000023b5      0x154 build/default/debug/_ext/1688732426/rtos_hooks.o
 .debug_line    0x00002509      0x1bd build/default/debug/_ext/1360937237/timerCallback.o
 .debug_line    0x000026c6      0x290 build/default/debug/_ext/1360937237/sender.o
 .debug_line    0x00002956       0xc9 build/default/debug/_ext/1360937237/main.o
 .debug_line    0x00002a1f      0x7a9 build/default/debug/_ext/1360937237/process.o
 .debug_line    0x000031c8      0x343 build/default/debug/_ext/1360937237/receive.o
 .debug_line    0x0000350b      0x4fe build/default/debug/_ext/1360937237/send.o
 .debug_line    0x00003a09      0x2c4 build/default/debug/_ext/308321468/osal_freertos.o
 .debug_line    0x00003ccd      0x5e7 build/default/debug/_ext/482662494/sys_devcon.o
 .debug_line    0x000042b4      0x48f build/default/debug/_ext/482662494/sys_devcon_pic32mx.o
 .debug_line    0x00004743      0x39e build/default/debug/_ext/1042686532/sys_int_pic32.o
 .debug_line    0x00004ae1      0x88b build/default/debug/_ext/826631961/sys_ports.o
 .debug_line    0x0000536c      0x220 build/default/debug/_ext/1107379230/heap_1.o
 .debug_line    0x0000558c      0x105 build/default/debug/_ext/1282498059/port_asm.o
 .debug_line    0x00005691      0x240 build/default/debug/_ext/1282498059/port.o
 .debug_line    0x000058d1      0x1e5 build/default/debug/_ext/373060831/list.o
 .debug_line    0x00005ab6       0x1d build/default/debug/_ext/373060831/croutine.o
 .debug_line    0x00005ad3      0x84f build/default/debug/_ext/373060831/tasks.o
 .debug_line    0x00006322      0x32a build/default/debug/_ext/373060831/event_groups.o
 .debug_line    0x0000664c      0x396 build/default/debug/_ext/373060831/timers.o
 .debug_line    0x000069e2      0x4ab build/default/debug/_ext/373060831/queue.o
 .debug_line    0x00006e8d      0x19d build/default/debug/_ext/1360937237/debug.o
 .debug_line    0x0000702a       0x97 c:/program files (x86)/microchip/xc32/v1.40/bin/bin/../../lib/gcc/pic32mx/4.8.3/../../../../pic32mx/lib\libpic32.a(default-bootstrap-exception-handler.o)
 .debug_line    0x000070c1       0x84 c:/program files (x86)/microchip/xc32/v1.40/bin/bin/../../lib/gcc/pic32mx/4.8.3/../../../../pic32mx/lib\libpic32.a(default-on-reset.o)
 .debug_line    0x00007145       0x88 c:/program files (x86)/microchip/xc32/v1.40/bin/bin/../../lib/gcc/pic32mx/4.8.3/../../../../pic32mx/lib\libpic32.a(default-on-bootstrap.o)
 .debug_line    0x000071cd       0x96 c:/program files (x86)/microchip/xc32/v1.40/bin/bin/../../lib/gcc/pic32mx/4.8.3/../../../../pic32mx/lib\libpic32.a(defaultinterrupt.o)
 .debug_line    0x00007263       0x78 c:/program files (x86)/microchip/xc32/v1.40/bin/bin/../../lib/gcc/pic32mx/4.8.3/../../../../pic32mx/lib\libm.a(w_sqrtf.o)
 .debug_line    0x000072db        0x0 c:/program files (x86)/microchip/xc32/v1.40/bin/bin/../../lib/gcc/pic32mx/4.8.3/../../../../pic32mx/lib\libm.a(s_lib_ver.o)
 .debug_line    0x000072db        0x0 c:/program files (x86)/microchip/xc32/v1.40/bin/bin/../../lib/gcc/pic32mx/4.8.3/../../../../pic32mx/lib\libc.a(errno.o)
 .debug_line    0x000072db       0x71 c:/program files (x86)/microchip/xc32/v1.40/bin/bin/../../lib/gcc/pic32mx/4.8.3/../../../../pic32mx/lib\libc.a(strncpy.o)

.debug_frame    0x00000000     0x1854
 *(.debug_frame)
 .debug_frame   0x00000000       0x20 c:/program files (x86)/microchip/xc32/v1.40/bin/bin/../../lib/gcc/pic32mx/4.8.3/../../../../pic32mx/lib\software-debug-break.o
 .debug_frame   0x00000020       0xd0 build/default/debug/_ext/1361460060/drv_adc_static.o
 .debug_frame   0x000000f0       0x58 build/default/debug/_ext/1345626252/drv_usart_static.o
 .debug_frame   0x00000148       0x58 build/default/debug/_ext/639803181/sys_clk_static.o
 .debug_frame   0x000001a0       0x20 build/default/debug/_ext/822048611/sys_ports_static.o
 .debug_frame   0x000001c0       0x28 build/default/debug/_ext/1688732426/system_init.o
 .debug_frame   0x000001e8       0x28 build/default/debug/_ext/1688732426/system_exceptions.o
 .debug_frame   0x00000210       0x88 build/default/debug/_ext/1688732426/system_tasks.o
 .debug_frame   0x00000298       0x38 build/default/debug/_ext/1688732426/system_interrupt.o
 .debug_frame   0x000002d0       0x40 build/default/debug/_ext/1688732426/rtos_hooks.o
 .debug_frame   0x00000310       0x58 build/default/debug/_ext/1360937237/timerCallback.o
 .debug_frame   0x00000368       0xa0 build/default/debug/_ext/1360937237/sender.o
 .debug_frame   0x00000408       0x28 build/default/debug/_ext/1360937237/main.o
 .debug_frame   0x00000430      0x228 build/default/debug/_ext/1360937237/process.o
 .debug_frame   0x00000658       0xa8 build/default/debug/_ext/1360937237/receive.o
 .debug_frame   0x00000700       0xcc build/default/debug/_ext/1360937237/send.o
 .debug_frame   0x000007cc      0x150 build/default/debug/_ext/308321468/osal_freertos.o
 .debug_frame   0x0000091c       0xe8 build/default/debug/_ext/482662494/sys_devcon.o
 .debug_frame   0x00000a04       0x28 build/default/debug/_ext/482662494/sys_devcon_pic32mx.o
 .debug_frame   0x00000a2c       0x90 build/default/debug/_ext/1042686532/sys_int_pic32.o
 .debug_frame   0x00000abc      0x1d0 build/default/debug/_ext/826631961/sys_ports.o
 .debug_frame   0x00000c8c       0x5c build/default/debug/_ext/1107379230/heap_1.o
 .debug_frame   0x00000ce8       0xc0 build/default/debug/_ext/1282498059/port.o
 .debug_frame   0x00000da8       0x60 build/default/debug/_ext/373060831/list.o
 .debug_frame   0x00000e08      0x4d4 build/default/debug/_ext/373060831/tasks.o
 .debug_frame   0x000012dc      0x108 build/default/debug/_ext/373060831/event_groups.o
 .debug_frame   0x000013e4      0x134 build/default/debug/_ext/373060831/timers.o
 .debug_frame   0x00001518      0x230 build/default/debug/_ext/373060831/queue.o
 .debug_frame   0x00001748       0x38 build/default/debug/_ext/1360937237/debug.o
 .debug_frame   0x00001780       0x2c c:/program files (x86)/microchip/xc32/v1.40/bin/bin/../../lib/gcc/pic32mx/4.8.3/../../../../pic32mx/lib\libpic32.a(default-bootstrap-exception-handler.o)
 .debug_frame   0x000017ac       0x20 c:/program files (x86)/microchip/xc32/v1.40/bin/bin/../../lib/gcc/pic32mx/4.8.3/../../../../pic32mx/lib\libpic32.a(default-on-reset.o)
 .debug_frame   0x000017cc       0x20 c:/program files (x86)/microchip/xc32/v1.40/bin/bin/../../lib/gcc/pic32mx/4.8.3/../../../../pic32mx/lib\libpic32.a(default-on-bootstrap.o)
 .debug_frame   0x000017ec       0x20 c:/program files (x86)/microchip/xc32/v1.40/bin/bin/../../lib/gcc/pic32mx/4.8.3/../../../../pic32mx/lib\libpic32.a(defaultinterrupt.o)
 .debug_frame   0x0000180c       0x28 c:/program files (x86)/microchip/xc32/v1.40/bin/bin/../../lib/gcc/pic32mx/4.8.3/../../../../pic32mx/lib\libm.a(w_sqrtf.o)
 .debug_frame   0x00001834       0x20 c:/program files (x86)/microchip/xc32/v1.40/bin/bin/../../lib/gcc/pic32mx/4.8.3/../../../../pic32mx/lib\libc.a(strncpy.o)

.debug_str      0x00000000      0x843
 *(.debug_str)
 .debug_str     0x00000000        0x0 c:/program files (x86)/microchip/xc32/v1.40/bin/bin/../../lib/gcc/pic32mx/4.8.3/../../../../pic32mx/lib\software-debug-break.o
 .debug_str     0x00000000       0x8e build/default/debug/_ext/1361460060/drv_adc_static.o
 .debug_str     0x0000008e       0x88 build/default/debug/_ext/1345626252/drv_usart_static.o
 .debug_str     0x00000116       0x39 build/default/debug/_ext/639803181/sys_clk_static.o
 .debug_str     0x0000014f       0x15 build/default/debug/_ext/822048611/sys_ports_static.o
 .debug_str     0x00000164        0xb build/default/debug/_ext/1688732426/system_init.o
 .debug_str     0x0000016f        0x0 build/default/debug/_ext/1688732426/system_exceptions.o
 .debug_str     0x0000016f        0x0 build/default/debug/_ext/1688732426/system_tasks.o
 .debug_str     0x0000016f       0x2f build/default/debug/_ext/1688732426/system_interrupt.o
 .debug_str     0x0000019e        0x9 build/default/debug/_ext/1688732426/rtos_hooks.o
 .debug_str     0x000001a7       0x2c build/default/debug/_ext/1360937237/timerCallback.o
 .debug_str     0x000001d3       0x10 build/default/debug/_ext/1360937237/sender.o
 .debug_str     0x000001e3        0x0 build/default/debug/_ext/1360937237/main.o
 .debug_str     0x000001e3       0x8a build/default/debug/_ext/1360937237/process.o
 .debug_str     0x0000026d       0x1f build/default/debug/_ext/1360937237/receive.o
 .debug_str     0x0000028c        0xd build/default/debug/_ext/1360937237/send.o
 .debug_str     0x00000299       0x40 build/default/debug/_ext/308321468/osal_freertos.o
 .debug_str     0x000002d9       0x16 build/default/debug/_ext/482662494/sys_devcon.o
 .debug_str     0x000002ef        0x6 build/default/debug/_ext/482662494/sys_devcon_pic32mx.o
 .debug_str     0x000002f5       0x2d build/default/debug/_ext/1042686532/sys_int_pic32.o
 .debug_str     0x00000322       0x98 build/default/debug/_ext/826631961/sys_ports.o
 .debug_str     0x000003ba       0x1d build/default/debug/_ext/1107379230/heap_1.o
 .debug_str     0x000003d7       0x37 build/default/debug/_ext/1282498059/port.o
 .debug_str     0x0000040e       0x2b build/default/debug/_ext/373060831/list.o
 .debug_str     0x00000439        0x0 build/default/debug/_ext/373060831/croutine.o
 .debug_str     0x00000439      0x174 build/default/debug/_ext/373060831/tasks.o
 .debug_str     0x000005ad       0xe6 build/default/debug/_ext/373060831/event_groups.o
 .debug_str     0x00000693       0xbf build/default/debug/_ext/373060831/timers.o
 .debug_str     0x00000752       0xf1 build/default/debug/_ext/373060831/queue.o
 .debug_str     0x00000843        0x0 build/default/debug/_ext/1360937237/debug.o
 .debug_str     0x00000843        0x0 c:/program files (x86)/microchip/xc32/v1.40/bin/bin/../../lib/gcc/pic32mx/4.8.3/../../../../pic32mx/lib\libpic32.a(default-bootstrap-exception-handler.o)
 .debug_str     0x00000843        0x0 c:/program files (x86)/microchip/xc32/v1.40/bin/bin/../../lib/gcc/pic32mx/4.8.3/../../../../pic32mx/lib\libpic32.a(default-on-reset.o)
 .debug_str     0x00000843        0x0 c:/program files (x86)/microchip/xc32/v1.40/bin/bin/../../lib/gcc/pic32mx/4.8.3/../../../../pic32mx/lib\libpic32.a(default-on-bootstrap.o)
 .debug_str     0x00000843        0x0 c:/program files (x86)/microchip/xc32/v1.40/bin/bin/../../lib/gcc/pic32mx/4.8.3/../../../../pic32mx/lib\libpic32.a(defaultinterrupt.o)
 .debug_str     0x00000843        0x0 c:/program files (x86)/microchip/xc32/v1.40/bin/bin/../../lib/gcc/pic32mx/4.8.3/../../../../pic32mx/lib\libm.a(w_sqrtf.o)
 .debug_str     0x00000843        0x0 c:/program files (x86)/microchip/xc32/v1.40/bin/bin/../../lib/gcc/pic32mx/4.8.3/../../../../pic32mx/lib\libm.a(s_lib_ver.o)
 .debug_str     0x00000843        0x0 c:/program files (x86)/microchip/xc32/v1.40/bin/bin/../../lib/gcc/pic32mx/4.8.3/../../../../pic32mx/lib\libc.a(errno.o)
 .debug_str     0x00000843        0x0 c:/program files (x86)/microchip/xc32/v1.40/bin/bin/../../lib/gcc/pic32mx/4.8.3/../../../../pic32mx/lib\libc.a(strncpy.o)

.debug_loc      0x00000000     0x7301
 *(.debug_loc)
 .debug_loc     0x00000000      0x111 build/default/debug/_ext/1361460060/drv_adc_static.o
 .debug_loc     0x00000111       0x5a build/default/debug/_ext/1345626252/drv_usart_static.o
 .debug_loc     0x0000016b       0x41 build/default/debug/_ext/639803181/sys_clk_static.o
 .debug_loc     0x000001ac       0x41 build/default/debug/_ext/1688732426/system_init.o
 .debug_loc     0x000001ed       0x20 build/default/debug/_ext/1688732426/system_exceptions.o
 .debug_loc     0x0000020d       0xa0 build/default/debug/_ext/1688732426/system_tasks.o
 .debug_loc     0x000002ad       0x48 build/default/debug/_ext/1688732426/system_interrupt.o
 .debug_loc     0x000002f5       0x74 build/default/debug/_ext/1688732426/rtos_hooks.o
 .debug_loc     0x00000369       0xc3 build/default/debug/_ext/1360937237/timerCallback.o
 .debug_loc     0x0000042c      0x335 build/default/debug/_ext/1360937237/sender.o
 .debug_loc     0x00000761       0x20 build/default/debug/_ext/1360937237/main.o
 .debug_loc     0x00000781     0x114a build/default/debug/_ext/1360937237/process.o
 .debug_loc     0x000018cb      0x1f9 build/default/debug/_ext/1360937237/receive.o
 .debug_loc     0x00001ac4      0x1bc build/default/debug/_ext/1360937237/send.o
 .debug_loc     0x00001c80      0x58c build/default/debug/_ext/308321468/osal_freertos.o
 .debug_loc     0x0000220c      0x150 build/default/debug/_ext/482662494/sys_devcon.o
 .debug_loc     0x0000235c      0x100 build/default/debug/_ext/482662494/sys_devcon_pic32mx.o
 .debug_loc     0x0000245c      0x10d build/default/debug/_ext/1042686532/sys_int_pic32.o
 .debug_loc     0x00002569      0xee1 build/default/debug/_ext/826631961/sys_ports.o
 .debug_loc     0x0000344a       0x69 build/default/debug/_ext/1107379230/heap_1.o
 .debug_loc     0x000034b3      0x1aa build/default/debug/_ext/1282498059/port.o
 .debug_loc     0x0000365d       0x31 build/default/debug/_ext/373060831/list.o
 .debug_loc     0x0000368e     0x195d build/default/debug/_ext/373060831/tasks.o
 .debug_loc     0x00004feb      0xa0a build/default/debug/_ext/373060831/event_groups.o
 .debug_loc     0x000059f5      0x901 build/default/debug/_ext/373060831/timers.o
 .debug_loc     0x000062f6      0xf5e build/default/debug/_ext/373060831/queue.o
 .debug_loc     0x00007254       0xad build/default/debug/_ext/1360937237/debug.o

.debug_macinfo
 *(.debug_macinfo)

.debug_weaknames
 *(.debug_weaknames)

.debug_funcnames
 *(.debug_funcnames)

.debug_typenames
 *(.debug_typenames)

.debug_varnames
 *(.debug_varnames)

.debug_pubtypes
 *(.debug_pubtypes)

.debug_ranges   0x00000000      0xbc8
 *(.debug_ranges)
 .debug_ranges  0x00000000       0x10 c:/program files (x86)/microchip/xc32/v1.40/bin/bin/../../lib/gcc/pic32mx/4.8.3/../../../../pic32mx/lib\software-debug-break.o
 .debug_ranges  0x00000010       0x68 build/default/debug/_ext/1361460060/drv_adc_static.o
 .debug_ranges  0x00000078       0x28 build/default/debug/_ext/1345626252/drv_usart_static.o
 .debug_ranges  0x000000a0       0x28 build/default/debug/_ext/639803181/sys_clk_static.o
 .debug_ranges  0x000000c8       0x10 build/default/debug/_ext/822048611/sys_ports_static.o
 .debug_ranges  0x000000d8       0x10 build/default/debug/_ext/1688732426/system_init.o
 .debug_ranges  0x000000e8       0x30 build/default/debug/_ext/1688732426/system_interrupt_a.o
 .debug_ranges  0x00000118       0x10 build/default/debug/_ext/1688732426/system_exceptions.o
 .debug_ranges  0x00000128       0x30 build/default/debug/_ext/1688732426/system_tasks.o
 .debug_ranges  0x00000158       0x18 build/default/debug/_ext/1688732426/system_interrupt.o
 .debug_ranges  0x00000170       0x18 build/default/debug/_ext/1688732426/rtos_hooks.o
 .debug_ranges  0x00000188       0x20 build/default/debug/_ext/1360937237/timerCallback.o
 .debug_ranges  0x000001a8       0x30 build/default/debug/_ext/1360937237/sender.o
 .debug_ranges  0x000001d8       0x10 build/default/debug/_ext/1360937237/main.o
 .debug_ranges  0x000001e8      0x230 build/default/debug/_ext/1360937237/process.o
 .debug_ranges  0x00000418       0x48 build/default/debug/_ext/1360937237/receive.o
 .debug_ranges  0x00000460       0x58 build/default/debug/_ext/1360937237/send.o
 .debug_ranges  0x000004b8       0x78 build/default/debug/_ext/308321468/osal_freertos.o
 .debug_ranges  0x00000530       0x68 build/default/debug/_ext/482662494/sys_devcon.o
 .debug_ranges  0x00000598       0x10 build/default/debug/_ext/482662494/sys_devcon_pic32mx.o
 .debug_ranges  0x000005a8       0x50 build/default/debug/_ext/1042686532/sys_int_pic32.o
 .debug_ranges  0x000005f8       0xe8 build/default/debug/_ext/826631961/sys_ports.o
 .debug_ranges  0x000006e0       0x28 build/default/debug/_ext/1107379230/heap_1.o
 .debug_ranges  0x00000708       0x48 build/default/debug/_ext/1282498059/port.o
 .debug_ranges  0x00000750       0x30 build/default/debug/_ext/373060831/list.o
 .debug_ranges  0x00000780      0x1a8 build/default/debug/_ext/373060831/tasks.o
 .debug_ranges  0x00000928       0x98 build/default/debug/_ext/373060831/event_groups.o
 .debug_ranges  0x000009c0       0xe8 build/default/debug/_ext/373060831/timers.o
 .debug_ranges  0x00000aa8       0xa8 build/default/debug/_ext/373060831/queue.o
 .debug_ranges  0x00000b50       0x18 build/default/debug/_ext/1360937237/debug.o
 .debug_ranges  0x00000b68       0x10 c:/program files (x86)/microchip/xc32/v1.40/bin/bin/../../lib/gcc/pic32mx/4.8.3/../../../../pic32mx/lib\libpic32.a(default-bootstrap-exception-handler.o)
 .debug_ranges  0x00000b78       0x10 c:/program files (x86)/microchip/xc32/v1.40/bin/bin/../../lib/gcc/pic32mx/4.8.3/../../../../pic32mx/lib\libpic32.a(default-on-reset.o)
 .debug_ranges  0x00000b88       0x10 c:/program files (x86)/microchip/xc32/v1.40/bin/bin/../../lib/gcc/pic32mx/4.8.3/../../../../pic32mx/lib\libpic32.a(default-on-bootstrap.o)
 .debug_ranges  0x00000b98       0x10 c:/program files (x86)/microchip/xc32/v1.40/bin/bin/../../lib/gcc/pic32mx/4.8.3/../../../../pic32mx/lib\libpic32.a(defaultinterrupt.o)
 .debug_ranges  0x00000ba8       0x10 c:/program files (x86)/microchip/xc32/v1.40/bin/bin/../../lib/gcc/pic32mx/4.8.3/../../../../pic32mx/lib\libm.a(w_sqrtf.o)
 .debug_ranges  0x00000bb8       0x10 c:/program files (x86)/microchip/xc32/v1.40/bin/bin/../../lib/gcc/pic32mx/4.8.3/../../../../pic32mx/lib\libc.a(strncpy.o)

.gnu.attributes
                0x00000000       0x10
 *(.gnu.attributes)
 .gnu.attributes
                0x00000000       0x10 c:/program files (x86)/microchip/xc32/v1.40/bin/bin/../../lib/gcc/pic32mx/4.8.3/../../../../pic32mx/lib\software-debug-break.o
 .gnu.attributes
                0x00000010       0x10 build/default/debug/_ext/1361460060/drv_adc_static.o
 .gnu.attributes
                0x00000020       0x10 build/default/debug/_ext/1345626252/drv_usart_static.o
 .gnu.attributes
                0x00000030       0x10 build/default/debug/_ext/639803181/sys_clk_static.o
 .gnu.attributes
                0x00000040       0x10 build/default/debug/_ext/822048611/sys_ports_static.o
 .gnu.attributes
                0x00000050       0x10 build/default/debug/_ext/1688732426/system_init.o
 .gnu.attributes
                0x00000060       0x10 build/default/debug/_ext/1688732426/system_exceptions.o
 .gnu.attributes
                0x00000070       0x10 build/default/debug/_ext/1688732426/system_tasks.o
 .gnu.attributes
                0x00000080       0x10 build/default/debug/_ext/1688732426/system_interrupt.o
 .gnu.attributes
                0x00000090       0x10 build/default/debug/_ext/1688732426/rtos_hooks.o
 .gnu.attributes
                0x000000a0       0x10 build/default/debug/_ext/1360937237/timerCallback.o
 .gnu.attributes
                0x000000b0       0x10 build/default/debug/_ext/1360937237/sender.o
 .gnu.attributes
                0x000000c0       0x10 build/default/debug/_ext/1360937237/main.o
 .gnu.attributes
                0x000000d0       0x10 build/default/debug/_ext/1360937237/process.o
 .gnu.attributes
                0x000000e0       0x10 build/default/debug/_ext/1360937237/receive.o
 .gnu.attributes
                0x000000f0       0x10 build/default/debug/_ext/1360937237/send.o
 .gnu.attributes
                0x00000100       0x10 build/default/debug/_ext/308321468/osal_freertos.o
 .gnu.attributes
                0x00000110       0x10 build/default/debug/_ext/482662494/sys_devcon.o
 .gnu.attributes
                0x00000120       0x10 build/default/debug/_ext/482662494/sys_devcon_pic32mx.o
 .gnu.attributes
                0x00000130       0x10 build/default/debug/_ext/1042686532/sys_int_pic32.o
 .gnu.attributes
                0x00000140       0x10 build/default/debug/_ext/826631961/sys_ports.o
 .gnu.attributes
                0x00000150       0x10 build/default/debug/_ext/1107379230/heap_1.o
 .gnu.attributes
                0x00000160       0x10 build/default/debug/_ext/1282498059/port.o
 .gnu.attributes
                0x00000170       0x10 build/default/debug/_ext/373060831/list.o
 .gnu.attributes
                0x00000180       0x10 build/default/debug/_ext/373060831/croutine.o
 .gnu.attributes
                0x00000190       0x10 build/default/debug/_ext/373060831/tasks.o
 .gnu.attributes
                0x000001a0       0x10 build/default/debug/_ext/373060831/event_groups.o
 .gnu.attributes
                0x000001b0       0x10 build/default/debug/_ext/373060831/timers.o
 .gnu.attributes
                0x000001c0       0x10 build/default/debug/_ext/373060831/queue.o
 .gnu.attributes
                0x000001d0       0x10 build/default/debug/_ext/1360937237/debug.o
 .gnu.attributes
                0x000001e0       0x10 c:/program files (x86)/microchip/xc32/v1.40/bin/bin/../../lib/gcc/pic32mx/4.8.3/../../../../pic32mx/lib\libpic32.a(default-bootstrap-exception-handler.o)
 .gnu.attributes
                0x000001f0       0x10 c:/program files (x86)/microchip/xc32/v1.40/bin/bin/../../lib/gcc/pic32mx/4.8.3/../../../../pic32mx/lib\libpic32.a(default-on-reset.o)
 .gnu.attributes
                0x00000200       0x10 c:/program files (x86)/microchip/xc32/v1.40/bin/bin/../../lib/gcc/pic32mx/4.8.3/../../../../pic32mx/lib\libpic32.a(default-on-bootstrap.o)
 .gnu.attributes
                0x00000210       0x10 c:/program files (x86)/microchip/xc32/v1.40/bin/bin/../../lib/gcc/pic32mx/4.8.3/../../../../pic32mx/lib\libpic32.a(defaultinterrupt.o)
 .gnu.attributes
                0x00000220       0x10 c:/program files (x86)/microchip/xc32/v1.40/bin/bin/../../lib/gcc/pic32mx/4.8.3/../../../../pic32mx/lib\libm.a(w_sqrtf.o)
 .gnu.attributes
                0x00000230       0x10 c:/program files (x86)/microchip/xc32/v1.40/bin/bin/../../lib/gcc/pic32mx/4.8.3/../../../../pic32mx/lib\libm.a(s_lib_ver.o)
 .gnu.attributes
                0x00000240       0x10 c:/program files (x86)/microchip/xc32/v1.40/bin/bin/../../lib/gcc/pic32mx/4.8.3/../../../../pic32mx/lib\libc.a(errno.o)
 .gnu.attributes
                0x00000250       0x10 c:/program files (x86)/microchip/xc32/v1.40/bin/bin/../../lib/gcc/pic32mx/4.8.3/../../../../pic32mx/lib\libc.a(strncpy.o)
LOAD c:/program files (x86)/microchip/xc32/v1.40/bin/bin/../../lib/gcc/pic32mx/4.8.3\libgcc.a
START GROUP
LOAD c:/program files (x86)/microchip/xc32/v1.40/bin/bin/../../lib/gcc/pic32mx/4.8.3/../../../../pic32mx/lib\libpic32.a
LOAD c:/program files (x86)/microchip/xc32/v1.40/bin/bin/../../lib/gcc/pic32mx/4.8.3/../../../../pic32mx/lib\libdebug.a
LOAD c:/program files (x86)/microchip/xc32/v1.40/bin/bin/../../lib/gcc/pic32mx/4.8.3/../../../../pic32mx/lib\libpic32.a
LOAD c:/program files (x86)/microchip/xc32/v1.40/bin/bin/../../lib/gcc/pic32mx/4.8.3/../../../../pic32mx/lib\libm.a
LOAD c:/program files (x86)/microchip/xc32/v1.40/bin/bin/../../lib/gcc/pic32mx/4.8.3/../../../../pic32mx/lib\libe.a
LOAD c:/program files (x86)/microchip/xc32/v1.40/bin/bin/../../lib/gcc/pic32mx/4.8.3/../../../../pic32mx/lib\libdsp.a
LOAD c:/program files (x86)/microchip/xc32/v1.40/bin/bin/../../lib/gcc/pic32mx/4.8.3\libgcc.a
LOAD c:/program files (x86)/microchip/xc32/v1.40/bin/bin/../../lib/gcc/pic32mx/4.8.3/../../../../pic32mx/lib\libc.a
LOAD c:/program files (x86)/microchip/xc32/v1.40/bin/bin/../../lib/gcc/pic32mx/4.8.3/../../../../pic32mx/lib\libpic32.a
END GROUP
LOAD c:/program files (x86)/microchip/xc32/v1.40/bin/bin/../../lib/gcc/pic32mx/4.8.3\libgcc.a
OUTPUT(dist/default/debug/coordinator.X.debug.elf elf32-tradlittlemips)
LOAD stack
LOAD data_init

.reginfo        0x00000000       0x18
 .reginfo       0x00000000       0x18 c:/program files (x86)/microchip/xc32/v1.40/bin/bin/../../lib/gcc/pic32mx/4.8.3/../../../../pic32mx/lib/./proc/32MX795F512L/crt0_mips32r2.o

.stack          0xa0019e80      0x400
 .stack         0xa0019e80      0x400 stack

.bss            0xa00006a8    0x19640
 .bss           0xa00006a8    0x19000 build/default/debug/_ext/1107379230/heap_1.o
 .bss           0xa00196a8      0x640 build/default/debug/_ext/1282498059/port.o
                0xa00196a8                xISRStack

.data           0xa0019ce8      0x14c
 .data          0xa0019ce8      0x100 c:/program files (x86)/microchip/xc32/v1.40/bin/bin/../../lib/gcc/pic32mx/4.8.3/../../../../pic32mx/lib\libm.a(fpexatan.o)
 .data          0xa0019de8       0x4c build/default/debug/_ext/1688732426/system_exceptions.o

.bss            0xa0019e34       0x28
 .bss           0xa0019e34       0x28 build/default/debug/_ext/373060831/timers.o

.data.math_errhandling_flag
                0xa0019e5c        0x4
 .data.math_errhandling_flag
                0xa0019e5c        0x4 c:/program files (x86)/microchip/xc32/v1.40/bin/bin/../../lib/gcc/pic32mx/4.8.3/../../../../pic32mx/lib\libm.a(s_lib_ver.o)
                0xa0019e5c                math_errhandling

.bss.errno      0xa0019e60        0x4
 .bss.errno     0xa0019e60        0x4 c:/program files (x86)/microchip/xc32/v1.40/bin/bin/../../lib/gcc/pic32mx/4.8.3/../../../../pic32mx/lib\libc.a(errno.o)
                0xa0019e60                errno

.text.PROCESS_Tasks
                0x9d000000      0xec4
 .text.PROCESS_Tasks
                0x9d000000      0xec4 build/default/debug/_ext/1360937237/process.o
                0x9d000000                PROCESS_Tasks

.text.distanceToObstacle
                0x9d000ec4      0x59c
 .text.distanceToObstacle
                0x9d000ec4      0x59c build/default/debug/_ext/1360937237/process.o
                0x9d000ec4                distanceToObstacle

.text           0x9d001460      0x454
 .text          0x9d001460      0x454 build/default/debug/_ext/1282498059/port_asm.o
                0x9d001460                vPortTickInterruptHandler
                0x9d00160c                vPortStartFirstTask
                0x9d0016d4                vPortYieldISR

.text.libm      0x9d0018b4      0x350
 .text.libm     0x9d0018b4      0x350 c:/program files (x86)/microchip/xc32/v1.40/bin/bin/../../lib/gcc/pic32mx/4.8.3/../../../../pic32mx/lib\libm.a(fpexatan.o)
                0x9d0018b4                fpexatan

.text.fpsubadd  0x9d001c04      0x278
 .text.fpsubadd
                0x9d001c04      0x278 c:/program files (x86)/microchip/xc32/v1.40/bin/bin/../../lib/gcc/pic32mx/4.8.3/../../../../pic32mx/lib\libm.a(fp32subadd.o)
                0x9d001c04                __subsf3
                0x9d001c04                fpsub
                0x9d001c0c                __addsf3
                0x9d001c0c                fpadd

.text.processFindRoverData
                0x9d001e7c      0x264
 .text.processFindRoverData
                0x9d001e7c      0x264 build/default/debug/_ext/1360937237/process.o
                0x9d001e7c                processFindRoverData

.text.prvTimerTask
                0x9d0020e0      0x264
 .text.prvTimerTask
                0x9d0020e0      0x264 build/default/debug/_ext/373060831/timers.o

.text.xQueueGenericReceive
                0x9d002344      0x24c
 .text.xQueueGenericReceive
                0x9d002344      0x24c build/default/debug/_ext/373060831/queue.o
                0x9d002344                xQueueGenericReceive

.dinit          0x9d002590      0x240
 .dinit         0x9d002590      0x240 data_init

.text.fp32div   0x9d0027d0      0x230
 .text.fp32div  0x9d0027d0      0x230 c:/program files (x86)/microchip/xc32/v1.40/bin/bin/../../lib/gcc/pic32mx/4.8.3/../../../../pic32mx/lib\libm.a(fp32div.o)
                0x9d0027d0                fpdiv
                0x9d0027d0                __divsf3

.text.xQueueGenericSend
                0x9d002a00      0x208
 .text.xQueueGenericSend
                0x9d002a00      0x208 build/default/debug/_ext/373060831/queue.o
                0x9d002a00                xQueueGenericSend

.text.RECEIVE_Initialize
                0x9d002c08      0x1cc
 .text.RECEIVE_Initialize
                0x9d002c08      0x1cc build/default/debug/_ext/1360937237/receive.o
                0x9d002c08                RECEIVE_Initialize

.text.xTaskGenericCreate
                0x9d002dd4      0x1c0
 .text.xTaskGenericCreate
                0x9d002dd4      0x1c0 build/default/debug/_ext/373060831/tasks.o
                0x9d002dd4                xTaskGenericCreate

.text.fp32mul   0x9d002f94      0x1bc
 .text.fp32mul  0x9d002f94      0x1bc c:/program files (x86)/microchip/xc32/v1.40/bin/bin/../../lib/gcc/pic32mx/4.8.3/../../../../pic32mx/lib\libm.a(fp32mul.o)
                0x9d002f94                __mulsf3
                0x9d002f94                fpmul

.DrvAdc_vector_text
                0x9d003150      0x1b4
 .DrvAdc_vector_text
                0x9d003150      0x1b4 build/default/debug/_ext/1688732426/system_interrupt_a.o

.DrvUsartInstance0_vector_text
                0x9d003304      0x1b4
 .DrvUsartInstance0_vector_text
                0x9d003304      0x1b4 build/default/debug/_ext/1688732426/system_interrupt_a.o

.text.processMoveRoverTurn
                0x9d0034b8      0x1ac
 .text.processMoveRoverTurn
                0x9d0034b8      0x1ac build/default/debug/_ext/1360937237/process.o
                0x9d0034b8                processMoveRoverTurn

.text.libm      0x9d003664      0x1ac
 .text.libm     0x9d003664      0x1ac c:/program files (x86)/microchip/xc32/v1.40/bin/bin/../../lib/gcc/pic32mx/4.8.3/../../../../pic32mx/lib\libm.a(fpsqrt32.o)
                0x9d003664                __mchp_sqrtf
                0x9d003664                fpsqrt

.text.xTaskIncrementTick
                0x9d003810      0x19c
 .text.xTaskIncrementTick
                0x9d003810      0x19c build/default/debug/_ext/373060831/tasks.o
                0x9d003810                xTaskIncrementTick

.text.atan2_custom
                0x9d0039ac      0x190
 .text.atan2_custom
                0x9d0039ac      0x190 build/default/debug/_ext/1360937237/process.o
                0x9d0039ac                atan2_custom

.text           0x9d003b3c      0x168
 .text          0x9d003b3c      0x168 c:/program files (x86)/microchip/xc32/v1.40/bin/bin/../../lib/gcc/pic32mx/4.8.3/../../../../pic32mx/lib\libpic32.a(memcpy.o)
                0x9d003b3c                memcpy

.text.processMapDataMsg
                0x9d003ca4      0x164
 .text.processMapDataMsg
                0x9d003ca4      0x164 build/default/debug/_ext/1360937237/process.o
                0x9d003ca4                processMapDataMsg

.text.xTaskResumeAll
                0x9d003e08      0x154
 .text.xTaskResumeAll
                0x9d003e08      0x154 build/default/debug/_ext/373060831/tasks.o
                0x9d003e08                xTaskResumeAll
